******************************************************************************
                  TI ARM Linker PC v20.2.7                     
******************************************************************************
>> Linked Mon Mar 18 17:17:40 2024

OUTPUT FILE NAME:   <Helicopter_M1.out>
ENTRY POINT SYMBOL: "_c_int00_noargs"  address: 00002ec5


MEMORY CONFIGURATION

         name            origin    length      used     unused   attr    fill
----------------------  --------  ---------  --------  --------  ----  --------
  FLASH                 00000000   00040000  0000361e  0003c9e2  R  X
  SRAM                  20000000   00008000  000007f3  0000780d  RW X


SEGMENT ALLOCATION MAP

run origin  load origin   length   init length attrs members
----------  ----------- ---------- ----------- ----- -------
00000000    00000000    00003620   00003620    r-x
  00000000    00000000    0000026c   0000026c    r-- .intvecs
  0000026c    0000026c    00002eba   00002eba    r-x .text
  00003128    00003128    000004b0   000004b0    r-- .const
  000035d8    000035d8    00000048   00000048    r-- .cinit
20000000    20000000    000007f8   00000000    rw-
  20000000    20000000    0000026c   00000000    rw- .vtable
  2000026c    2000026c    00000361   00000000    rw- .bss
  200005d0    200005d0    00000200   00000000    rw- .stack
  200007d0    200007d0    00000016   00000000    rw- .data
  200007e8    200007e8    00000010   00000000    rw- .sysmem


SECTION ALLOCATION MAP

 output                                  attributes/
section   page    origin      length       input sections
--------  ----  ----------  ----------   ----------------
.intvecs   0    00000000    0000026c     
                  00000000    0000026c     tm4c123gh6pm_startup_ccs.obj (.intvecs)

.text      0    0000026c    00002eba     
                  0000026c    00000c84     ustdlib.obj (.text)
                  00000ef0    00000950     OrbitOledGrph.obj (.text)
                  00001840    0000037c     OrbitOled.obj (.text)
                  00001bbc    000002b8     milestone1.obj (.text)
                  00001e74    00000220     buttons4.obj (.text)
                  00002094    00000204     OrbitOledChar.obj (.text)
                  00002298    0000016c     driverlib.lib : gpio.obj (.text:GPIOPadConfigSet)
                  00002404    00000118                   : sysctl.obj (.text:SysCtlClockGet)
                  0000251c    00000100     rtsv7M4_T_le_v4SPD16_eabi.lib : memory.c.obj (.text:aligned_alloc)
                  0000261c    000000f4     driverlib.lib : sysctl.obj (.text:SysCtlClockSet)
                  00002710    000000e4     rtsv7M4_T_le_v4SPD16_eabi.lib : memory.c.obj (.text:free)
                  000027f4    000000b8     circBufT.obj (.text)
                  000028ac    0000009c     rtsv7M4_T_le_v4SPD16_eabi.lib : memcpy_t2.asm.obj (.text)
                  00002948    0000007a     driverlib.lib : adc.obj (.text:ADCSequenceStepConfigure)
                  000029c2    0000007a     rtsv7M4_T_le_v4SPD16_eabi.lib : memset_t2.asm.obj (.text)
                  00002a3c    00000070                                   : memory.c.obj (.text:split)
                  00002aac    00000068     driverlib.lib : interrupt.obj (.text:IntEnable)
                  00002b14    00000068     rtsv7M4_T_le_v4SPD16_eabi.lib : copy_decompress_lzss.c.obj (.text:decompress:lzss:__TI_decompress_lzss)
                  00002b7c    00000060     driverlib.lib : timer.obj (.text:TimerConfigure)
                  00002bdc    0000005c     delay.obj (.text)
                  00002c38    00000050     driverlib.lib : adc.obj (.text:_ADCIntNumberGet)
                  00002c88    0000004c                   : adc.obj (.text:ADCSequenceConfigure)
                  00002cd4    0000004c                   : gpio.obj (.text:GPIOPinConfigure)
                  00002d20    00000044     OrbitOLEDInterface.obj (.text)
                  00002d64    00000044     rtsv7M4_T_le_v4SPD16_eabi.lib : autoinit.c.obj (.text:__TI_auto_init_nobinit_nopinit:__TI_auto_init_nobinit_nopinit)
                  00002da8    00000040                                   : u_divt2.asm.obj (.text)
                  00002de8    0000003c     driverlib.lib : ssi.obj (.text:SSIConfigSetExpClk)
                  00002e24    00000038     rtsv7M4_T_le_v4SPD16_eabi.lib : memory.c.obj (.text:calloc)
                  00002e5c    00000034     driverlib.lib : interrupt.obj (.text:IntRegister)
                  00002e90    00000034                   : sysctl.obj (.text:SysCtlPeripheralEnable)
                  00002ec4    00000034     rtsv7M4_T_le_v4SPD16_eabi.lib : boot_cortex_m.c.obj (.text:_c_int00_noargs:_c_int00_noargs)
                  00002ef8    0000002c     driverlib.lib : gpio.obj (.text:GPIODirModeSet)
                  00002f24    00000028     rtsv7M4_T_le_v4SPD16_eabi.lib : memory.c.obj (.text:free_list_insert)
                  00002f4c    0000001e     driverlib.lib : adc.obj (.text:ADCSequenceDataGet)
                  00002f6a    00000002     rtsv7M4_T_le_v4SPD16_eabi.lib : _lock.c.obj (.text:_nop)
                  00002f6c    0000001c     driverlib.lib : systick.obj (.text:SysTickIntRegister)
                  00002f88    0000001c     rtsv7M4_T_le_v4SPD16_eabi.lib : memory.c.obj (.text:free_list_remove)
                  00002fa4    0000001a     driverlib.lib : gpio.obj (.text:GPIOPinTypeGPIOOutput)
                  00002fbe    00000018                   : adc.obj (.text:ADCIntRegister)
                  00002fd6    00000018                   : adc.obj (.text:ADCProcessorTrigger)
                  00002fee    00000016                   : gpio.obj (.text:GPIOPinTypeGPIOInput)
                  00003004    00000016                   : gpio.obj (.text:GPIOPinTypeSSI)
                  0000301a    00000002     rtsv7M4_T_le_v4SPD16_eabi.lib : div0.asm.obj (.text)
                  0000301c    00000014     driverlib.lib : systick.obj (.text:SysTickEnable)
                  00003030    00000014                   : systick.obj (.text:SysTickIntEnable)
                  00003044    00000010                   : adc.obj (.text:ADCIntEnable)
                  00003054    00000010                   : interrupt.obj (.text:IntMasterEnable)
                  00003064    00000010                   : systick.obj (.text:SysTickPeriodSet)
                  00003074    0000000e                   : adc.obj (.text:ADCSequenceEnable)
                  00003082    0000000e                   : timer.obj (.text:TimerEnable)
                  00003090    0000000e     rtsv7M4_T_le_v4SPD16_eabi.lib : copy_decompress_none.c.obj (.text:decompress:none:__TI_decompress_none)
                  0000309e    0000000c     driverlib.lib : cpu.obj (.text:CPUcpsie)
                  000030aa    0000000c                   : ssi.obj (.text:SSIDataGet)
                  000030b6    0000000c     rtsv7M4_T_le_v4SPD16_eabi.lib : copy_zero_init.c.obj (.text:decompress:ZI:__TI_zero_init)
                  000030c2    0000000c     tm4c123gh6pm_startup_ccs.obj (.text)
                  000030ce    0000000a     driverlib.lib : adc.obj (.text:ADCIntClear)
                  000030d8    0000000a                   : ssi.obj (.text:SSIDataPut)
                  000030e2    0000000a                   : ssi.obj (.text:SSIEnable)
                  000030ec    0000000a                   : timer.obj (.text:TimerValueGet)
                  000030f6    00000008                   : ssi.obj (.text:SSIBusy)
                  000030fe    00000008     rtsv7M4_T_le_v4SPD16_eabi.lib : memory.c.obj (.text:malloc)
                  00003106    00000006     driverlib.lib : gpio.obj (.text:GPIOPinRead)
                  0000310c    00000006                   : gpio.obj (.text:GPIOPinWrite)
                  00003112    00000006                   : ssi.obj (.text:SSIClockSourceSet)
                  00003118    00000006                   : sysctl.obj (.text:SysCtlDelay)
                  0000311e    00000004     rtsv7M4_T_le_v4SPD16_eabi.lib : pre_init.c.obj (.text:_system_pre_init)
                  00003122    00000004                                   : exit.c.obj (.text:abort:abort)

.const     0    00003128    000004b0     
                  00003128    00000300     ChrFont0.obj (.const:.string:rgbOledFont0)
                  00003428    00000090     driverlib.lib : gpio.obj (.const:g_pui32GPIOBaseAddrs)
                  000034b8    0000006c                   : sysctl.obj (.const:g_pui32Xtals)
                  00003524    00000040     FillPat.obj (.const:.string:rgbFillPat)
                  00003564    00000030     ustdlib.obj (.const:g_psDaysToMonth)
                  00003594    00000018     ustdlib.obj (.const:g_pfExponents)
                  000035ac    00000014     driverlib.lib : interrupt.obj (.const:g_pui32EnRegs)
                  000035c0    00000012     ustdlib.obj (.const:.string)
                  000035d2    00000002     --HOLE-- [fill = 0]
                  000035d4    00000004     ustdlib.obj (.const)

.cinit     0    000035d8    00000048     
                  000035d8    00000010     (.cinit..data.load) [load image, compression = lzss]
                  000035e8    0000000c     (__TI_handler_table)
                  000035f4    00000004     --HOLE-- [fill = 0]
                  000035f8    00000008     (.cinit..bss.load) [load image, compression = zero_init]
                  00003600    00000008     (.cinit..vtable.load) [load image, compression = zero_init]
                  00003608    00000018     (__TI_cinit_table)

.init_array 
*          0    00000000    00000000     UNINITIALIZED

.vtable    0    20000000    0000026c     UNINITIALIZED
                  20000000    0000026c     driverlib.lib : interrupt.obj (.vtable)

.bss       0    2000026c    00000361     UNINITIALIZED
                  2000026c    00000200     (.common:rgbOledBmp)
                  2000046c    00000100     (.common:rgbOledFontUser)
                  2000056c    00000010     milestone1.obj (.bss:g_inBuffer)
                  2000057c    00000004     buttons4.obj (.bss:but_count)
                  20000580    00000004     buttons4.obj (.bss:but_flag)
                  20000584    00000004     buttons4.obj (.bss:but_normal)
                  20000588    00000004     buttons4.obj (.bss:but_state)
                  2000058c    00000004     (.common:bnOledCur)
                  20000590    00000004     (.common:dxcoOledFontCur)
                  20000594    00000004     (.common:dycoOledFontCur)
                  20000598    00000004     (.common:fOledCharUpdate)
                  2000059c    00000004     (.common:modOledCur)
                  200005a0    00000004     (.common:pbOledCur)
                  200005a4    00000004     (.common:pbOledFontCur)
                  200005a8    00000004     (.common:pbOledFontUser)
                  200005ac    00000004     (.common:pbOledPatCur)
                  200005b0    00000004     (.common:pfnDoRop)
                  200005b4    00000004     (.common:xchOledCur)
                  200005b8    00000004     (.common:xchOledMax)
                  200005bc    00000004     (.common:xcoOledCur)
                  200005c0    00000004     (.common:ychOledCur)
                  200005c4    00000004     (.common:ychOledMax)
                  200005c8    00000004     (.common:ycoOledCur)
                  200005cc    00000001     (.common:clrOledCur)

.stack     0    200005d0    00000200     UNINITIALIZED
                  200005d0    00000004     rtsv7M4_T_le_v4SPD16_eabi.lib : boot_cortex_m.c.obj (.stack)
                  200005d4    000001fc     --HOLE--

.data      0    200007d0    00000016     UNINITIALIZED
                  200007d0    00000008     rtsv7M4_T_le_v4SPD16_eabi.lib : _lock.c.obj (.data:$O1$$)
                  200007d8    00000008                                   : memory.c.obj (.data:$O1$$)
                  200007e0    00000004     ustdlib.obj (.data)
                  200007e4    00000002     milestone1.obj (.data)

.sysmem    0    200007e8    00000010     UNINITIALIZED
                  200007e8    00000010     rtsv7M4_T_le_v4SPD16_eabi.lib : memory.c.obj (.sysmem)

__llvm_prf_cnts 
*          0    20000000    00000000     UNINITIALIZED

MODULE SUMMARY

       Module                         code    ro data   rw data
       ------                         ----    -------   -------
    .\
       ustdlib.obj                    3204    94        4      
       milestone1.obj                 696     0         18     
       tm4c123gh6pm_startup_ccs.obj   12      620       0      
       buttons4.obj                   544     0         16     
       circBufT.obj                   184     0         0      
    +--+------------------------------+-------+---------+---------+
       Total:                         4640    714       38     
                                                               
    .\OrbitOLED\
       OrbitOLEDInterface.obj         68      0         0      
    +--+------------------------------+-------+---------+---------+
       Total:                         68      0         0      
                                                               
    .\OrbitOLED\lib_OrbitOled\
       OrbitOledGrph.obj              2384    0         8      
       OrbitOled.obj                  892     0         553    
       OrbitOledChar.obj              516     0         272    
       ChrFont0.obj                   0       768       0      
       delay.obj                      92      0         0      
       FillPat.obj                    0       64        0      
    +--+------------------------------+-------+---------+---------+
       Total:                         3884    832       833    
                                                               
    C:/ti/TivaWare_C_Series-2.2.0.295/driverlib/ccs/Debug/driverlib.lib
       interrupt.obj                  172     20        620    
       gpio.obj                       566     144       0      
       sysctl.obj                     582     108       0      
       adc.obj                        396     0         0      
       timer.obj                      120     0         0      
       ssi.obj                        106     0         0      
       systick.obj                    84      0         0      
       cpu.obj                        12      0         0      
    +--+------------------------------+-------+---------+---------+
       Total:                         2038    272       620    
                                                               
    C:\ti\ccs1250\ccs\tools\compiler\ti-cgt-arm_20.2.7.LTS\lib\rtsv7M4_T_le_v4SPD16_eabi.lib
       memory.c.obj                   728     0         8      
       memcpy_t2.asm.obj              156     0         0      
       memset_t2.asm.obj              122     0         0      
       copy_decompress_lzss.c.obj     104     0         0      
       autoinit.c.obj                 68      0         0      
       u_divt2.asm.obj                64      0         0      
       boot_cortex_m.c.obj            52      0         0      
       copy_decompress_none.c.obj     14      0         0      
       copy_zero_init.c.obj           12      0         0      
       _lock.c.obj                    2       0         8      
       exit.c.obj                     4       0         0      
       pre_init.c.obj                 4       0         0      
       div0.asm.obj                   2       0         0      
    +--+------------------------------+-------+---------+---------+
       Total:                         1332    0         16     
                                                               
       Heap:                          0       0         16     
       Stack:                         0       0         512    
       Linker Generated:              0       68        0      
    +--+------------------------------+-------+---------+---------+
       Grand Total:                   11962   1886      2035   


LINKER GENERATED COPY TABLES

__TI_cinit_table @ 00003608 records: 3, size/record: 8, table size: 24
	.data: load addr=000035d8, load size=00000010 bytes, run addr=200007d0, run size=00000016 bytes, compression=lzss
	.bss: load addr=000035f8, load size=00000008 bytes, run addr=2000026c, run size=00000361 bytes, compression=zero_init
	.vtable: load addr=00003600, load size=00000008 bytes, run addr=20000000, run size=0000026c bytes, compression=zero_init


LINKER GENERATED HANDLER TABLE

__TI_handler_table @ 000035e8 records: 3, size/record: 4, table size: 12
	index: 0, handler: __TI_zero_init
	index: 1, handler: __TI_decompress_lzss
	index: 2, handler: __TI_decompress_none


GLOBAL SYMBOLS: SORTED ALPHABETICALLY BY Name 

address   name                          
-------   ----                          
000030cf  ADCIntClear                   
00003045  ADCIntEnable                  
00001bed  ADCIntHandler                 
00002fbf  ADCIntRegister                
00002fd7  ADCProcessorTrigger           
00002c89  ADCSequenceConfigure          
00002f4d  ADCSequenceDataGet            
00003075  ADCSequenceEnable             
00002949  ADCSequenceStepConfigure      
00003123  C$$EXIT                       
0000309f  CPUcpsie                      
00002bdd  DelayInit                     
00002bf7  DelayMs                       
00002ef9  GPIODirModeSet                
00002299  GPIOPadConfigSet              
00002cd5  GPIOPinConfigure              
00003107  GPIOPinRead                   
00002fef  GPIOPinTypeGPIOInput          
00002fa5  GPIOPinTypeGPIOOutput         
00003005  GPIOPinTypeSSI                
0000310d  GPIOPinWrite                  
00002aad  IntEnable                     
00003055  IntMasterEnable               
00002e5d  IntRegister                   
00002d47  OLEDInitialise                
00002d21  OLEDStringDraw                
0000222d  OrbitOledAdvanceCursor        
000017e1  OrbitOledClampXco             
00001801  OrbitOledClampYco             
00001a1d  OrbitOledClear                
00001a29  OrbitOledClearBuffer          
000020fd  OrbitOledDefUserChar          
00001999  OrbitOledDevInit              
00001623  OrbitOledDrawChar             
000021b5  OrbitOledDrawGlyph            
00000fe7  OrbitOledDrawPixel            
0000112d  OrbitOledDrawRect             
00001683  OrbitOledDrawString           
0000191f  OrbitOledDvrInit              
000011b1  OrbitOledFillRect             
000012f5  OrbitOledGetBmp               
00002165  OrbitOledGetCharUpdate        
000020e1  OrbitOledGetCursor            
00000fe1  OrbitOledGetDrawMode          
00001013  OrbitOledGetPixel             
00000f37  OrbitOledGetPos               
00000f6b  OrbitOledGetStdPattern        
00001855  OrbitOledHostInit             
00001841  OrbitOledInit                 
0000102d  OrbitOledLineTo               
00001779  OrbitOledMoveDown             
000017af  OrbitOledMoveLeft             
000017c7  OrbitOledMoveRight            
00000ef1  OrbitOledMoveTo               
00001741  OrbitOledMoveUp               
00001455  OrbitOledPutBmp               
00001ab3  OrbitOledPutBuffer            
0000216b  OrbitOledPutChar              
00002189  OrbitOledPutString            
000016ef  OrbitOledRopAnd               
000016cb  OrbitOledRopOr                
000016a1  OrbitOledRopSet               
00001713  OrbitOledRopXor               
0000214d  OrbitOledSetCharUpdate        
00002095  OrbitOledSetCursor            
00000f53  OrbitOledSetDrawColor         
00000f8d  OrbitOledSetDrawMode          
00000f7d  OrbitOledSetFillPattern       
00001a59  OrbitOledUpdate               
000030c3  ResetISR                      
000030f7  SSIBusy                       
00003113  SSIClockSourceSet             
00002de9  SSIConfigSetExpClk            
000030ab  SSIDataGet                    
000030d9  SSIDataPut                    
000030e3  SSIEnable                     
00001b19  Ssi3PutByte                   
00002405  SysCtlClockGet                
0000261d  SysCtlClockSet                
00003119  SysCtlDelay                   
00002e91  SysCtlPeripheralEnable        
0000301d  SysTickEnable                 
00003031  SysTickIntEnable              
00001bbd  SysTickIntHandler             
00002f6d  SysTickIntRegister            
00003065  SysTickPeriodSet              
00002b7d  TimerConfigure                
00003083  TimerEnable                   
000030ed  TimerValueGet                 
200007d0  __STACK_END                   
00000200  __STACK_SIZE                  
200007d0  __STACK_TOP                   
00000010  __SYSMEM_SIZE                 
00003608  __TI_CINIT_Base               
00003620  __TI_CINIT_Limit              
000035e8  __TI_Handler_Table_Base       
000035f4  __TI_Handler_Table_Limit      
00002d65  __TI_auto_init_nobinit_nopinit
00002b15  __TI_decompress_lzss          
00003091  __TI_decompress_none          
ffffffff  __TI_pprof_out_hndl           
ffffffff  __TI_prof_data_size           
ffffffff  __TI_prof_data_start          
00000000  __TI_static_base__            
000030b7  __TI_zero_init                
0000301b  __aeabi_idiv0                 
0000301b  __aeabi_ldiv0                 
000029c3  __aeabi_memclr                
000029c3  __aeabi_memclr4               
000029c3  __aeabi_memclr8               
000028ad  __aeabi_memcpy                
000028ad  __aeabi_memcpy4               
000028ad  __aeabi_memcpy8               
000029c5  __aeabi_memset                
000029c5  __aeabi_memset4               
000029c5  __aeabi_memset8               
00002da9  __aeabi_uidiv                 
00002da9  __aeabi_uidivmod              
ffffffff  __binit__                     
ffffffff  __c_args__                    
UNDEFED   __mpu_init                    
200005d0  __stack                       
20000000  __start___llvm_prf_cnts       
20000000  __stop___llvm_prf_cnts        
00002ec5  _c_int00_noargs               
200007d0  _lock                         
00002f6b  _nop                          
200007e8  _sys_memory                   
UNDEFED   _system_post_cinit            
0000311f  _system_pre_init              
200007d4  _unlock                       
00003123  abort                         
0000251d  aligned_alloc                 
ffffffff  binit                         
2000058c  bnOledCur                     
00001d51  calculateMeanVal              
00002e25  calloc                        
00002017  checkButton                   
00001c81  clearDisplay                  
200005cc  clrOledCur                    
00001cb1  displayValue                  
20000590  dxcoOledFontCur               
20000594  dycoOledFontCur               
20000598  fOledCharUpdate               
00002711  free                          
00002887  freeCircBuf                   
20000000  g_pfnRAMVectors               
00000000  g_pfnVectors                  
00001c35  initADC                       
00001e75  initButtons                   
000027f5  initCircBuf                   
00001c2b  initClock                     
00001c79  initDisplay                   
00001c0b  initSysTick                   
00001d93  main                          
000030ff  malloc                        
0000251d  memalign                      
000028ad  memcpy                        
000029cb  memset                        
2000059c  modOledCur                    
200005a0  pbOledCur                     
200005a4  pbOledFontCur                 
200005a8  pbOledFontUser                
200005ac  pbOledPatCur                  
200005b0  pfnDoRop                      
00002853  readCircBuf                   
00003524  rgbFillPat                    
2000026c  rgbOledBmp                    
00003128  rgbOledFont0                  
2000046c  rgbOledFontUser               
200007e4  slowTick                      
00000751  ulocaltime                    
0000094f  umktime                       
00001f43  updateButtons                 
00000ec9  urand                         
00000721  usnprintf                     
000006ef  usprintf                      
00000eb9  usrand                        
00000e31  ustrcasecmp                   
00000ea5  ustrcmp                       
00000d35  ustrlen                       
00000d8d  ustrncasecmp                  
00000e45  ustrncmp                      
0000026d  ustrncpy                      
00000d57  ustrstr                       
00000afd  ustrtof                       
000009c5  ustrtoul                      
000002c5  uvsnprintf                    
0000281f  writeCircBuf                  
200005b4  xchOledCur                    
200005b8  xchOledMax                    
200005bc  xcoOledCur                    
200005c0  ychOledCur                    
200005c4  ychOledMax                    
200005c8  ycoOledCur                    


GLOBAL SYMBOLS: SORTED BY Symbol Address 

address   name                          
-------   ----                          
00000000  __TI_static_base__            
00000000  g_pfnVectors                  
00000010  __SYSMEM_SIZE                 
00000200  __STACK_SIZE                  
0000026d  ustrncpy                      
000002c5  uvsnprintf                    
000006ef  usprintf                      
00000721  usnprintf                     
00000751  ulocaltime                    
0000094f  umktime                       
000009c5  ustrtoul                      
00000afd  ustrtof                       
00000d35  ustrlen                       
00000d57  ustrstr                       
00000d8d  ustrncasecmp                  
00000e31  ustrcasecmp                   
00000e45  ustrncmp                      
00000ea5  ustrcmp                       
00000eb9  usrand                        
00000ec9  urand                         
00000ef1  OrbitOledMoveTo               
00000f37  OrbitOledGetPos               
00000f53  OrbitOledSetDrawColor         
00000f6b  OrbitOledGetStdPattern        
00000f7d  OrbitOledSetFillPattern       
00000f8d  OrbitOledSetDrawMode          
00000fe1  OrbitOledGetDrawMode          
00000fe7  OrbitOledDrawPixel            
00001013  OrbitOledGetPixel             
0000102d  OrbitOledLineTo               
0000112d  OrbitOledDrawRect             
000011b1  OrbitOledFillRect             
000012f5  OrbitOledGetBmp               
00001455  OrbitOledPutBmp               
00001623  OrbitOledDrawChar             
00001683  OrbitOledDrawString           
000016a1  OrbitOledRopSet               
000016cb  OrbitOledRopOr                
000016ef  OrbitOledRopAnd               
00001713  OrbitOledRopXor               
00001741  OrbitOledMoveUp               
00001779  OrbitOledMoveDown             
000017af  OrbitOledMoveLeft             
000017c7  OrbitOledMoveRight            
000017e1  OrbitOledClampXco             
00001801  OrbitOledClampYco             
00001841  OrbitOledInit                 
00001855  OrbitOledHostInit             
0000191f  OrbitOledDvrInit              
00001999  OrbitOledDevInit              
00001a1d  OrbitOledClear                
00001a29  OrbitOledClearBuffer          
00001a59  OrbitOledUpdate               
00001ab3  OrbitOledPutBuffer            
00001b19  Ssi3PutByte                   
00001bbd  SysTickIntHandler             
00001bed  ADCIntHandler                 
00001c0b  initSysTick                   
00001c2b  initClock                     
00001c35  initADC                       
00001c79  initDisplay                   
00001c81  clearDisplay                  
00001cb1  displayValue                  
00001d51  calculateMeanVal              
00001d93  main                          
00001e75  initButtons                   
00001f43  updateButtons                 
00002017  checkButton                   
00002095  OrbitOledSetCursor            
000020e1  OrbitOledGetCursor            
000020fd  OrbitOledDefUserChar          
0000214d  OrbitOledSetCharUpdate        
00002165  OrbitOledGetCharUpdate        
0000216b  OrbitOledPutChar              
00002189  OrbitOledPutString            
000021b5  OrbitOledDrawGlyph            
0000222d  OrbitOledAdvanceCursor        
00002299  GPIOPadConfigSet              
00002405  SysCtlClockGet                
0000251d  aligned_alloc                 
0000251d  memalign                      
0000261d  SysCtlClockSet                
00002711  free                          
000027f5  initCircBuf                   
0000281f  writeCircBuf                  
00002853  readCircBuf                   
00002887  freeCircBuf                   
000028ad  __aeabi_memcpy                
000028ad  __aeabi_memcpy4               
000028ad  __aeabi_memcpy8               
000028ad  memcpy                        
00002949  ADCSequenceStepConfigure      
000029c3  __aeabi_memclr                
000029c3  __aeabi_memclr4               
000029c3  __aeabi_memclr8               
000029c5  __aeabi_memset                
000029c5  __aeabi_memset4               
000029c5  __aeabi_memset8               
000029cb  memset                        
00002aad  IntEnable                     
00002b15  __TI_decompress_lzss          
00002b7d  TimerConfigure                
00002bdd  DelayInit                     
00002bf7  DelayMs                       
00002c89  ADCSequenceConfigure          
00002cd5  GPIOPinConfigure              
00002d21  OLEDStringDraw                
00002d47  OLEDInitialise                
00002d65  __TI_auto_init_nobinit_nopinit
00002da9  __aeabi_uidiv                 
00002da9  __aeabi_uidivmod              
00002de9  SSIConfigSetExpClk            
00002e25  calloc                        
00002e5d  IntRegister                   
00002e91  SysCtlPeripheralEnable        
00002ec5  _c_int00_noargs               
00002ef9  GPIODirModeSet                
00002f4d  ADCSequenceDataGet            
00002f6b  _nop                          
00002f6d  SysTickIntRegister            
00002fa5  GPIOPinTypeGPIOOutput         
00002fbf  ADCIntRegister                
00002fd7  ADCProcessorTrigger           
00002fef  GPIOPinTypeGPIOInput          
00003005  GPIOPinTypeSSI                
0000301b  __aeabi_idiv0                 
0000301b  __aeabi_ldiv0                 
0000301d  SysTickEnable                 
00003031  SysTickIntEnable              
00003045  ADCIntEnable                  
00003055  IntMasterEnable               
00003065  SysTickPeriodSet              
00003075  ADCSequenceEnable             
00003083  TimerEnable                   
00003091  __TI_decompress_none          
0000309f  CPUcpsie                      
000030ab  SSIDataGet                    
000030b7  __TI_zero_init                
000030c3  ResetISR                      
000030cf  ADCIntClear                   
000030d9  SSIDataPut                    
000030e3  SSIEnable                     
000030ed  TimerValueGet                 
000030f7  SSIBusy                       
000030ff  malloc                        
00003107  GPIOPinRead                   
0000310d  GPIOPinWrite                  
00003113  SSIClockSourceSet             
00003119  SysCtlDelay                   
0000311f  _system_pre_init              
00003123  C$$EXIT                       
00003123  abort                         
00003128  rgbOledFont0                  
00003524  rgbFillPat                    
000035e8  __TI_Handler_Table_Base       
000035f4  __TI_Handler_Table_Limit      
00003608  __TI_CINIT_Base               
00003620  __TI_CINIT_Limit              
20000000  __start___llvm_prf_cnts       
20000000  __stop___llvm_prf_cnts        
20000000  g_pfnRAMVectors               
2000026c  rgbOledBmp                    
2000046c  rgbOledFontUser               
2000058c  bnOledCur                     
20000590  dxcoOledFontCur               
20000594  dycoOledFontCur               
20000598  fOledCharUpdate               
2000059c  modOledCur                    
200005a0  pbOledCur                     
200005a4  pbOledFontCur                 
200005a8  pbOledFontUser                
200005ac  pbOledPatCur                  
200005b0  pfnDoRop                      
200005b4  xchOledCur                    
200005b8  xchOledMax                    
200005bc  xcoOledCur                    
200005c0  ychOledCur                    
200005c4  ychOledMax                    
200005c8  ycoOledCur                    
200005cc  clrOledCur                    
200005d0  __stack                       
200007d0  __STACK_END                   
200007d0  __STACK_TOP                   
200007d0  _lock                         
200007d4  _unlock                       
200007e4  slowTick                      
200007e8  _sys_memory                   
ffffffff  __TI_pprof_out_hndl           
ffffffff  __TI_prof_data_size           
ffffffff  __TI_prof_data_start          
ffffffff  __binit__                     
ffffffff  __c_args__                    
ffffffff  binit                         
UNDEFED   __mpu_init                    
UNDEFED   _system_post_cinit            

[195 symbols]
