******************************************************************************
                  TI ARM Linker PC v20.2.7                     
******************************************************************************
>> Linked Mon Apr 29 16:55:06 2024

OUTPUT FILE NAME:   <Helicopter_M1.out>
ENTRY POINT SYMBOL: "_c_int00_noargs"  address: 00002e49


MEMORY CONFIGURATION

         name            origin    length      used     unused   attr    fill
----------------------  --------  ---------  --------  --------  ----  --------
  FLASH                 00000000   00040000  000035a2  0003ca5e  R  X
  SRAM                  20000000   00008000  000007f3  0000780d  RW X


SEGMENT ALLOCATION MAP

run origin  load origin   length   init length attrs members
----------  ----------- ---------- ----------- ----- -------
00000000    00000000    000035a8   000035a8    r-x
  00000000    00000000    0000026c   0000026c    r-- .intvecs
  0000026c    0000026c    00002e3e   00002e3e    r-x .text
  000030ac    000030ac    000004b0   000004b0    r-- .const
  00003560    00003560    00000048   00000048    r-- .cinit
20000000    20000000    000007f8   00000000    rw-
  20000000    20000000    0000026c   00000000    rw- .vtable
  2000026c    2000026c    00000361   00000000    rw- .bss
  200005d0    200005d0    00000200   00000000    rw- .stack
  200007d0    200007d0    00000016   00000000    rw- .data
  200007e8    200007e8    00000010   00000000    rw- .sysmem


SECTION ALLOCATION MAP

 output                                  attributes/
section   page    origin      length       input sections
--------  ----  ----------  ----------   ----------------
.intvecs   0    00000000    0000026c     
                  00000000    0000026c     tm4c123gh6pm_startup_ccs.obj (.intvecs)

.text      0    0000026c    00002e3e     
                  0000026c    00000c84     ustdlib.obj (.text)
                  00000ef0    00000950     OrbitOledGrph.obj (.text)
                  00001840    0000037c     OrbitOled.obj (.text)
                  00001bbc    00000220     buttons4.obj (.text)
                  00001ddc    00000204     OrbitOledChar.obj (.text)
                  00001fe0    0000016c     driverlib.lib : gpio.obj (.text:GPIOPadConfigSet)
                  0000214c    00000118                   : sysctl.obj (.text:SysCtlClockGet)
                  00002264    00000100     rtsv7M4_T_le_v4SPD16_eabi.lib : memory.c.obj (.text:aligned_alloc)
                  00002364    000000f4     driverlib.lib : sysctl.obj (.text:SysCtlClockSet)
                  00002458    000000e4     rtsv7M4_T_le_v4SPD16_eabi.lib : memory.c.obj (.text:free)
                  0000253c    000000d8     Altitude.obj (.text)
                  00002614    000000d0     milestone1.obj (.text)
                  000026e4    000000b8     circBufT.obj (.text)
                  0000279c    0000009c     rtsv7M4_T_le_v4SPD16_eabi.lib : memcpy_t2.asm.obj (.text)
                  00002838    00000094     Display.obj (.text)
                  000028cc    0000007a     driverlib.lib : adc.obj (.text:ADCSequenceStepConfigure)
                  00002946    0000007a     rtsv7M4_T_le_v4SPD16_eabi.lib : memset_t2.asm.obj (.text)
                  000029c0    00000070                                   : memory.c.obj (.text:split)
                  00002a30    00000068     driverlib.lib : interrupt.obj (.text:IntEnable)
                  00002a98    00000068     rtsv7M4_T_le_v4SPD16_eabi.lib : copy_decompress_lzss.c.obj (.text:decompress:lzss:__TI_decompress_lzss)
                  00002b00    00000060     driverlib.lib : timer.obj (.text:TimerConfigure)
                  00002b60    0000005c     delay.obj (.text)
                  00002bbc    00000050     driverlib.lib : adc.obj (.text:_ADCIntNumberGet)
                  00002c0c    0000004c                   : adc.obj (.text:ADCSequenceConfigure)
                  00002c58    0000004c                   : gpio.obj (.text:GPIOPinConfigure)
                  00002ca4    00000044     OrbitOLEDInterface.obj (.text)
                  00002ce8    00000044     rtsv7M4_T_le_v4SPD16_eabi.lib : autoinit.c.obj (.text:__TI_auto_init_nobinit_nopinit:__TI_auto_init_nobinit_nopinit)
                  00002d2c    00000040                                   : u_divt2.asm.obj (.text)
                  00002d6c    0000003c     driverlib.lib : ssi.obj (.text:SSIConfigSetExpClk)
                  00002da8    00000038     rtsv7M4_T_le_v4SPD16_eabi.lib : memory.c.obj (.text:calloc)
                  00002de0    00000034     driverlib.lib : interrupt.obj (.text:IntRegister)
                  00002e14    00000034                   : sysctl.obj (.text:SysCtlPeripheralEnable)
                  00002e48    00000034     rtsv7M4_T_le_v4SPD16_eabi.lib : boot_cortex_m.c.obj (.text:_c_int00_noargs:_c_int00_noargs)
                  00002e7c    0000002c     driverlib.lib : gpio.obj (.text:GPIODirModeSet)
                  00002ea8    00000028     rtsv7M4_T_le_v4SPD16_eabi.lib : memory.c.obj (.text:free_list_insert)
                  00002ed0    0000001e     driverlib.lib : adc.obj (.text:ADCSequenceDataGet)
                  00002eee    00000002     rtsv7M4_T_le_v4SPD16_eabi.lib : _lock.c.obj (.text:_nop)
                  00002ef0    0000001c     driverlib.lib : systick.obj (.text:SysTickIntRegister)
                  00002f0c    0000001c     rtsv7M4_T_le_v4SPD16_eabi.lib : memory.c.obj (.text:free_list_remove)
                  00002f28    0000001a     driverlib.lib : gpio.obj (.text:GPIOPinTypeGPIOOutput)
                  00002f42    00000018                   : adc.obj (.text:ADCIntRegister)
                  00002f5a    00000018                   : adc.obj (.text:ADCProcessorTrigger)
                  00002f72    00000016                   : gpio.obj (.text:GPIOPinTypeGPIOInput)
                  00002f88    00000016                   : gpio.obj (.text:GPIOPinTypeSSI)
                  00002f9e    00000002     rtsv7M4_T_le_v4SPD16_eabi.lib : div0.asm.obj (.text)
                  00002fa0    00000014     driverlib.lib : systick.obj (.text:SysTickEnable)
                  00002fb4    00000014                   : systick.obj (.text:SysTickIntEnable)
                  00002fc8    00000010                   : adc.obj (.text:ADCIntEnable)
                  00002fd8    00000010                   : interrupt.obj (.text:IntMasterEnable)
                  00002fe8    00000010                   : systick.obj (.text:SysTickPeriodSet)
                  00002ff8    0000000e                   : adc.obj (.text:ADCSequenceEnable)
                  00003006    0000000e                   : timer.obj (.text:TimerEnable)
                  00003014    0000000e     rtsv7M4_T_le_v4SPD16_eabi.lib : copy_decompress_none.c.obj (.text:decompress:none:__TI_decompress_none)
                  00003022    0000000c     driverlib.lib : cpu.obj (.text:CPUcpsie)
                  0000302e    0000000c                   : ssi.obj (.text:SSIDataGet)
                  0000303a    0000000c     rtsv7M4_T_le_v4SPD16_eabi.lib : copy_zero_init.c.obj (.text:decompress:ZI:__TI_zero_init)
                  00003046    0000000c     tm4c123gh6pm_startup_ccs.obj (.text)
                  00003052    0000000a     driverlib.lib : adc.obj (.text:ADCIntClear)
                  0000305c    0000000a                   : ssi.obj (.text:SSIDataPut)
                  00003066    0000000a                   : ssi.obj (.text:SSIEnable)
                  00003070    0000000a                   : timer.obj (.text:TimerValueGet)
                  0000307a    00000008                   : ssi.obj (.text:SSIBusy)
                  00003082    00000008     rtsv7M4_T_le_v4SPD16_eabi.lib : memory.c.obj (.text:malloc)
                  0000308a    00000006     driverlib.lib : gpio.obj (.text:GPIOPinRead)
                  00003090    00000006                   : gpio.obj (.text:GPIOPinWrite)
                  00003096    00000006                   : ssi.obj (.text:SSIClockSourceSet)
                  0000309c    00000006                   : sysctl.obj (.text:SysCtlDelay)
                  000030a2    00000004     rtsv7M4_T_le_v4SPD16_eabi.lib : pre_init.c.obj (.text:_system_pre_init)
                  000030a6    00000004                                   : exit.c.obj (.text:abort:abort)

.const     0    000030ac    000004b0     
                  000030ac    00000300     ChrFont0.obj (.const:.string:rgbOledFont0)
                  000033ac    00000090     driverlib.lib : gpio.obj (.const:g_pui32GPIOBaseAddrs)
                  0000343c    0000006c                   : sysctl.obj (.const:g_pui32Xtals)
                  000034a8    00000040     FillPat.obj (.const:.string:rgbFillPat)
                  000034e8    00000030     ustdlib.obj (.const:g_psDaysToMonth)
                  00003518    00000018     ustdlib.obj (.const:g_pfExponents)
                  00003530    00000014     driverlib.lib : interrupt.obj (.const:g_pui32EnRegs)
                  00003544    00000012     ustdlib.obj (.const:.string)
                  00003556    00000002     --HOLE-- [fill = 0]
                  00003558    00000004     ustdlib.obj (.const)

.cinit     0    00003560    00000048     
                  00003560    00000010     (.cinit..data.load) [load image, compression = lzss]
                  00003570    0000000c     (__TI_handler_table)
                  0000357c    00000004     --HOLE-- [fill = 0]
                  00003580    00000008     (.cinit..bss.load) [load image, compression = zero_init]
                  00003588    00000008     (.cinit..vtable.load) [load image, compression = zero_init]
                  00003590    00000018     (__TI_cinit_table)

.init_array 
*          0    00000000    00000000     UNINITIALIZED

.vtable    0    20000000    0000026c     UNINITIALIZED
                  20000000    0000026c     driverlib.lib : interrupt.obj (.vtable)

.bss       0    2000026c    00000361     UNINITIALIZED
                  2000026c    00000200     (.common:rgbOledBmp)
                  2000046c    00000100     (.common:rgbOledFontUser)
                  2000056c    00000010     Altitude.obj (.bss:g_inBuffer)
                  2000057c    00000004     buttons4.obj (.bss:but_count)
                  20000580    00000004     buttons4.obj (.bss:but_flag)
                  20000584    00000004     buttons4.obj (.bss:but_normal)
                  20000588    00000004     buttons4.obj (.bss:but_state)
                  2000058c    00000004     (.common:bnOledCur)
                  20000590    00000004     (.common:dxcoOledFontCur)
                  20000594    00000004     (.common:dycoOledFontCur)
                  20000598    00000004     (.common:fOledCharUpdate)
                  2000059c    00000004     (.common:modOledCur)
                  200005a0    00000004     (.common:pbOledCur)
                  200005a4    00000004     (.common:pbOledFontCur)
                  200005a8    00000004     (.common:pbOledFontUser)
                  200005ac    00000004     (.common:pbOledPatCur)
                  200005b0    00000004     (.common:pfnDoRop)
                  200005b4    00000004     (.common:xchOledCur)
                  200005b8    00000004     (.common:xchOledMax)
                  200005bc    00000004     (.common:xcoOledCur)
                  200005c0    00000004     (.common:ychOledCur)
                  200005c4    00000004     (.common:ychOledMax)
                  200005c8    00000004     (.common:ycoOledCur)
                  200005cc    00000001     (.common:clrOledCur)

.stack     0    200005d0    00000200     UNINITIALIZED
                  200005d0    00000004     rtsv7M4_T_le_v4SPD16_eabi.lib : boot_cortex_m.c.obj (.stack)
                  200005d4    000001fc     --HOLE--

.data      0    200007d0    00000016     UNINITIALIZED
                  200007d0    00000008     rtsv7M4_T_le_v4SPD16_eabi.lib : _lock.c.obj (.data:$O1$$)
                  200007d8    00000008                                   : memory.c.obj (.data:$O1$$)
                  200007e0    00000004     ustdlib.obj (.data)
                  200007e4    00000002     milestone1.obj (.data)

.sysmem    0    200007e8    00000010     UNINITIALIZED
                  200007e8    00000010     rtsv7M4_T_le_v4SPD16_eabi.lib : memory.c.obj (.sysmem)

__llvm_prf_cnts 
*          0    20000000    00000000     UNINITIALIZED

MODULE SUMMARY

       Module                         code    ro data   rw data
       ------                         ----    -------   -------
    .\
       ustdlib.obj                    3204    94        4      
       tm4c123gh6pm_startup_ccs.obj   12      620       0      
       buttons4.obj                   544     0         16     
       Altitude.obj                   216     0         16     
       milestone1.obj                 208     0         2      
       circBufT.obj                   184     0         0      
       Display.obj                    148     0         0      
    +--+------------------------------+-------+---------+---------+
       Total:                         4516    714       38     
                                                               
    .\OrbitOLED\
       OrbitOLEDInterface.obj         68      0         0      
    +--+------------------------------+-------+---------+---------+
       Total:                         68      0         0      
                                                               
    .\OrbitOLED\lib_OrbitOled\
       OrbitOledGrph.obj              2384    0         8      
       OrbitOled.obj                  892     0         553    
       OrbitOledChar.obj              516     0         272    
       ChrFont0.obj                   0       768       0      
       delay.obj                      92      0         0      
       FillPat.obj                    0       64        0      
    +--+------------------------------+-------+---------+---------+
       Total:                         3884    832       833    
                                                               
    C:/ti/TivaWare_C_Series-2.2.0.295/driverlib/ccs/Debug/driverlib.lib
       interrupt.obj                  172     20        620    
       gpio.obj                       566     144       0      
       sysctl.obj                     582     108       0      
       adc.obj                        396     0         0      
       timer.obj                      120     0         0      
       ssi.obj                        106     0         0      
       systick.obj                    84      0         0      
       cpu.obj                        12      0         0      
    +--+------------------------------+-------+---------+---------+
       Total:                         2038    272       620    
                                                               
    C:\ti\ccs1250\ccs\tools\compiler\ti-cgt-arm_20.2.7.LTS\lib\rtsv7M4_T_le_v4SPD16_eabi.lib
       memory.c.obj                   728     0         8      
       memcpy_t2.asm.obj              156     0         0      
       memset_t2.asm.obj              122     0         0      
       copy_decompress_lzss.c.obj     104     0         0      
       autoinit.c.obj                 68      0         0      
       u_divt2.asm.obj                64      0         0      
       boot_cortex_m.c.obj            52      0         0      
       copy_decompress_none.c.obj     14      0         0      
       copy_zero_init.c.obj           12      0         0      
       _lock.c.obj                    2       0         8      
       exit.c.obj                     4       0         0      
       pre_init.c.obj                 4       0         0      
       div0.asm.obj                   2       0         0      
    +--+------------------------------+-------+---------+---------+
       Total:                         1332    0         16     
                                                               
       Heap:                          0       0         16     
       Stack:                         0       0         512    
       Linker Generated:              0       68        0      
    +--+------------------------------+-------+---------+---------+
       Grand Total:                   11838   1886      2035   


LINKER GENERATED COPY TABLES

__TI_cinit_table @ 00003590 records: 3, size/record: 8, table size: 24
	.data: load addr=00003560, load size=00000010 bytes, run addr=200007d0, run size=00000016 bytes, compression=lzss
	.bss: load addr=00003580, load size=00000008 bytes, run addr=2000026c, run size=00000361 bytes, compression=zero_init
	.vtable: load addr=00003588, load size=00000008 bytes, run addr=20000000, run size=0000026c bytes, compression=zero_init


LINKER GENERATED HANDLER TABLE

__TI_handler_table @ 00003570 records: 3, size/record: 4, table size: 12
	index: 0, handler: __TI_zero_init
	index: 1, handler: __TI_decompress_lzss
	index: 2, handler: __TI_decompress_none


GLOBAL SYMBOLS: SORTED ALPHABETICALLY BY Name 

address   name                          
-------   ----                          
00003053  ADCIntClear                   
00002fc9  ADCIntEnable                  
00002581  ADCIntHandler                 
00002f43  ADCIntRegister                
00002f5b  ADCProcessorTrigger           
00002c0d  ADCSequenceConfigure          
00002ed1  ADCSequenceDataGet            
00002ff9  ADCSequenceEnable             
000028cd  ADCSequenceStepConfigure      
000030a7  C$$EXIT                       
00003023  CPUcpsie                      
00002b61  DelayInit                     
00002b7b  DelayMs                       
00002e7d  GPIODirModeSet                
00001fe1  GPIOPadConfigSet              
00002c59  GPIOPinConfigure              
0000308b  GPIOPinRead                   
00002f73  GPIOPinTypeGPIOInput          
00002f29  GPIOPinTypeGPIOOutput         
00002f89  GPIOPinTypeSSI                
00003091  GPIOPinWrite                  
00002a31  IntEnable                     
00002fd9  IntMasterEnable               
00002de1  IntRegister                   
00002ccb  OLEDInitialise                
00002ca5  OLEDStringDraw                
00001f75  OrbitOledAdvanceCursor        
000017e1  OrbitOledClampXco             
00001801  OrbitOledClampYco             
00001a1d  OrbitOledClear                
00001a29  OrbitOledClearBuffer          
00001e45  OrbitOledDefUserChar          
00001999  OrbitOledDevInit              
00001623  OrbitOledDrawChar             
00001efd  OrbitOledDrawGlyph            
00000fe7  OrbitOledDrawPixel            
0000112d  OrbitOledDrawRect             
00001683  OrbitOledDrawString           
0000191f  OrbitOledDvrInit              
000011b1  OrbitOledFillRect             
000012f5  OrbitOledGetBmp               
00001ead  OrbitOledGetCharUpdate        
00001e29  OrbitOledGetCursor            
00000fe1  OrbitOledGetDrawMode          
00001013  OrbitOledGetPixel             
00000f37  OrbitOledGetPos               
00000f6b  OrbitOledGetStdPattern        
00001855  OrbitOledHostInit             
00001841  OrbitOledInit                 
0000102d  OrbitOledLineTo               
00001779  OrbitOledMoveDown             
000017af  OrbitOledMoveLeft             
000017c7  OrbitOledMoveRight            
00000ef1  OrbitOledMoveTo               
00001741  OrbitOledMoveUp               
00001455  OrbitOledPutBmp               
00001ab3  OrbitOledPutBuffer            
00001eb3  OrbitOledPutChar              
00001ed1  OrbitOledPutString            
000016ef  OrbitOledRopAnd               
000016cb  OrbitOledRopOr                
000016a1  OrbitOledRopSet               
00001713  OrbitOledRopXor               
00001e95  OrbitOledSetCharUpdate        
00001ddd  OrbitOledSetCursor            
00000f53  OrbitOledSetDrawColor         
00000f8d  OrbitOledSetDrawMode          
00000f7d  OrbitOledSetFillPattern       
00001a59  OrbitOledUpdate               
00003047  ResetISR                      
0000307b  SSIBusy                       
00003097  SSIClockSourceSet             
00002d6d  SSIConfigSetExpClk            
0000302f  SSIDataGet                    
0000305d  SSIDataPut                    
00003067  SSIEnable                     
00001b19  Ssi3PutByte                   
0000214d  SysCtlClockGet                
00002365  SysCtlClockSet                
0000309d  SysCtlDelay                   
00002e15  SysCtlPeripheralEnable        
00002fa1  SysTickEnable                 
00002fb5  SysTickIntEnable              
00002615  SysTickIntHandler             
00002ef1  SysTickIntRegister            
00002fe9  SysTickPeriodSet              
00002b01  TimerConfigure                
00003007  TimerEnable                   
00003071  TimerValueGet                 
200007d0  __STACK_END                   
00000200  __STACK_SIZE                  
200007d0  __STACK_TOP                   
00000010  __SYSMEM_SIZE                 
00003590  __TI_CINIT_Base               
000035a8  __TI_CINIT_Limit              
00003570  __TI_Handler_Table_Base       
0000357c  __TI_Handler_Table_Limit      
00002ce9  __TI_auto_init_nobinit_nopinit
00002a99  __TI_decompress_lzss          
00003015  __TI_decompress_none          
ffffffff  __TI_pprof_out_hndl           
ffffffff  __TI_prof_data_size           
ffffffff  __TI_prof_data_start          
00000000  __TI_static_base__            
0000303b  __TI_zero_init                
00002f9f  __aeabi_idiv0                 
00002f9f  __aeabi_ldiv0                 
00002947  __aeabi_memclr                
00002947  __aeabi_memclr4               
00002947  __aeabi_memclr8               
0000279d  __aeabi_memcpy                
0000279d  __aeabi_memcpy4               
0000279d  __aeabi_memcpy8               
00002949  __aeabi_memset                
00002949  __aeabi_memset4               
00002949  __aeabi_memset8               
00002d2d  __aeabi_uidiv                 
00002d2d  __aeabi_uidivmod              
ffffffff  __binit__                     
ffffffff  __c_args__                    
UNDEFED   __mpu_init                    
200005d0  __stack                       
20000000  __start___llvm_prf_cnts       
20000000  __stop___llvm_prf_cnts        
00002e49  _c_int00_noargs               
200007d0  _lock                         
00002eef  _nop                          
200007e8  _sys_memory                   
UNDEFED   _system_post_cinit            
000030a3  _system_pre_init              
200007d4  _unlock                       
000030a7  abort                         
00002265  aligned_alloc                 
ffffffff  binit                         
2000058c  bnOledCur                     
0000259f  calculateMeanAltVal           
00002da9  calloc                        
00001d5f  checkButton                   
00002841  clearDisplay                  
200005cc  clrOledCur                    
00002871  displayAlt                    
20000590  dxcoOledFontCur               
20000594  dycoOledFontCur               
20000598  fOledCharUpdate               
00002459  free                          
00002777  freeCircBuf                   
20000000  g_pfnRAMVectors               
00000000  g_pfnVectors                  
000025e1  getAltPercent                 
0000253d  initADC                       
00001bbd  initButtons                   
000026e5  initCircBuf                   
00002665  initClock                     
00002839  initDisplay                   
00002645  initSysTick                   
0000266f  main                          
00003083  malloc                        
00002265  memalign                      
0000279d  memcpy                        
0000294f  memset                        
2000059c  modOledCur                    
200005a0  pbOledCur                     
200005a4  pbOledFontCur                 
200005a8  pbOledFontUser                
200005ac  pbOledPatCur                  
200005b0  pfnDoRop                      
00002743  readCircBuf                   
000034a8  rgbFillPat                    
2000026c  rgbOledBmp                    
000030ac  rgbOledFont0                  
2000046c  rgbOledFontUser               
200007e4  slowTick                      
00000751  ulocaltime                    
0000094f  umktime                       
00001c8b  updateButtons                 
00000ec9  urand                         
00000721  usnprintf                     
000006ef  usprintf                      
00000eb9  usrand                        
00000e31  ustrcasecmp                   
00000ea5  ustrcmp                       
00000d35  ustrlen                       
00000d8d  ustrncasecmp                  
00000e45  ustrncmp                      
0000026d  ustrncpy                      
00000d57  ustrstr                       
00000afd  ustrtof                       
000009c5  ustrtoul                      
000002c5  uvsnprintf                    
0000270f  writeCircBuf                  
200005b4  xchOledCur                    
200005b8  xchOledMax                    
200005bc  xcoOledCur                    
200005c0  ychOledCur                    
200005c4  ychOledMax                    
200005c8  ycoOledCur                    


GLOBAL SYMBOLS: SORTED BY Symbol Address 

address   name                          
-------   ----                          
00000000  __TI_static_base__            
00000000  g_pfnVectors                  
00000010  __SYSMEM_SIZE                 
00000200  __STACK_SIZE                  
0000026d  ustrncpy                      
000002c5  uvsnprintf                    
000006ef  usprintf                      
00000721  usnprintf                     
00000751  ulocaltime                    
0000094f  umktime                       
000009c5  ustrtoul                      
00000afd  ustrtof                       
00000d35  ustrlen                       
00000d57  ustrstr                       
00000d8d  ustrncasecmp                  
00000e31  ustrcasecmp                   
00000e45  ustrncmp                      
00000ea5  ustrcmp                       
00000eb9  usrand                        
00000ec9  urand                         
00000ef1  OrbitOledMoveTo               
00000f37  OrbitOledGetPos               
00000f53  OrbitOledSetDrawColor         
00000f6b  OrbitOledGetStdPattern        
00000f7d  OrbitOledSetFillPattern       
00000f8d  OrbitOledSetDrawMode          
00000fe1  OrbitOledGetDrawMode          
00000fe7  OrbitOledDrawPixel            
00001013  OrbitOledGetPixel             
0000102d  OrbitOledLineTo               
0000112d  OrbitOledDrawRect             
000011b1  OrbitOledFillRect             
000012f5  OrbitOledGetBmp               
00001455  OrbitOledPutBmp               
00001623  OrbitOledDrawChar             
00001683  OrbitOledDrawString           
000016a1  OrbitOledRopSet               
000016cb  OrbitOledRopOr                
000016ef  OrbitOledRopAnd               
00001713  OrbitOledRopXor               
00001741  OrbitOledMoveUp               
00001779  OrbitOledMoveDown             
000017af  OrbitOledMoveLeft             
000017c7  OrbitOledMoveRight            
000017e1  OrbitOledClampXco             
00001801  OrbitOledClampYco             
00001841  OrbitOledInit                 
00001855  OrbitOledHostInit             
0000191f  OrbitOledDvrInit              
00001999  OrbitOledDevInit              
00001a1d  OrbitOledClear                
00001a29  OrbitOledClearBuffer          
00001a59  OrbitOledUpdate               
00001ab3  OrbitOledPutBuffer            
00001b19  Ssi3PutByte                   
00001bbd  initButtons                   
00001c8b  updateButtons                 
00001d5f  checkButton                   
00001ddd  OrbitOledSetCursor            
00001e29  OrbitOledGetCursor            
00001e45  OrbitOledDefUserChar          
00001e95  OrbitOledSetCharUpdate        
00001ead  OrbitOledGetCharUpdate        
00001eb3  OrbitOledPutChar              
00001ed1  OrbitOledPutString            
00001efd  OrbitOledDrawGlyph            
00001f75  OrbitOledAdvanceCursor        
00001fe1  GPIOPadConfigSet              
0000214d  SysCtlClockGet                
00002265  aligned_alloc                 
00002265  memalign                      
00002365  SysCtlClockSet                
00002459  free                          
0000253d  initADC                       
00002581  ADCIntHandler                 
0000259f  calculateMeanAltVal           
000025e1  getAltPercent                 
00002615  SysTickIntHandler             
00002645  initSysTick                   
00002665  initClock                     
0000266f  main                          
000026e5  initCircBuf                   
0000270f  writeCircBuf                  
00002743  readCircBuf                   
00002777  freeCircBuf                   
0000279d  __aeabi_memcpy                
0000279d  __aeabi_memcpy4               
0000279d  __aeabi_memcpy8               
0000279d  memcpy                        
00002839  initDisplay                   
00002841  clearDisplay                  
00002871  displayAlt                    
000028cd  ADCSequenceStepConfigure      
00002947  __aeabi_memclr                
00002947  __aeabi_memclr4               
00002947  __aeabi_memclr8               
00002949  __aeabi_memset                
00002949  __aeabi_memset4               
00002949  __aeabi_memset8               
0000294f  memset                        
00002a31  IntEnable                     
00002a99  __TI_decompress_lzss          
00002b01  TimerConfigure                
00002b61  DelayInit                     
00002b7b  DelayMs                       
00002c0d  ADCSequenceConfigure          
00002c59  GPIOPinConfigure              
00002ca5  OLEDStringDraw                
00002ccb  OLEDInitialise                
00002ce9  __TI_auto_init_nobinit_nopinit
00002d2d  __aeabi_uidiv                 
00002d2d  __aeabi_uidivmod              
00002d6d  SSIConfigSetExpClk            
00002da9  calloc                        
00002de1  IntRegister                   
00002e15  SysCtlPeripheralEnable        
00002e49  _c_int00_noargs               
00002e7d  GPIODirModeSet                
00002ed1  ADCSequenceDataGet            
00002eef  _nop                          
00002ef1  SysTickIntRegister            
00002f29  GPIOPinTypeGPIOOutput         
00002f43  ADCIntRegister                
00002f5b  ADCProcessorTrigger           
00002f73  GPIOPinTypeGPIOInput          
00002f89  GPIOPinTypeSSI                
00002f9f  __aeabi_idiv0                 
00002f9f  __aeabi_ldiv0                 
00002fa1  SysTickEnable                 
00002fb5  SysTickIntEnable              
00002fc9  ADCIntEnable                  
00002fd9  IntMasterEnable               
00002fe9  SysTickPeriodSet              
00002ff9  ADCSequenceEnable             
00003007  TimerEnable                   
00003015  __TI_decompress_none          
00003023  CPUcpsie                      
0000302f  SSIDataGet                    
0000303b  __TI_zero_init                
00003047  ResetISR                      
00003053  ADCIntClear                   
0000305d  SSIDataPut                    
00003067  SSIEnable                     
00003071  TimerValueGet                 
0000307b  SSIBusy                       
00003083  malloc                        
0000308b  GPIOPinRead                   
00003091  GPIOPinWrite                  
00003097  SSIClockSourceSet             
0000309d  SysCtlDelay                   
000030a3  _system_pre_init              
000030a7  C$$EXIT                       
000030a7  abort                         
000030ac  rgbOledFont0                  
000034a8  rgbFillPat                    
00003570  __TI_Handler_Table_Base       
0000357c  __TI_Handler_Table_Limit      
00003590  __TI_CINIT_Base               
000035a8  __TI_CINIT_Limit              
20000000  __start___llvm_prf_cnts       
20000000  __stop___llvm_prf_cnts        
20000000  g_pfnRAMVectors               
2000026c  rgbOledBmp                    
2000046c  rgbOledFontUser               
2000058c  bnOledCur                     
20000590  dxcoOledFontCur               
20000594  dycoOledFontCur               
20000598  fOledCharUpdate               
2000059c  modOledCur                    
200005a0  pbOledCur                     
200005a4  pbOledFontCur                 
200005a8  pbOledFontUser                
200005ac  pbOledPatCur                  
200005b0  pfnDoRop                      
200005b4  xchOledCur                    
200005b8  xchOledMax                    
200005bc  xcoOledCur                    
200005c0  ychOledCur                    
200005c4  ychOledMax                    
200005c8  ycoOledCur                    
200005cc  clrOledCur                    
200005d0  __stack                       
200007d0  __STACK_END                   
200007d0  __STACK_TOP                   
200007d0  _lock                         
200007d4  _unlock                       
200007e4  slowTick                      
200007e8  _sys_memory                   
ffffffff  __TI_pprof_out_hndl           
ffffffff  __TI_prof_data_size           
ffffffff  __TI_prof_data_start          
ffffffff  __binit__                     
ffffffff  __c_args__                    
ffffffff  binit                         
UNDEFED   __mpu_init                    
UNDEFED   _system_post_cinit            

[196 symbols]
