<?xml version="1.0" encoding="ISO-8859-1" ?>
<link_info>
   <banner>TI ARM Linker PC v20.2.7.LTS</banner>
   <copyright>Copyright (c) 1996-2018 Texas Instruments Incorporated</copyright>
   <link_time>0x663ec427</link_time>
   <link_errors>0x0</link_errors>
   <output_file>Helicopter_M1.out</output_file>
   <entry_point>
      <name>_c_int00_noargs</name>
      <address>0x3375</address>
   </entry_point>
   <input_file_list>
      <input_file id="fl-2">
         <path>.\</path>
         <kind>object</kind>
         <file>Altitude.obj</file>
         <name>Altitude.obj</name>
      </input_file>
      <input_file id="fl-3">
         <path>.\</path>
         <kind>object</kind>
         <file>Display.obj</file>
         <name>Display.obj</name>
      </input_file>
      <input_file id="fl-4">
         <path>.\</path>
         <kind>object</kind>
         <file>UART.obj</file>
         <name>UART.obj</name>
      </input_file>
      <input_file id="fl-5">
         <path>.\</path>
         <kind>object</kind>
         <file>Yaw.obj</file>
         <name>Yaw.obj</name>
      </input_file>
      <input_file id="fl-6">
         <path>.\</path>
         <kind>object</kind>
         <file>buttons4.obj</file>
         <name>buttons4.obj</name>
      </input_file>
      <input_file id="fl-7">
         <path>.\</path>
         <kind>object</kind>
         <file>circBufT.obj</file>
         <name>circBufT.obj</name>
      </input_file>
      <input_file id="fl-8">
         <path>.\</path>
         <kind>object</kind>
         <file>milestone1.obj</file>
         <name>milestone1.obj</name>
      </input_file>
      <input_file id="fl-9">
         <path>.\</path>
         <kind>object</kind>
         <file>tm4c123gh6pm_startup_ccs.obj</file>
         <name>tm4c123gh6pm_startup_ccs.obj</name>
      </input_file>
      <input_file id="fl-a">
         <path>.\</path>
         <kind>object</kind>
         <file>ustdlib.obj</file>
         <name>ustdlib.obj</name>
      </input_file>
      <input_file id="fl-b">
         <path>.\OrbitOLED\</path>
         <kind>object</kind>
         <file>OrbitOLEDInterface.obj</file>
         <name>OrbitOLEDInterface.obj</name>
      </input_file>
      <input_file id="fl-c">
         <path>.\OrbitOLED\lib_OrbitOled\</path>
         <kind>object</kind>
         <file>ChrFont0.obj</file>
         <name>ChrFont0.obj</name>
      </input_file>
      <input_file id="fl-d">
         <path>.\OrbitOLED\lib_OrbitOled\</path>
         <kind>object</kind>
         <file>FillPat.obj</file>
         <name>FillPat.obj</name>
      </input_file>
      <input_file id="fl-e">
         <path>.\OrbitOLED\lib_OrbitOled\</path>
         <kind>object</kind>
         <file>OrbitOled.obj</file>
         <name>OrbitOled.obj</name>
      </input_file>
      <input_file id="fl-f">
         <path>.\OrbitOLED\lib_OrbitOled\</path>
         <kind>object</kind>
         <file>OrbitOledChar.obj</file>
         <name>OrbitOledChar.obj</name>
      </input_file>
      <input_file id="fl-10">
         <path>.\OrbitOLED\lib_OrbitOled\</path>
         <kind>object</kind>
         <file>OrbitOledGrph.obj</file>
         <name>OrbitOledGrph.obj</name>
      </input_file>
      <input_file id="fl-11">
         <path>.\OrbitOLED\lib_OrbitOled\</path>
         <kind>object</kind>
         <file>delay.obj</file>
         <name>delay.obj</name>
      </input_file>
      <input_file id="fl-16">
         <kind>object</kind>
         <file>&lt;internal&gt;</file>
         <name>&lt;internal&gt;</name>
      </input_file>
      <input_file id="fl-cc">
         <path>C:\ti\ccs1250\ccs\tools\compiler\ti-cgt-arm_20.2.7.LTS\lib\</path>
         <kind>archive</kind>
         <file>rtsv7M4_T_le_v4SPD16_eabi.lib</file>
         <name>u_divt2.asm.obj</name>
      </input_file>
      <input_file id="fl-cd">
         <path>C:\ti\ccs1250\ccs\tools\compiler\ti-cgt-arm_20.2.7.LTS\lib\</path>
         <kind>archive</kind>
         <file>rtsv7M4_T_le_v4SPD16_eabi.lib</file>
         <name>copy_zero_init.c.obj</name>
      </input_file>
      <input_file id="fl-ce">
         <path>C:\ti\ccs1250\ccs\tools\compiler\ti-cgt-arm_20.2.7.LTS\lib\</path>
         <kind>archive</kind>
         <file>rtsv7M4_T_le_v4SPD16_eabi.lib</file>
         <name>copy_decompress_none.c.obj</name>
      </input_file>
      <input_file id="fl-cf">
         <path>C:\ti\ccs1250\ccs\tools\compiler\ti-cgt-arm_20.2.7.LTS\lib\</path>
         <kind>archive</kind>
         <file>rtsv7M4_T_le_v4SPD16_eabi.lib</file>
         <name>copy_decompress_lzss.c.obj</name>
      </input_file>
      <input_file id="fl-d0">
         <path>C:\ti\ccs1250\ccs\tools\compiler\ti-cgt-arm_20.2.7.LTS\lib\</path>
         <kind>archive</kind>
         <file>rtsv7M4_T_le_v4SPD16_eabi.lib</file>
         <name>memory.c.obj</name>
      </input_file>
      <input_file id="fl-d1">
         <path>C:\ti\ccs1250\ccs\tools\compiler\ti-cgt-arm_20.2.7.LTS\lib\</path>
         <kind>archive</kind>
         <file>rtsv7M4_T_le_v4SPD16_eabi.lib</file>
         <name>boot_cortex_m.c.obj</name>
      </input_file>
      <input_file id="fl-d2">
         <path>C:\ti\ccs1250\ccs\tools\compiler\ti-cgt-arm_20.2.7.LTS\lib\</path>
         <kind>archive</kind>
         <file>rtsv7M4_T_le_v4SPD16_eabi.lib</file>
         <name>div0.asm.obj</name>
      </input_file>
      <input_file id="fl-d3">
         <path>C:\ti\ccs1250\ccs\tools\compiler\ti-cgt-arm_20.2.7.LTS\lib\</path>
         <kind>archive</kind>
         <file>rtsv7M4_T_le_v4SPD16_eabi.lib</file>
         <name>memcpy_t2.asm.obj</name>
      </input_file>
      <input_file id="fl-d4">
         <path>C:\ti\ccs1250\ccs\tools\compiler\ti-cgt-arm_20.2.7.LTS\lib\</path>
         <kind>archive</kind>
         <file>rtsv7M4_T_le_v4SPD16_eabi.lib</file>
         <name>memset_t2.asm.obj</name>
      </input_file>
      <input_file id="fl-d5">
         <path>C:\ti\ccs1250\ccs\tools\compiler\ti-cgt-arm_20.2.7.LTS\lib\</path>
         <kind>archive</kind>
         <file>rtsv7M4_T_le_v4SPD16_eabi.lib</file>
         <name>autoinit.c.obj</name>
      </input_file>
      <input_file id="fl-d6">
         <path>C:\ti\ccs1250\ccs\tools\compiler\ti-cgt-arm_20.2.7.LTS\lib\</path>
         <kind>archive</kind>
         <file>rtsv7M4_T_le_v4SPD16_eabi.lib</file>
         <name>pre_init.c.obj</name>
      </input_file>
      <input_file id="fl-d7">
         <path>C:\ti\ccs1250\ccs\tools\compiler\ti-cgt-arm_20.2.7.LTS\lib\</path>
         <kind>archive</kind>
         <file>rtsv7M4_T_le_v4SPD16_eabi.lib</file>
         <name>cpy_tbl.c.obj</name>
      </input_file>
      <input_file id="fl-d8">
         <path>C:\ti\ccs1250\ccs\tools\compiler\ti-cgt-arm_20.2.7.LTS\lib\</path>
         <kind>archive</kind>
         <file>rtsv7M4_T_le_v4SPD16_eabi.lib</file>
         <name>exit.c.obj</name>
      </input_file>
      <input_file id="fl-d9">
         <path>C:\ti\ccs1250\ccs\tools\compiler\ti-cgt-arm_20.2.7.LTS\lib\</path>
         <kind>archive</kind>
         <file>rtsv7M4_T_le_v4SPD16_eabi.lib</file>
         <name>_lock.c.obj</name>
      </input_file>
      <input_file id="fl-da">
         <path>C:\ti\ccs1250\ccs\tools\compiler\ti-cgt-arm_20.2.7.LTS\lib\</path>
         <kind>archive</kind>
         <file>rtsv7M4_T_le_v4SPD16_eabi.lib</file>
         <name>args_main.c.obj</name>
      </input_file>
      <input_file id="fl-db">
         <path>C:\ti\TivaWare_C_Series-2.2.0.295\driverlib\ccs\Debug\</path>
         <kind>archive</kind>
         <file>driverlib.lib</file>
         <name>adc.obj</name>
      </input_file>
      <input_file id="fl-dc">
         <path>C:\ti\TivaWare_C_Series-2.2.0.295\driverlib\ccs\Debug\</path>
         <kind>archive</kind>
         <file>driverlib.lib</file>
         <name>gpio.obj</name>
      </input_file>
      <input_file id="fl-dd">
         <path>C:\ti\TivaWare_C_Series-2.2.0.295\driverlib\ccs\Debug\</path>
         <kind>archive</kind>
         <file>driverlib.lib</file>
         <name>interrupt.obj</name>
      </input_file>
      <input_file id="fl-de">
         <path>C:\ti\TivaWare_C_Series-2.2.0.295\driverlib\ccs\Debug\</path>
         <kind>archive</kind>
         <file>driverlib.lib</file>
         <name>ssi.obj</name>
      </input_file>
      <input_file id="fl-df">
         <path>C:\ti\TivaWare_C_Series-2.2.0.295\driverlib\ccs\Debug\</path>
         <kind>archive</kind>
         <file>driverlib.lib</file>
         <name>sysctl.obj</name>
      </input_file>
      <input_file id="fl-e0">
         <path>C:\ti\TivaWare_C_Series-2.2.0.295\driverlib\ccs\Debug\</path>
         <kind>archive</kind>
         <file>driverlib.lib</file>
         <name>systick.obj</name>
      </input_file>
      <input_file id="fl-e1">
         <path>C:\ti\TivaWare_C_Series-2.2.0.295\driverlib\ccs\Debug\</path>
         <kind>archive</kind>
         <file>driverlib.lib</file>
         <name>timer.obj</name>
      </input_file>
      <input_file id="fl-e2">
         <path>C:\ti\TivaWare_C_Series-2.2.0.295\driverlib\ccs\Debug\</path>
         <kind>archive</kind>
         <file>driverlib.lib</file>
         <name>uart.obj</name>
      </input_file>
      <input_file id="fl-e3">
         <path>C:\ti\TivaWare_C_Series-2.2.0.295\driverlib\ccs\Debug\</path>
         <kind>archive</kind>
         <file>driverlib.lib</file>
         <name>cpu.obj</name>
      </input_file>
   </input_file_list>
   <object_component_list>
      <object_component id="oc-12">
         <name>.intvecs</name>
         <load_address>0x0</load_address>
         <run_address>0x0</run_address>
         <size>0x26c</size>
         <input_file_ref idref="fl-9"/>
      </object_component>
      <object_component id="oc-1f2">
         <name>.text</name>
         <load_address>0x26c</load_address>
         <run_address>0x26c</run_address>
         <size>0xc84</size>
         <input_file_ref idref="fl-a"/>
      </object_component>
      <object_component id="oc-34f">
         <name>.text</name>
         <load_address>0xef0</load_address>
         <run_address>0xef0</run_address>
         <size>0x950</size>
         <input_file_ref idref="fl-10"/>
      </object_component>
      <object_component id="oc-2bf">
         <name>.text</name>
         <load_address>0x1840</load_address>
         <run_address>0x1840</run_address>
         <size>0x37c</size>
         <input_file_ref idref="fl-e"/>
      </object_component>
      <object_component id="oc-d6">
         <name>.text</name>
         <load_address>0x1bbc</load_address>
         <run_address>0x1bbc</run_address>
         <size>0x288</size>
         <input_file_ref idref="fl-6"/>
      </object_component>
      <object_component id="oc-112">
         <name>.text</name>
         <load_address>0x1e44</load_address>
         <run_address>0x1e44</run_address>
         <size>0x240</size>
         <input_file_ref idref="fl-5"/>
      </object_component>
      <object_component id="oc-2b9">
         <name>.text</name>
         <load_address>0x2084</load_address>
         <run_address>0x2084</run_address>
         <size>0x204</size>
         <input_file_ref idref="fl-f"/>
      </object_component>
      <object_component id="oc-18b">
         <name>.text:GPIOPadConfigSet</name>
         <load_address>0x2288</load_address>
         <run_address>0x2288</run_address>
         <size>0x16c</size>
         <input_file_ref idref="fl-dc"/>
      </object_component>
      <object_component id="oc-a2">
         <name>.text</name>
         <load_address>0x23f4</load_address>
         <run_address>0x23f4</run_address>
         <size>0x14c</size>
         <input_file_ref idref="fl-8"/>
      </object_component>
      <object_component id="oc-10c">
         <name>.text</name>
         <load_address>0x2540</load_address>
         <run_address>0x2540</run_address>
         <size>0x146</size>
         <input_file_ref idref="fl-3"/>
      </object_component>
      <object_component id="oc-30d">
         <name>.text:_nop</name>
         <load_address>0x2686</load_address>
         <run_address>0x2686</run_address>
         <size>0x2</size>
         <input_file_ref idref="fl-d9"/>
      </object_component>
      <object_component id="oc-e2">
         <name>.text:SysCtlClockGet</name>
         <load_address>0x2688</load_address>
         <run_address>0x2688</run_address>
         <size>0x118</size>
         <input_file_ref idref="fl-df"/>
      </object_component>
      <object_component id="oc-3db">
         <name>.text:aligned_alloc</name>
         <load_address>0x27a0</load_address>
         <run_address>0x27a0</run_address>
         <size>0x100</size>
         <input_file_ref idref="fl-d0"/>
      </object_component>
      <object_component id="oc-100">
         <name>.text:SysCtlClockSet</name>
         <load_address>0x28a0</load_address>
         <run_address>0x28a0</run_address>
         <size>0xf4</size>
         <input_file_ref idref="fl-df"/>
      </object_component>
      <object_component id="oc-2a2">
         <name>.text:free</name>
         <load_address>0x2994</load_address>
         <run_address>0x2994</run_address>
         <size>0xe4</size>
         <input_file_ref idref="fl-d0"/>
      </object_component>
      <object_component id="oc-106">
         <name>.text</name>
         <load_address>0x2a78</load_address>
         <run_address>0x2a78</run_address>
         <size>0xd8</size>
         <input_file_ref idref="fl-2"/>
      </object_component>
      <object_component id="oc-1b8">
         <name>.text</name>
         <load_address>0x2b50</load_address>
         <run_address>0x2b50</run_address>
         <size>0xb8</size>
         <input_file_ref idref="fl-7"/>
      </object_component>
      <object_component id="oc-3e">
         <name>.text</name>
         <load_address>0x2c08</load_address>
         <run_address>0x2c08</run_address>
         <size>0x9c</size>
         <input_file_ref idref="fl-d3"/>
      </object_component>
      <object_component id="oc-1c4">
         <name>.text:ADCSequenceStepConfigure</name>
         <load_address>0x2ca4</load_address>
         <run_address>0x2ca4</run_address>
         <size>0x7a</size>
         <input_file_ref idref="fl-db"/>
      </object_component>
      <object_component id="oc-96">
         <name>.text</name>
         <load_address>0x2d1e</load_address>
         <run_address>0x2d1e</run_address>
         <size>0x7a</size>
         <input_file_ref idref="fl-d4"/>
      </object_component>
      <object_component id="oc-118">
         <name>.text</name>
         <load_address>0x2d98</load_address>
         <run_address>0x2d98</run_address>
         <size>0x70</size>
         <input_file_ref idref="fl-4"/>
      </object_component>
      <object_component id="oc-41b">
         <name>.text:split</name>
         <load_address>0x2e08</load_address>
         <run_address>0x2e08</run_address>
         <size>0x70</size>
         <input_file_ref idref="fl-d0"/>
      </object_component>
      <object_component id="oc-20c">
         <name>.text:IntEnable</name>
         <load_address>0x2e78</load_address>
         <run_address>0x2e78</run_address>
         <size>0x68</size>
         <input_file_ref idref="fl-dd"/>
      </object_component>
      <object_component id="oc-15">
         <name>.text:decompress:lzss:__TI_decompress_lzss</name>
         <load_address>0x2ee0</load_address>
         <run_address>0x2ee0</run_address>
         <size>0x68</size>
         <input_file_ref idref="fl-cf"/>
      </object_component>
      <object_component id="oc-3f3">
         <name>.text:TimerConfigure</name>
         <load_address>0x2f48</load_address>
         <run_address>0x2f48</run_address>
         <size>0x60</size>
         <input_file_ref idref="fl-e1"/>
      </object_component>
      <object_component id="oc-364">
         <name>.text</name>
         <load_address>0x2fa8</load_address>
         <run_address>0x2fa8</run_address>
         <size>0x5c</size>
         <input_file_ref idref="fl-11"/>
      </object_component>
      <object_component id="oc-200">
         <name>.text:GPIOIntTypeSet</name>
         <load_address>0x3004</load_address>
         <run_address>0x3004</run_address>
         <size>0x58</size>
         <input_file_ref idref="fl-dc"/>
      </object_component>
      <object_component id="oc-2ad">
         <name>.text:_ADCIntNumberGet</name>
         <load_address>0x305c</load_address>
         <run_address>0x305c</run_address>
         <size>0x50</size>
         <input_file_ref idref="fl-db"/>
      </object_component>
      <object_component id="oc-1be">
         <name>.text:ADCSequenceConfigure</name>
         <load_address>0x30ac</load_address>
         <run_address>0x30ac</run_address>
         <size>0x4c</size>
         <input_file_ref idref="fl-db"/>
      </object_component>
      <object_component id="oc-225">
         <name>.text:GPIOPinConfigure</name>
         <load_address>0x30f8</load_address>
         <run_address>0x30f8</run_address>
         <size>0x4c</size>
         <input_file_ref idref="fl-dc"/>
      </object_component>
      <object_component id="oc-22b">
         <name>.text:UARTConfigSetExpClk</name>
         <load_address>0x3144</load_address>
         <run_address>0x3144</run_address>
         <size>0x46</size>
         <input_file_ref idref="fl-e2"/>
      </object_component>
      <object_component id="oc-3ad">
         <name>.text</name>
         <load_address>0x318a</load_address>
         <run_address>0x318a</run_address>
         <size>0x2</size>
         <input_file_ref idref="fl-d2"/>
      </object_component>
      <object_component id="oc-1ec">
         <name>.text</name>
         <load_address>0x318c</load_address>
         <run_address>0x318c</run_address>
         <size>0x44</size>
         <input_file_ref idref="fl-b"/>
      </object_component>
      <object_component id="oc-2e6">
         <name>.text:_GPIOIntNumberGet</name>
         <load_address>0x31d0</load_address>
         <run_address>0x31d0</run_address>
         <size>0x44</size>
         <input_file_ref idref="fl-dc"/>
      </object_component>
      <object_component id="oc-141">
         <name>.text:__TI_auto_init_nobinit_nopinit:__TI_auto_init_nobinit_nopinit</name>
         <load_address>0x3214</load_address>
         <run_address>0x3214</run_address>
         <size>0x44</size>
         <input_file_ref idref="fl-d5"/>
      </object_component>
      <object_component id="oc-2c7">
         <name>.text</name>
         <load_address>0x3258</load_address>
         <run_address>0x3258</run_address>
         <size>0x40</size>
         <input_file_ref idref="fl-cc"/>
      </object_component>
      <object_component id="oc-376">
         <name>.text:SSIConfigSetExpClk</name>
         <load_address>0x3298</load_address>
         <run_address>0x3298</run_address>
         <size>0x3c</size>
         <input_file_ref idref="fl-de"/>
      </object_component>
      <object_component id="oc-29c">
         <name>.text:calloc</name>
         <load_address>0x32d4</load_address>
         <run_address>0x32d4</run_address>
         <size>0x38</size>
         <input_file_ref idref="fl-d0"/>
      </object_component>
      <object_component id="oc-1ad">
         <name>.text:IntRegister</name>
         <load_address>0x330c</load_address>
         <run_address>0x330c</run_address>
         <size>0x34</size>
         <input_file_ref idref="fl-dd"/>
      </object_component>
      <object_component id="oc-17f">
         <name>.text:SysCtlPeripheralEnable</name>
         <load_address>0x3340</load_address>
         <run_address>0x3340</run_address>
         <size>0x34</size>
         <input_file_ref idref="fl-df"/>
      </object_component>
      <object_component id="oc-5c">
         <name>.text:_c_int00_noargs:_c_int00_noargs</name>
         <load_address>0x3374</load_address>
         <run_address>0x3374</run_address>
         <size>0x34</size>
         <input_file_ref idref="fl-d1"/>
      </object_component>
      <object_component id="oc-272">
         <name>.text:GPIODirModeSet</name>
         <load_address>0x33a8</load_address>
         <run_address>0x33a8</run_address>
         <size>0x2c</size>
         <input_file_ref idref="fl-dc"/>
      </object_component>
      <object_component id="oc-340">
         <name>.text:free_list_insert</name>
         <load_address>0x33d4</load_address>
         <run_address>0x33d4</run_address>
         <size>0x28</size>
         <input_file_ref idref="fl-d0"/>
      </object_component>
      <object_component id="oc-2fd">
         <name>.text:UARTDisable</name>
         <load_address>0x33fc</load_address>
         <run_address>0x33fc</run_address>
         <size>0x20</size>
         <input_file_ref idref="fl-e2"/>
      </object_component>
      <object_component id="oc-1dc">
         <name>.text:ADCSequenceDataGet</name>
         <load_address>0x341c</load_address>
         <run_address>0x341c</run_address>
         <size>0x1e</size>
         <input_file_ref idref="fl-db"/>
      </object_component>
      <object_component id="oc-ee">
         <name>.text:SysTickIntRegister</name>
         <load_address>0x343c</load_address>
         <run_address>0x343c</run_address>
         <size>0x1c</size>
         <input_file_ref idref="fl-e0"/>
      </object_component>
      <object_component id="oc-33a">
         <name>.text:free_list_remove</name>
         <load_address>0x3458</load_address>
         <run_address>0x3458</run_address>
         <size>0x1c</size>
         <input_file_ref idref="fl-d0"/>
      </object_component>
      <object_component id="oc-388">
         <name>.text:GPIOPinTypeGPIOOutput</name>
         <load_address>0x3474</load_address>
         <run_address>0x3474</run_address>
         <size>0x1a</size>
         <input_file_ref idref="fl-dc"/>
      </object_component>
      <object_component id="oc-1d0">
         <name>.text:ADCIntRegister</name>
         <load_address>0x348e</load_address>
         <run_address>0x348e</run_address>
         <size>0x18</size>
         <input_file_ref idref="fl-db"/>
      </object_component>
      <object_component id="oc-dc">
         <name>.text:ADCProcessorTrigger</name>
         <load_address>0x34a6</load_address>
         <run_address>0x34a6</run_address>
         <size>0x18</size>
         <input_file_ref idref="fl-db"/>
      </object_component>
      <object_component id="oc-1fa">
         <name>.text:GPIOIntRegister</name>
         <load_address>0x34be</load_address>
         <run_address>0x34be</run_address>
         <size>0x18</size>
         <input_file_ref idref="fl-dc"/>
      </object_component>
      <object_component id="oc-185">
         <name>.text:GPIOPinTypeGPIOInput</name>
         <load_address>0x34d6</load_address>
         <run_address>0x34d6</run_address>
         <size>0x16</size>
         <input_file_ref idref="fl-dc"/>
      </object_component>
      <object_component id="oc-36a">
         <name>.text:GPIOPinTypeSSI</name>
         <load_address>0x34ec</load_address>
         <run_address>0x34ec</run_address>
         <size>0x16</size>
         <input_file_ref idref="fl-dc"/>
      </object_component>
      <object_component id="oc-21f">
         <name>.text:GPIOPinTypeUART</name>
         <load_address>0x3502</load_address>
         <run_address>0x3502</run_address>
         <size>0x16</size>
         <input_file_ref idref="fl-dc"/>
      </object_component>
      <object_component id="oc-fa">
         <name>.text:SysTickEnable</name>
         <load_address>0x3518</load_address>
         <run_address>0x3518</run_address>
         <size>0x14</size>
         <input_file_ref idref="fl-e0"/>
      </object_component>
      <object_component id="oc-f4">
         <name>.text:SysTickIntEnable</name>
         <load_address>0x352c</load_address>
         <run_address>0x352c</run_address>
         <size>0x14</size>
         <input_file_ref idref="fl-e0"/>
      </object_component>
      <object_component id="oc-237">
         <name>.text:UARTEnable</name>
         <load_address>0x3540</load_address>
         <run_address>0x3540</run_address>
         <size>0x14</size>
         <input_file_ref idref="fl-e2"/>
      </object_component>
      <object_component id="oc-1d6">
         <name>.text:ADCIntEnable</name>
         <load_address>0x3554</load_address>
         <run_address>0x3554</run_address>
         <size>0x10</size>
         <input_file_ref idref="fl-db"/>
      </object_component>
      <object_component id="oc-11e">
         <name>.text:IntMasterEnable</name>
         <load_address>0x3564</load_address>
         <run_address>0x3564</run_address>
         <size>0x10</size>
         <input_file_ref idref="fl-dd"/>
      </object_component>
      <object_component id="oc-125">
         <name>.text:SysCtlReset</name>
         <load_address>0x3574</load_address>
         <run_address>0x3574</run_address>
         <size>0x10</size>
         <input_file_ref idref="fl-df"/>
      </object_component>
      <object_component id="oc-e8">
         <name>.text:SysTickPeriodSet</name>
         <load_address>0x3584</load_address>
         <run_address>0x3584</run_address>
         <size>0x10</size>
         <input_file_ref idref="fl-e0"/>
      </object_component>
      <object_component id="oc-1ca">
         <name>.text:ADCSequenceEnable</name>
         <load_address>0x3594</load_address>
         <run_address>0x3594</run_address>
         <size>0xe</size>
         <input_file_ref idref="fl-db"/>
      </object_component>
      <object_component id="oc-3f9">
         <name>.text:TimerEnable</name>
         <load_address>0x35a2</load_address>
         <run_address>0x35a2</run_address>
         <size>0xe</size>
         <input_file_ref idref="fl-e1"/>
      </object_component>
      <object_component id="oc-1b">
         <name>.text:decompress:none:__TI_decompress_none</name>
         <load_address>0x35b0</load_address>
         <run_address>0x35b0</run_address>
         <size>0xe</size>
         <input_file_ref idref="fl-ce"/>
      </object_component>
      <object_component id="oc-245">
         <name>.text:CPUcpsie</name>
         <load_address>0x35be</load_address>
         <run_address>0x35be</run_address>
         <size>0xc</size>
         <input_file_ref idref="fl-e3"/>
      </object_component>
      <object_component id="oc-206">
         <name>.text:GPIOIntEnable</name>
         <load_address>0x35ca</load_address>
         <run_address>0x35ca</run_address>
         <size>0xc</size>
         <input_file_ref idref="fl-dc"/>
      </object_component>
      <object_component id="oc-39a">
         <name>.text:SSIDataGet</name>
         <load_address>0x35d6</load_address>
         <run_address>0x35d6</run_address>
         <size>0xc</size>
         <input_file_ref idref="fl-de"/>
      </object_component>
      <object_component id="oc-50">
         <name>.text:decompress:ZI:__TI_zero_init</name>
         <load_address>0x35e2</load_address>
         <run_address>0x35e2</run_address>
         <size>0xc</size>
         <input_file_ref idref="fl-cd"/>
      </object_component>
      <object_component id="oc-2a">
         <name>.text</name>
         <load_address>0x35ee</load_address>
         <run_address>0x35ee</run_address>
         <size>0xc</size>
         <input_file_ref idref="fl-9"/>
      </object_component>
      <object_component id="oc-1e2">
         <name>.text:ADCIntClear</name>
         <load_address>0x35fa</load_address>
         <run_address>0x35fa</run_address>
         <size>0xa</size>
         <input_file_ref idref="fl-db"/>
      </object_component>
      <object_component id="oc-394">
         <name>.text:SSIDataPut</name>
         <load_address>0x3604</load_address>
         <run_address>0x3604</run_address>
         <size>0xa</size>
         <input_file_ref idref="fl-de"/>
      </object_component>
      <object_component id="oc-37c">
         <name>.text:SSIEnable</name>
         <load_address>0x360e</load_address>
         <run_address>0x360e</run_address>
         <size>0xa</size>
         <input_file_ref idref="fl-de"/>
      </object_component>
      <object_component id="oc-3ff">
         <name>.text:TimerValueGet</name>
         <load_address>0x3618</load_address>
         <run_address>0x3618</run_address>
         <size>0xa</size>
         <input_file_ref idref="fl-e1"/>
      </object_component>
      <object_component id="oc-23d">
         <name>.text:UARTCharPut</name>
         <load_address>0x3622</load_address>
         <run_address>0x3622</run_address>
         <size>0xa</size>
         <input_file_ref idref="fl-e2"/>
      </object_component>
      <object_component id="oc-231">
         <name>.text:UARTFIFOEnable</name>
         <load_address>0x362c</load_address>
         <run_address>0x362c</run_address>
         <size>0xa</size>
         <input_file_ref idref="fl-e2"/>
      </object_component>
      <object_component id="oc-38e">
         <name>.text:SSIBusy</name>
         <load_address>0x3636</load_address>
         <run_address>0x3636</run_address>
         <size>0x8</size>
         <input_file_ref idref="fl-de"/>
      </object_component>
      <object_component id="oc-333">
         <name>.text:malloc</name>
         <load_address>0x363e</load_address>
         <run_address>0x363e</run_address>
         <size>0x8</size>
         <input_file_ref idref="fl-d0"/>
      </object_component>
      <object_component id="oc-212">
         <name>.text:GPIOIntClear</name>
         <load_address>0x3646</load_address>
         <run_address>0x3646</run_address>
         <size>0x6</size>
         <input_file_ref idref="fl-dc"/>
      </object_component>
      <object_component id="oc-191">
         <name>.text:GPIOPinRead</name>
         <load_address>0x364c</load_address>
         <run_address>0x364c</run_address>
         <size>0x6</size>
         <input_file_ref idref="fl-dc"/>
      </object_component>
      <object_component id="oc-382">
         <name>.text:GPIOPinWrite</name>
         <load_address>0x3652</load_address>
         <run_address>0x3652</run_address>
         <size>0x6</size>
         <input_file_ref idref="fl-dc"/>
      </object_component>
      <object_component id="oc-370">
         <name>.text:SSIClockSourceSet</name>
         <load_address>0x3658</load_address>
         <run_address>0x3658</run_address>
         <size>0x6</size>
         <input_file_ref idref="fl-de"/>
      </object_component>
      <object_component id="oc-124">
         <name>.text:SysCtlDelay</name>
         <load_address>0x365e</load_address>
         <run_address>0x365e</run_address>
         <size>0x6</size>
         <input_file_ref idref="fl-df"/>
      </object_component>
      <object_component id="oc-9c">
         <name>.text:_system_pre_init</name>
         <load_address>0x3664</load_address>
         <run_address>0x3664</run_address>
         <size>0x4</size>
         <input_file_ref idref="fl-d6"/>
      </object_component>
      <object_component id="oc-135">
         <name>.text:abort:abort</name>
         <load_address>0x3668</load_address>
         <run_address>0x3668</run_address>
         <size>0x4</size>
         <input_file_ref idref="fl-d8"/>
      </object_component>
      <object_component id="oc-3a0">
         <name>.const:.string:rgbOledFont0</name>
         <load_address>0x366c</load_address>
         <run_address>0x366c</run_address>
         <size>0x300</size>
         <input_file_ref idref="fl-c"/>
      </object_component>
      <object_component id="oc-3c1">
         <name>.const:g_ppui32GPIOIntMapSnowflake</name>
         <load_address>0x396c</load_address>
         <run_address>0x396c</run_address>
         <size>0xd8</size>
         <input_file_ref idref="fl-dc"/>
      </object_component>
      <object_component id="oc-3be">
         <name>.const:g_ppui32GPIOIntMapBlizzard</name>
         <load_address>0x3a44</load_address>
         <run_address>0x3a44</run_address>
         <size>0xc0</size>
         <input_file_ref idref="fl-dc"/>
      </object_component>
      <object_component id="oc-2f9">
         <name>.const:g_pui32GPIOBaseAddrs</name>
         <load_address>0x3b04</load_address>
         <run_address>0x3b04</run_address>
         <size>0x90</size>
         <input_file_ref idref="fl-dc"/>
      </object_component>
      <object_component id="oc-1a7">
         <name>.const:g_pui32Xtals</name>
         <load_address>0x3b94</load_address>
         <run_address>0x3b94</run_address>
         <size>0x6c</size>
         <input_file_ref idref="fl-df"/>
      </object_component>
      <object_component id="oc-3a6">
         <name>.const:.string:rgbFillPat</name>
         <load_address>0x3c00</load_address>
         <run_address>0x3c00</run_address>
         <size>0x40</size>
         <input_file_ref idref="fl-d"/>
      </object_component>
      <object_component id="oc-2cf">
         <name>.const:g_psDaysToMonth</name>
         <load_address>0x3c40</load_address>
         <run_address>0x3c40</run_address>
         <size>0x30</size>
         <input_file_ref idref="fl-a"/>
      </object_component>
      <object_component id="oc-2d2">
         <name>.const:g_pfExponents</name>
         <load_address>0x3c70</load_address>
         <run_address>0x3c70</run_address>
         <size>0x18</size>
         <input_file_ref idref="fl-a"/>
      </object_component>
      <object_component id="oc-2ef">
         <name>.const:g_pui32EnRegs</name>
         <load_address>0x3c88</load_address>
         <run_address>0x3c88</run_address>
         <size>0x14</size>
         <input_file_ref idref="fl-dd"/>
      </object_component>
      <object_component id="oc-3b3">
         <name>.const:.string</name>
         <load_address>0x3c9c</load_address>
         <run_address>0x3c9c</run_address>
         <size>0x12</size>
         <input_file_ref idref="fl-a"/>
      </object_component>
      <object_component id="oc-2cc">
         <name>.const</name>
         <load_address>0x3cb0</load_address>
         <run_address>0x3cb0</run_address>
         <size>0x4</size>
         <input_file_ref idref="fl-a"/>
      </object_component>
      <object_component id="oc-45f">
         <name>.cinit..data.load</name>
         <load_address>0x3cb8</load_address>
         <run_address>0x3cb8</run_address>
         <size>0x10</size>
      </object_component>
      <object_component id="oc-45c">
         <name>__TI_handler_table</name>
         <load_address>0x3cc8</load_address>
         <run_address>0x3cc8</run_address>
         <size>0xc</size>
      </object_component>
      <object_component id="oc-460">
         <name>.cinit..bss.load</name>
         <load_address>0x3cd8</load_address>
         <run_address>0x3cd8</run_address>
         <size>0x8</size>
      </object_component>
      <object_component id="oc-45e">
         <name>.cinit..vtable.load</name>
         <load_address>0x3ce0</load_address>
         <run_address>0x3ce0</run_address>
         <size>0x8</size>
      </object_component>
      <object_component id="oc-45d">
         <name>__TI_cinit_table</name>
         <load_address>0x3ce8</load_address>
         <run_address>0x3ce8</run_address>
         <size>0x18</size>
      </object_component>
      <object_component id="oc-28c">
         <name>.vtable</name>
         <uninitialized>true</uninitialized>
         <run_address>0x20000000</run_address>
         <size>0x26c</size>
         <input_file_ref idref="fl-dd"/>
      </object_component>
      <object_component id="oc-218">
         <name>.data</name>
         <load_address>0x200007f6</load_address>
         <run_address>0x200007f6</run_address>
         <size>0x1</size>
         <input_file_ref idref="fl-5"/>
      </object_component>
      <object_component id="oc-12b">
         <name>.data</name>
         <load_address>0x200007f4</load_address>
         <run_address>0x200007f4</run_address>
         <size>0x2</size>
         <input_file_ref idref="fl-8"/>
      </object_component>
      <object_component id="oc-2d5">
         <name>.data</name>
         <load_address>0x200007f0</load_address>
         <run_address>0x200007f0</run_address>
         <size>0x4</size>
         <input_file_ref idref="fl-a"/>
      </object_component>
      <object_component id="oc-3e2">
         <name>.data:$O1$$</name>
         <load_address>0x200007e8</load_address>
         <run_address>0x200007e8</run_address>
         <size>0x8</size>
         <input_file_ref idref="fl-d0"/>
      </object_component>
      <object_component id="oc-255">
         <name>.data:$O1$$</name>
         <load_address>0x200007e0</load_address>
         <run_address>0x200007e0</run_address>
         <size>0x8</size>
         <input_file_ref idref="fl-d9"/>
      </object_component>
      <object_component id="oc-1e8">
         <name>.bss:g_inBuffer</name>
         <uninitialized>true</uninitialized>
         <run_address>0x2000056c</run_address>
         <size>0x10</size>
         <input_file_ref idref="fl-2"/>
      </object_component>
      <object_component id="oc-21b">
         <name>.bss</name>
         <uninitialized>true</uninitialized>
         <run_address>0x200005dc</run_address>
         <size>0x2</size>
         <input_file_ref idref="fl-5"/>
      </object_component>
      <object_component id="oc-19a">
         <name>.bss:but_state</name>
         <uninitialized>true</uninitialized>
         <run_address>0x20000594</run_address>
         <size>0x8</size>
         <input_file_ref idref="fl-6"/>
      </object_component>
      <object_component id="oc-19d">
         <name>.bss:but_count</name>
         <uninitialized>true</uninitialized>
         <run_address>0x2000057c</run_address>
         <size>0x8</size>
         <input_file_ref idref="fl-6"/>
      </object_component>
      <object_component id="oc-1a0">
         <name>.bss:but_flag</name>
         <uninitialized>true</uninitialized>
         <run_address>0x20000584</run_address>
         <size>0x8</size>
         <input_file_ref idref="fl-6"/>
      </object_component>
      <object_component id="oc-197">
         <name>.bss:but_normal</name>
         <uninitialized>true</uninitialized>
         <run_address>0x2000058c</run_address>
         <size>0x8</size>
         <input_file_ref idref="fl-6"/>
      </object_component>
      <object_component id="oc-3e7">
         <name>.common:xcoOledCur</name>
         <uninitialized>true</uninitialized>
         <run_address>0x200005cc</run_address>
         <size>0x4</size>
      </object_component>
      <object_component id="oc-3e8">
         <name>.common:ycoOledCur</name>
         <uninitialized>true</uninitialized>
         <run_address>0x200005d8</run_address>
         <size>0x4</size>
      </object_component>
      <object_component id="oc-362">
         <name>.common:pbOledCur</name>
         <uninitialized>true</uninitialized>
         <run_address>0x200005b0</run_address>
         <size>0x4</size>
      </object_component>
      <object_component id="oc-3e9">
         <name>.common:bnOledCur</name>
         <uninitialized>true</uninitialized>
         <run_address>0x2000059c</run_address>
         <size>0x4</size>
      </object_component>
      <object_component id="oc-3a4">
         <name>.common:clrOledCur</name>
         <uninitialized>true</uninitialized>
         <run_address>0x200005de</run_address>
         <size>0x1</size>
      </object_component>
      <object_component id="oc-3a5">
         <name>.common:pbOledPatCur</name>
         <uninitialized>true</uninitialized>
         <run_address>0x200005bc</run_address>
         <size>0x4</size>
      </object_component>
      <object_component id="oc-360">
         <name>.common:fOledCharUpdate</name>
         <uninitialized>true</uninitialized>
         <run_address>0x200005a8</run_address>
         <size>0x4</size>
      </object_component>
      <object_component id="oc-35b">
         <name>.common:dxcoOledFontCur</name>
         <uninitialized>true</uninitialized>
         <run_address>0x200005a0</run_address>
         <size>0x4</size>
      </object_component>
      <object_component id="oc-35e">
         <name>.common:dycoOledFontCur</name>
         <uninitialized>true</uninitialized>
         <run_address>0x200005a4</run_address>
         <size>0x4</size>
      </object_component>
      <object_component id="oc-361">
         <name>.common:pbOledFontCur</name>
         <uninitialized>true</uninitialized>
         <run_address>0x200005b4</run_address>
         <size>0x4</size>
      </object_component>
      <object_component id="oc-35f">
         <name>.common:pbOledFontUser</name>
         <uninitialized>true</uninitialized>
         <run_address>0x200005b8</run_address>
         <size>0x4</size>
      </object_component>
      <object_component id="oc-3a9">
         <name>.common:rgbOledBmp</name>
         <uninitialized>true</uninitialized>
         <run_address>0x2000026c</run_address>
         <size>0x200</size>
      </object_component>
      <object_component id="oc-359">
         <name>.common:xchOledCur</name>
         <uninitialized>true</uninitialized>
         <run_address>0x200005c4</run_address>
         <size>0x4</size>
      </object_component>
      <object_component id="oc-35a">
         <name>.common:ychOledCur</name>
         <uninitialized>true</uninitialized>
         <run_address>0x200005d0</run_address>
         <size>0x4</size>
      </object_component>
      <object_component id="oc-355">
         <name>.common:xchOledMax</name>
         <uninitialized>true</uninitialized>
         <run_address>0x200005c8</run_address>
         <size>0x4</size>
      </object_component>
      <object_component id="oc-358">
         <name>.common:ychOledMax</name>
         <uninitialized>true</uninitialized>
         <run_address>0x200005d4</run_address>
         <size>0x4</size>
      </object_component>
      <object_component id="oc-3a3">
         <name>.common:rgbOledFontUser</name>
         <uninitialized>true</uninitialized>
         <run_address>0x2000046c</run_address>
         <size>0x100</size>
      </object_component>
      <object_component id="oc-3ed">
         <name>.common:pfnDoRop</name>
         <uninitialized>true</uninitialized>
         <run_address>0x200005c0</run_address>
         <size>0x4</size>
      </object_component>
      <object_component id="oc-3ea">
         <name>.common:modOledCur</name>
         <uninitialized>true</uninitialized>
         <run_address>0x200005ac</run_address>
         <size>0x4</size>
      </object_component>
      <object_component id="oc-24">
         <name>.sysmem</name>
         <uninitialized>true</uninitialized>
         <run_address>0x200007f8</run_address>
         <size>0x10</size>
         <input_file_ref idref="fl-d0"/>
      </object_component>
      <object_component id="oc-463">
         <name>.sysmem</name>
         <uninitialized>true</uninitialized>
         <run_address>0x200007f8</run_address>
         <size>0x0</size>
      </object_component>
      <object_component id="oc-27">
         <name>.stack</name>
         <uninitialized>true</uninitialized>
         <run_address>0x200005e0</run_address>
         <size>0x4</size>
         <input_file_ref idref="fl-d1"/>
      </object_component>
      <object_component id="oc-462">
         <name>.stack</name>
         <uninitialized>true</uninitialized>
         <run_address>0x200005e0</run_address>
         <size>0x0</size>
      </object_component>
      <object_component id="oc-c5">
         <name>.debug_info</name>
         <load_address>0x0</load_address>
         <run_address>0x0</run_address>
         <size>0x522</size>
         <input_file_ref idref="fl-2"/>
      </object_component>
      <object_component id="oc-1e9">
         <name>.debug_info</name>
         <load_address>0x522</load_address>
         <run_address>0x522</run_address>
         <size>0xd2</size>
         <input_file_ref idref="fl-2"/>
      </object_component>
      <object_component id="oc-109">
         <name>.debug_info</name>
         <load_address>0x5f4</load_address>
         <run_address>0x5f4</run_address>
         <size>0x3d1</size>
         <input_file_ref idref="fl-2"/>
      </object_component>
      <object_component id="oc-175">
         <name>.debug_info</name>
         <load_address>0x9c5</load_address>
         <run_address>0x9c5</run_address>
         <size>0x86</size>
         <input_file_ref idref="fl-2"/>
      </object_component>
      <object_component id="oc-77">
         <name>.debug_info</name>
         <load_address>0xa4b</load_address>
         <run_address>0xa4b</run_address>
         <size>0x26b</size>
         <input_file_ref idref="fl-2"/>
      </object_component>
      <object_component id="oc-2da">
         <name>.debug_info</name>
         <load_address>0xcb6</load_address>
         <run_address>0xcb6</run_address>
         <size>0x196</size>
         <input_file_ref idref="fl-2"/>
      </object_component>
      <object_component id="oc-39">
         <name>.debug_info</name>
         <load_address>0xe4c</load_address>
         <run_address>0xe4c</run_address>
         <size>0x84</size>
         <input_file_ref idref="fl-2"/>
      </object_component>
      <object_component id="oc-c0">
         <name>.debug_info</name>
         <load_address>0xed0</load_address>
         <run_address>0xed0</run_address>
         <size>0x2a4</size>
         <input_file_ref idref="fl-2"/>
      </object_component>
      <object_component id="oc-297">
         <name>.debug_info</name>
         <load_address>0x1174</load_address>
         <run_address>0x1174</run_address>
         <size>0xef</size>
         <input_file_ref idref="fl-2"/>
      </object_component>
      <object_component id="oc-7c">
         <name>.debug_info</name>
         <load_address>0x1263</load_address>
         <run_address>0x1263</run_address>
         <size>0xbb</size>
         <input_file_ref idref="fl-2"/>
      </object_component>
      <object_component id="oc-2df">
         <name>.debug_info</name>
         <load_address>0x131e</load_address>
         <run_address>0x131e</run_address>
         <size>0x2c</size>
         <input_file_ref idref="fl-2"/>
      </object_component>
      <object_component id="oc-17a">
         <name>.debug_info</name>
         <load_address>0x134a</load_address>
         <run_address>0x134a</run_address>
         <size>0x35</size>
         <input_file_ref idref="fl-2"/>
      </object_component>
      <object_component id="oc-1f9">
         <name>.debug_info</name>
         <load_address>0x137f</load_address>
         <run_address>0x137f</run_address>
         <size>0x353</size>
         <input_file_ref idref="fl-3"/>
      </object_component>
      <object_component id="oc-10f">
         <name>.debug_info</name>
         <load_address>0x16d2</load_address>
         <run_address>0x16d2</run_address>
         <size>0x4fa</size>
         <input_file_ref idref="fl-3"/>
      </object_component>
      <object_component id="oc-244">
         <name>.debug_info</name>
         <load_address>0x1bcc</load_address>
         <run_address>0x1bcc</run_address>
         <size>0x43b</size>
         <input_file_ref idref="fl-4"/>
      </object_component>
      <object_component id="oc-119">
         <name>.debug_info</name>
         <load_address>0x2007</load_address>
         <run_address>0x2007</run_address>
         <size>0x258</size>
         <input_file_ref idref="fl-4"/>
      </object_component>
      <object_component id="oc-219">
         <name>.debug_info</name>
         <load_address>0x225f</load_address>
         <run_address>0x225f</run_address>
         <size>0xc3</size>
         <input_file_ref idref="fl-5"/>
      </object_component>
      <object_component id="oc-21c">
         <name>.debug_info</name>
         <load_address>0x2322</load_address>
         <run_address>0x2322</run_address>
         <size>0xd7</size>
         <input_file_ref idref="fl-5"/>
      </object_component>
      <object_component id="oc-113">
         <name>.debug_info</name>
         <load_address>0x23f9</load_address>
         <run_address>0x23f9</run_address>
         <size>0x51b</size>
         <input_file_ref idref="fl-5"/>
      </object_component>
      <object_component id="oc-130">
         <name>.debug_info</name>
         <load_address>0x2914</load_address>
         <run_address>0x2914</run_address>
         <size>0x8b</size>
         <input_file_ref idref="fl-5"/>
      </object_component>
      <object_component id="oc-1a4">
         <name>.debug_info</name>
         <load_address>0x299f</load_address>
         <run_address>0x299f</run_address>
         <size>0x366</size>
         <input_file_ref idref="fl-6"/>
      </object_component>
      <object_component id="oc-19b">
         <name>.debug_info</name>
         <load_address>0x2d05</load_address>
         <run_address>0x2d05</run_address>
         <size>0xd0</size>
         <input_file_ref idref="fl-6"/>
      </object_component>
      <object_component id="oc-19e">
         <name>.debug_info</name>
         <load_address>0x2dd5</load_address>
         <run_address>0x2dd5</run_address>
         <size>0xd0</size>
         <input_file_ref idref="fl-6"/>
      </object_component>
      <object_component id="oc-1a1">
         <name>.debug_info</name>
         <load_address>0x2ea5</load_address>
         <run_address>0x2ea5</run_address>
         <size>0xce</size>
         <input_file_ref idref="fl-6"/>
      </object_component>
      <object_component id="oc-198">
         <name>.debug_info</name>
         <load_address>0x2f73</load_address>
         <run_address>0x2f73</run_address>
         <size>0xd2</size>
         <input_file_ref idref="fl-6"/>
      </object_component>
      <object_component id="oc-d9">
         <name>.debug_info</name>
         <load_address>0x3045</load_address>
         <run_address>0x3045</run_address>
         <size>0x40b</size>
         <input_file_ref idref="fl-6"/>
      </object_component>
      <object_component id="oc-2a9">
         <name>.debug_info</name>
         <load_address>0x3450</load_address>
         <run_address>0x3450</run_address>
         <size>0x2d5</size>
         <input_file_ref idref="fl-7"/>
      </object_component>
      <object_component id="oc-1ba">
         <name>.debug_info</name>
         <load_address>0x3725</load_address>
         <run_address>0x3725</run_address>
         <size>0x326</size>
         <input_file_ref idref="fl-7"/>
      </object_component>
      <object_component id="oc-349">
         <name>.debug_info</name>
         <load_address>0x3a4b</load_address>
         <run_address>0x3a4b</run_address>
         <size>0x110</size>
         <input_file_ref idref="fl-7"/>
      </object_component>
      <object_component id="oc-12f">
         <name>.debug_info</name>
         <load_address>0x3b5b</load_address>
         <run_address>0x3b5b</run_address>
         <size>0x668</size>
         <input_file_ref idref="fl-8"/>
      </object_component>
      <object_component id="oc-12c">
         <name>.debug_info</name>
         <load_address>0x41c3</load_address>
         <run_address>0x41c3</run_address>
         <size>0xd1</size>
         <input_file_ref idref="fl-8"/>
      </object_component>
      <object_component id="oc-a5">
         <name>.debug_info</name>
         <load_address>0x4294</load_address>
         <run_address>0x4294</run_address>
         <size>0x4da</size>
         <input_file_ref idref="fl-8"/>
      </object_component>
      <object_component id="oc-32">
         <name>.debug_info</name>
         <load_address>0x476e</load_address>
         <run_address>0x476e</run_address>
         <size>0x2a8</size>
         <input_file_ref idref="fl-9"/>
      </object_component>
      <object_component id="oc-13">
         <name>.debug_info</name>
         <load_address>0x4a16</load_address>
         <run_address>0x4a16</run_address>
         <size>0xe7</size>
         <input_file_ref idref="fl-9"/>
      </object_component>
      <object_component id="oc-2b">
         <name>.debug_info</name>
         <load_address>0x4afd</load_address>
         <run_address>0x4afd</run_address>
         <size>0x263</size>
         <input_file_ref idref="fl-9"/>
      </object_component>
      <object_component id="oc-2d9">
         <name>.debug_info</name>
         <load_address>0x4d60</load_address>
         <run_address>0x4d60</run_address>
         <size>0x2e9</size>
         <input_file_ref idref="fl-a"/>
      </object_component>
      <object_component id="oc-2cd">
         <name>.debug_info</name>
         <load_address>0x5049</load_address>
         <run_address>0x5049</run_address>
         <size>0xf0</size>
         <input_file_ref idref="fl-a"/>
      </object_component>
      <object_component id="oc-2d0">
         <name>.debug_info</name>
         <load_address>0x5139</load_address>
         <run_address>0x5139</run_address>
         <size>0x101</size>
         <input_file_ref idref="fl-a"/>
      </object_component>
      <object_component id="oc-2d3">
         <name>.debug_info</name>
         <load_address>0x523a</load_address>
         <run_address>0x523a</run_address>
         <size>0xfd</size>
         <input_file_ref idref="fl-a"/>
      </object_component>
      <object_component id="oc-2d6">
         <name>.debug_info</name>
         <load_address>0x5337</load_address>
         <run_address>0x5337</run_address>
         <size>0xfd</size>
         <input_file_ref idref="fl-a"/>
      </object_component>
      <object_component id="oc-1f3">
         <name>.debug_info</name>
         <load_address>0x5434</load_address>
         <run_address>0x5434</run_address>
         <size>0x1359</size>
         <input_file_ref idref="fl-a"/>
      </object_component>
      <object_component id="oc-2c6">
         <name>.debug_info</name>
         <load_address>0x678d</load_address>
         <run_address>0x678d</run_address>
         <size>0x35b</size>
         <input_file_ref idref="fl-b"/>
      </object_component>
      <object_component id="oc-1ed">
         <name>.debug_info</name>
         <load_address>0x6ae8</load_address>
         <run_address>0x6ae8</run_address>
         <size>0x35a</size>
         <input_file_ref idref="fl-b"/>
      </object_component>
      <object_component id="oc-412">
         <name>.debug_info</name>
         <load_address>0x6e42</load_address>
         <run_address>0x6e42</run_address>
         <size>0xf0</size>
         <input_file_ref idref="fl-c"/>
      </object_component>
      <object_component id="oc-3a1">
         <name>.debug_info</name>
         <load_address>0x6f32</load_address>
         <run_address>0x6f32</run_address>
         <size>0x104</size>
         <input_file_ref idref="fl-c"/>
      </object_component>
      <object_component id="oc-415">
         <name>.debug_info</name>
         <load_address>0x7036</load_address>
         <run_address>0x7036</run_address>
         <size>0xed</size>
         <input_file_ref idref="fl-d"/>
      </object_component>
      <object_component id="oc-3a7">
         <name>.debug_info</name>
         <load_address>0x7123</load_address>
         <run_address>0x7123</run_address>
         <size>0xff</size>
         <input_file_ref idref="fl-d"/>
      </object_component>
      <object_component id="oc-35c">
         <name>.debug_info</name>
         <load_address>0x7222</load_address>
         <run_address>0x7222</run_address>
         <size>0x85d</size>
         <input_file_ref idref="fl-e"/>
      </object_component>
      <object_component id="oc-2c0">
         <name>.debug_info</name>
         <load_address>0x7a7f</load_address>
         <run_address>0x7a7f</run_address>
         <size>0xd65</size>
         <input_file_ref idref="fl-e"/>
      </object_component>
      <object_component id="oc-356">
         <name>.debug_info</name>
         <load_address>0x87e4</load_address>
         <run_address>0x87e4</run_address>
         <size>0x4da</size>
         <input_file_ref idref="fl-f"/>
      </object_component>
      <object_component id="oc-2ba">
         <name>.debug_info</name>
         <load_address>0x8cbe</load_address>
         <run_address>0x8cbe</run_address>
         <size>0xa38</size>
         <input_file_ref idref="fl-f"/>
      </object_component>
      <object_component id="oc-3eb">
         <name>.debug_info</name>
         <load_address>0x96f6</load_address>
         <run_address>0x96f6</run_address>
         <size>0x4b4</size>
         <input_file_ref idref="fl-10"/>
      </object_component>
      <object_component id="oc-350">
         <name>.debug_info</name>
         <load_address>0x9baa</load_address>
         <run_address>0x9baa</run_address>
         <size>0x1f9a</size>
         <input_file_ref idref="fl-10"/>
      </object_component>
      <object_component id="oc-367">
         <name>.debug_info</name>
         <load_address>0xbb44</load_address>
         <run_address>0xbb44</run_address>
         <size>0x2a5</size>
         <input_file_ref idref="fl-11"/>
      </object_component>
      <object_component id="oc-2c9">
         <name>.debug_info</name>
         <load_address>0xbde9</load_address>
         <run_address>0xbde9</run_address>
         <size>0x142</size>
         <input_file_ref idref="fl-cc"/>
      </object_component>
      <object_component id="oc-95">
         <name>.debug_info</name>
         <load_address>0xbf2b</load_address>
         <run_address>0xbf2b</run_address>
         <size>0x2d4</size>
         <input_file_ref idref="fl-cd"/>
      </object_component>
      <object_component id="oc-52">
         <name>.debug_info</name>
         <load_address>0xc1ff</load_address>
         <run_address>0xc1ff</run_address>
         <size>0x1b5</size>
         <input_file_ref idref="fl-cd"/>
      </object_component>
      <object_component id="oc-90">
         <name>.debug_info</name>
         <load_address>0xc3b4</load_address>
         <run_address>0xc3b4</run_address>
         <size>0x46</size>
         <input_file_ref idref="fl-cd"/>
      </object_component>
      <object_component id="oc-cd">
         <name>.debug_info</name>
         <load_address>0xc3fa</load_address>
         <run_address>0xc3fa</run_address>
         <size>0x2c</size>
         <input_file_ref idref="fl-cd"/>
      </object_component>
      <object_component id="oc-49">
         <name>.debug_info</name>
         <load_address>0xc426</load_address>
         <run_address>0xc426</run_address>
         <size>0x2a8</size>
         <input_file_ref idref="fl-ce"/>
      </object_component>
      <object_component id="oc-1f">
         <name>.debug_info</name>
         <load_address>0xc6ce</load_address>
         <run_address>0xc6ce</run_address>
         <size>0x1ea</size>
         <input_file_ref idref="fl-ce"/>
      </object_component>
      <object_component id="oc-44">
         <name>.debug_info</name>
         <load_address>0xc8b8</load_address>
         <run_address>0xc8b8</run_address>
         <size>0x46</size>
         <input_file_ref idref="fl-ce"/>
      </object_component>
      <object_component id="oc-88">
         <name>.debug_info</name>
         <load_address>0xc8fe</load_address>
         <run_address>0xc8fe</run_address>
         <size>0x2c</size>
         <input_file_ref idref="fl-ce"/>
      </object_component>
      <object_component id="oc-86">
         <name>.debug_info</name>
         <load_address>0xc92a</load_address>
         <run_address>0xc92a</run_address>
         <size>0x29e</size>
         <input_file_ref idref="fl-cf"/>
      </object_component>
      <object_component id="oc-19">
         <name>.debug_info</name>
         <load_address>0xcbc8</load_address>
         <run_address>0xcbc8</run_address>
         <size>0x250</size>
         <input_file_ref idref="fl-cf"/>
      </object_component>
      <object_component id="oc-34">
         <name>.debug_info</name>
         <load_address>0xce18</load_address>
         <run_address>0xce18</run_address>
         <size>0x60</size>
         <input_file_ref idref="fl-cf"/>
      </object_component>
      <object_component id="oc-c6">
         <name>.debug_info</name>
         <load_address>0xce78</load_address>
         <run_address>0xce78</run_address>
         <size>0x46</size>
         <input_file_ref idref="fl-cf"/>
      </object_component>
      <object_component id="oc-81">
         <name>.debug_info</name>
         <load_address>0xcebe</load_address>
         <run_address>0xcebe</run_address>
         <size>0x39</size>
         <input_file_ref idref="fl-cf"/>
      </object_component>
      <object_component id="oc-70">
         <name>.debug_info</name>
         <load_address>0xcef7</load_address>
         <run_address>0xcef7</run_address>
         <size>0x3b2</size>
         <input_file_ref idref="fl-d0"/>
      </object_component>
      <object_component id="oc-25">
         <name>.debug_info</name>
         <load_address>0xd2a9</load_address>
         <run_address>0xd2a9</run_address>
         <size>0x10c</size>
         <input_file_ref idref="fl-d0"/>
      </object_component>
      <object_component id="oc-3e3">
         <name>.debug_info</name>
         <load_address>0xd3b5</load_address>
         <run_address>0xd3b5</run_address>
         <size>0x13f</size>
         <input_file_ref idref="fl-d0"/>
      </object_component>
      <object_component id="oc-337">
         <name>.debug_info</name>
         <load_address>0xd4f4</load_address>
         <run_address>0xd4f4</run_address>
         <size>0x168</size>
         <input_file_ref idref="fl-d0"/>
      </object_component>
      <object_component id="oc-33e">
         <name>.debug_info</name>
         <load_address>0xd65c</load_address>
         <run_address>0xd65c</run_address>
         <size>0x18e</size>
         <input_file_ref idref="fl-d0"/>
      </object_component>
      <object_component id="oc-344">
         <name>.debug_info</name>
         <load_address>0xd7ea</load_address>
         <run_address>0xd7ea</run_address>
         <size>0x19f</size>
         <input_file_ref idref="fl-d0"/>
      </object_component>
      <object_component id="oc-2a6">
         <name>.debug_info</name>
         <load_address>0xd989</load_address>
         <run_address>0xd989</run_address>
         <size>0x203</size>
         <input_file_ref idref="fl-d0"/>
      </object_component>
      <object_component id="oc-41f">
         <name>.debug_info</name>
         <load_address>0xdb8c</load_address>
         <run_address>0xdb8c</run_address>
         <size>0x1db</size>
         <input_file_ref idref="fl-d0"/>
      </object_component>
      <object_component id="oc-2a0">
         <name>.debug_info</name>
         <load_address>0xdd67</load_address>
         <run_address>0xdd67</run_address>
         <size>0x1a5</size>
         <input_file_ref idref="fl-d0"/>
      </object_component>
      <object_component id="oc-3df">
         <name>.debug_info</name>
         <load_address>0xdf0c</load_address>
         <run_address>0xdf0c</run_address>
         <size>0x299</size>
         <input_file_ref idref="fl-d0"/>
      </object_component>
      <object_component id="oc-bb">
         <name>.debug_info</name>
         <load_address>0xe1a5</load_address>
         <run_address>0xe1a5</run_address>
         <size>0xb2</size>
         <input_file_ref idref="fl-d0"/>
      </object_component>
      <object_component id="oc-b6">
         <name>.debug_info</name>
         <load_address>0xe257</load_address>
         <run_address>0xe257</run_address>
         <size>0x2c</size>
         <input_file_ref idref="fl-d0"/>
      </object_component>
      <object_component id="oc-28">
         <name>.debug_info</name>
         <load_address>0xe283</load_address>
         <run_address>0xe283</run_address>
         <size>0x10b</size>
         <input_file_ref idref="fl-d1"/>
      </object_component>
      <object_component id="oc-60">
         <name>.debug_info</name>
         <load_address>0xe38e</load_address>
         <run_address>0xe38e</run_address>
         <size>0x1a9</size>
         <input_file_ref idref="fl-d1"/>
      </object_component>
      <object_component id="oc-3ae">
         <name>.debug_info</name>
         <load_address>0xe537</load_address>
         <run_address>0xe537</run_address>
         <size>0x115</size>
         <input_file_ref idref="fl-d2"/>
      </object_component>
      <object_component id="oc-40">
         <name>.debug_info</name>
         <load_address>0xe64c</load_address>
         <run_address>0xe64c</run_address>
         <size>0x119</size>
         <input_file_ref idref="fl-d3"/>
      </object_component>
      <object_component id="oc-97">
         <name>.debug_info</name>
         <load_address>0xe765</load_address>
         <run_address>0xe765</run_address>
         <size>0x147</size>
         <input_file_ref idref="fl-d4"/>
      </object_component>
      <object_component id="oc-25c">
         <name>.debug_info</name>
         <load_address>0xe8ac</load_address>
         <run_address>0xe8ac</run_address>
         <size>0x4b3</size>
         <input_file_ref idref="fl-d5"/>
      </object_component>
      <object_component id="oc-142">
         <name>.debug_info</name>
         <load_address>0xed5f</load_address>
         <run_address>0xed5f</run_address>
         <size>0x1a6</size>
         <input_file_ref idref="fl-d5"/>
      </object_component>
      <object_component id="oc-31b">
         <name>.debug_info</name>
         <load_address>0xef05</load_address>
         <run_address>0xef05</run_address>
         <size>0x39</size>
         <input_file_ref idref="fl-d5"/>
      </object_component>
      <object_component id="oc-3cf">
         <name>.debug_info</name>
         <load_address>0xef3e</load_address>
         <run_address>0xef3e</run_address>
         <size>0x39</size>
         <input_file_ref idref="fl-d5"/>
      </object_component>
      <object_component id="oc-320">
         <name>.debug_info</name>
         <load_address>0xef77</load_address>
         <run_address>0xef77</run_address>
         <size>0x39</size>
         <input_file_ref idref="fl-d5"/>
      </object_component>
      <object_component id="oc-325">
         <name>.debug_info</name>
         <load_address>0xefb0</load_address>
         <run_address>0xefb0</run_address>
         <size>0xcd</size>
         <input_file_ref idref="fl-d5"/>
      </object_component>
      <object_component id="oc-9d">
         <name>.debug_info</name>
         <load_address>0xf07d</load_address>
         <run_address>0xf07d</run_address>
         <size>0x153</size>
         <input_file_ref idref="fl-d6"/>
      </object_component>
      <object_component id="oc-137">
         <name>.debug_info</name>
         <load_address>0xf1d0</load_address>
         <run_address>0xf1d0</run_address>
         <size>0x122</size>
         <input_file_ref idref="fl-d8"/>
      </object_component>
      <object_component id="oc-315">
         <name>.debug_info</name>
         <load_address>0xf2f2</load_address>
         <run_address>0xf2f2</run_address>
         <size>0x2c9</size>
         <input_file_ref idref="fl-d9"/>
      </object_component>
      <object_component id="oc-256">
         <name>.debug_info</name>
         <load_address>0xf5bb</load_address>
         <run_address>0xf5bb</run_address>
         <size>0x11e</size>
         <input_file_ref idref="fl-d9"/>
      </object_component>
      <object_component id="oc-30e">
         <name>.debug_info</name>
         <load_address>0xf6d9</load_address>
         <run_address>0xf6d9</run_address>
         <size>0x12e</size>
         <input_file_ref idref="fl-d9"/>
      </object_component>
      <object_component id="oc-1a6">
         <name>.debug_info</name>
         <load_address>0xf807</load_address>
         <run_address>0xf807</run_address>
         <size>0x36b</size>
         <input_file_ref idref="fl-db"/>
      </object_component>
      <object_component id="oc-1c6">
         <name>.debug_info</name>
         <load_address>0xfb72</load_address>
         <run_address>0xfb72</run_address>
         <size>0x29f</size>
         <input_file_ref idref="fl-db"/>
      </object_component>
      <object_component id="oc-1cd">
         <name>.debug_info</name>
         <load_address>0xfe11</load_address>
         <run_address>0xfe11</run_address>
         <size>0x20c</size>
         <input_file_ref idref="fl-db"/>
      </object_component>
      <object_component id="oc-1df">
         <name>.debug_info</name>
         <load_address>0x1001d</load_address>
         <run_address>0x1001d</run_address>
         <size>0x26b</size>
         <input_file_ref idref="fl-db"/>
      </object_component>
      <object_component id="oc-1c1">
         <name>.debug_info</name>
         <load_address>0x10288</load_address>
         <run_address>0x10288</run_address>
         <size>0x292</size>
         <input_file_ref idref="fl-db"/>
      </object_component>
      <object_component id="oc-df">
         <name>.debug_info</name>
         <load_address>0x1051a</load_address>
         <run_address>0x1051a</run_address>
         <size>0x210</size>
         <input_file_ref idref="fl-db"/>
      </object_component>
      <object_component id="oc-2b0">
         <name>.debug_info</name>
         <load_address>0x1072a</load_address>
         <run_address>0x1072a</run_address>
         <size>0x22b</size>
         <input_file_ref idref="fl-db"/>
      </object_component>
      <object_component id="oc-1d3">
         <name>.debug_info</name>
         <load_address>0x10955</load_address>
         <run_address>0x10955</run_address>
         <size>0x24b</size>
         <input_file_ref idref="fl-db"/>
      </object_component>
      <object_component id="oc-1d9">
         <name>.debug_info</name>
         <load_address>0x10ba0</load_address>
         <run_address>0x10ba0</run_address>
         <size>0x202</size>
         <input_file_ref idref="fl-db"/>
      </object_component>
      <object_component id="oc-1e5">
         <name>.debug_info</name>
         <load_address>0x10da2</load_address>
         <run_address>0x10da2</run_address>
         <size>0x200</size>
         <input_file_ref idref="fl-db"/>
      </object_component>
      <object_component id="oc-279">
         <name>.debug_info</name>
         <load_address>0x10fa2</load_address>
         <run_address>0x10fa2</run_address>
         <size>0x395</size>
         <input_file_ref idref="fl-dc"/>
      </object_component>
      <object_component id="oc-3bf">
         <name>.debug_info</name>
         <load_address>0x11337</load_address>
         <run_address>0x11337</run_address>
         <size>0x121</size>
         <input_file_ref idref="fl-dc"/>
      </object_component>
      <object_component id="oc-3c2">
         <name>.debug_info</name>
         <load_address>0x11458</load_address>
         <run_address>0x11458</run_address>
         <size>0x123</size>
         <input_file_ref idref="fl-dc"/>
      </object_component>
      <object_component id="oc-2fa">
         <name>.debug_info</name>
         <load_address>0x1157b</load_address>
         <run_address>0x1157b</run_address>
         <size>0x115</size>
         <input_file_ref idref="fl-dc"/>
      </object_component>
      <object_component id="oc-383">
         <name>.debug_info</name>
         <load_address>0x11690</load_address>
         <run_address>0x11690</run_address>
         <size>0x20f</size>
         <input_file_ref idref="fl-dc"/>
      </object_component>
      <object_component id="oc-273">
         <name>.debug_info</name>
         <load_address>0x1189f</load_address>
         <run_address>0x1189f</run_address>
         <size>0x21f</size>
         <input_file_ref idref="fl-dc"/>
      </object_component>
      <object_component id="oc-18c">
         <name>.debug_info</name>
         <load_address>0x11abe</load_address>
         <run_address>0x11abe</run_address>
         <size>0x282</size>
         <input_file_ref idref="fl-dc"/>
      </object_component>
      <object_component id="oc-221">
         <name>.debug_info</name>
         <load_address>0x11d40</load_address>
         <run_address>0x11d40</run_address>
         <size>0x1fe</size>
         <input_file_ref idref="fl-dc"/>
      </object_component>
      <object_component id="oc-36c">
         <name>.debug_info</name>
         <load_address>0x11f3e</load_address>
         <run_address>0x11f3e</run_address>
         <size>0x1fc</size>
         <input_file_ref idref="fl-dc"/>
      </object_component>
      <object_component id="oc-38a">
         <name>.debug_info</name>
         <load_address>0x1213a</load_address>
         <run_address>0x1213a</run_address>
         <size>0x223</size>
         <input_file_ref idref="fl-dc"/>
      </object_component>
      <object_component id="oc-187">
         <name>.debug_info</name>
         <load_address>0x1235d</load_address>
         <run_address>0x1235d</run_address>
         <size>0x208</size>
         <input_file_ref idref="fl-dc"/>
      </object_component>
      <object_component id="oc-193">
         <name>.debug_info</name>
         <load_address>0x12565</load_address>
         <run_address>0x12565</run_address>
         <size>0x1e7</size>
         <input_file_ref idref="fl-dc"/>
      </object_component>
      <object_component id="oc-227">
         <name>.debug_info</name>
         <load_address>0x1274c</load_address>
         <run_address>0x1274c</run_address>
         <size>0x1ec</size>
         <input_file_ref idref="fl-dc"/>
      </object_component>
      <object_component id="oc-2e8">
         <name>.debug_info</name>
         <load_address>0x12938</load_address>
         <run_address>0x12938</run_address>
         <size>0x204</size>
         <input_file_ref idref="fl-dc"/>
      </object_component>
      <object_component id="oc-202">
         <name>.debug_info</name>
         <load_address>0x12b3c</load_address>
         <run_address>0x12b3c</run_address>
         <size>0x227</size>
         <input_file_ref idref="fl-dc"/>
      </object_component>
      <object_component id="oc-1fc">
         <name>.debug_info</name>
         <load_address>0x12d63</load_address>
         <run_address>0x12d63</run_address>
         <size>0x23b</size>
         <input_file_ref idref="fl-dc"/>
      </object_component>
      <object_component id="oc-208">
         <name>.debug_info</name>
         <load_address>0x12f9e</load_address>
         <run_address>0x12f9e</run_address>
         <size>0x1fb</size>
         <input_file_ref idref="fl-dc"/>
      </object_component>
      <object_component id="oc-214">
         <name>.debug_info</name>
         <load_address>0x13199</load_address>
         <run_address>0x13199</run_address>
         <size>0x1f9</size>
         <input_file_ref idref="fl-dc"/>
      </object_component>
      <object_component id="oc-290">
         <name>.debug_info</name>
         <load_address>0x13392</load_address>
         <run_address>0x13392</run_address>
         <size>0x368</size>
         <input_file_ref idref="fl-dd"/>
      </object_component>
      <object_component id="oc-2f0">
         <name>.debug_info</name>
         <load_address>0x136fa</load_address>
         <run_address>0x136fa</run_address>
         <size>0x10c</size>
         <input_file_ref idref="fl-dd"/>
      </object_component>
      <object_component id="oc-28d">
         <name>.debug_info</name>
         <load_address>0x13806</load_address>
         <run_address>0x13806</run_address>
         <size>0x111</size>
         <input_file_ref idref="fl-dd"/>
      </object_component>
      <object_component id="oc-1af">
         <name>.debug_info</name>
         <load_address>0x13917</load_address>
         <run_address>0x13917</run_address>
         <size>0x22d</size>
         <input_file_ref idref="fl-dd"/>
      </object_component>
      <object_component id="oc-120">
         <name>.debug_info</name>
         <load_address>0x13b44</load_address>
         <run_address>0x13b44</run_address>
         <size>0x1aa</size>
         <input_file_ref idref="fl-dd"/>
      </object_component>
      <object_component id="oc-20e">
         <name>.debug_info</name>
         <load_address>0x13cee</load_address>
         <run_address>0x13cee</run_address>
         <size>0x1d4</size>
         <input_file_ref idref="fl-dd"/>
      </object_component>
      <object_component id="oc-408">
         <name>.debug_info</name>
         <load_address>0x13ec2</load_address>
         <run_address>0x13ec2</run_address>
         <size>0x371</size>
         <input_file_ref idref="fl-de"/>
      </object_component>
      <object_component id="oc-37d">
         <name>.debug_info</name>
         <load_address>0x14233</load_address>
         <run_address>0x14233</run_address>
         <size>0x1ae</size>
         <input_file_ref idref="fl-de"/>
      </object_component>
      <object_component id="oc-395">
         <name>.debug_info</name>
         <load_address>0x143e1</load_address>
         <run_address>0x143e1</run_address>
         <size>0x1e2</size>
         <input_file_ref idref="fl-de"/>
      </object_component>
      <object_component id="oc-39b">
         <name>.debug_info</name>
         <load_address>0x145c3</load_address>
         <run_address>0x145c3</run_address>
         <size>0x1e6</size>
         <input_file_ref idref="fl-de"/>
      </object_component>
      <object_component id="oc-377">
         <name>.debug_info</name>
         <load_address>0x147a9</load_address>
         <run_address>0x147a9</run_address>
         <size>0x345</size>
         <input_file_ref idref="fl-de"/>
      </object_component>
      <object_component id="oc-371">
         <name>.debug_info</name>
         <load_address>0x14aee</load_address>
         <run_address>0x14aee</run_address>
         <size>0x1f8</size>
         <input_file_ref idref="fl-de"/>
      </object_component>
      <object_component id="oc-38f">
         <name>.debug_info</name>
         <load_address>0x14ce6</load_address>
         <run_address>0x14ce6</run_address>
         <size>0x1ae</size>
         <input_file_ref idref="fl-de"/>
      </object_component>
      <object_component id="oc-1b7">
         <name>.debug_info</name>
         <load_address>0x14e94</load_address>
         <run_address>0x14e94</run_address>
         <size>0x3f2</size>
         <input_file_ref idref="fl-df"/>
      </object_component>
      <object_component id="oc-1a8">
         <name>.debug_info</name>
         <load_address>0x15286</load_address>
         <run_address>0x15286</run_address>
         <size>0x107</size>
         <input_file_ref idref="fl-df"/>
      </object_component>
      <object_component id="oc-126">
         <name>.debug_info</name>
         <load_address>0x1538d</load_address>
         <run_address>0x1538d</run_address>
         <size>0x17e</size>
         <input_file_ref idref="fl-df"/>
      </object_component>
      <object_component id="oc-180">
         <name>.debug_info</name>
         <load_address>0x1550b</load_address>
         <run_address>0x1550b</run_address>
         <size>0x1e9</size>
         <input_file_ref idref="fl-df"/>
      </object_component>
      <object_component id="oc-102">
         <name>.debug_info</name>
         <load_address>0x156f4</load_address>
         <run_address>0x156f4</run_address>
         <size>0x247</size>
         <input_file_ref idref="fl-df"/>
      </object_component>
      <object_component id="oc-e4">
         <name>.debug_info</name>
         <load_address>0x1593b</load_address>
         <run_address>0x1593b</run_address>
         <size>0x221</size>
         <input_file_ref idref="fl-df"/>
      </object_component>
      <object_component id="oc-293">
         <name>.debug_info</name>
         <load_address>0x15b5c</load_address>
         <run_address>0x15b5c</run_address>
         <size>0x51</size>
         <input_file_ref idref="fl-df"/>
      </object_component>
      <object_component id="oc-1ac">
[...]
         <value>0x200005d0</value>
      </symbol>
      <symbol id="sm-32e">
         <name>xchOledMax</name>
         <value>0x200005c8</value>
      </symbol>
      <symbol id="sm-32f">
         <name>ychOledMax</name>
         <value>0x200005d4</value>
      </symbol>
      <symbol id="sm-330">
         <name>rgbOledFontUser</name>
         <value>0x2000046c</value>
      </symbol>
      <symbol id="sm-331">
         <name>OrbitOledPutString</name>
         <value>0x2179</value>
         <object_component_ref idref="oc-2b9"/>
      </symbol>
      <symbol id="sm-332">
         <name>OrbitOledGetCharUpdate</name>
         <value>0x2155</value>
         <object_component_ref idref="oc-2b9"/>
      </symbol>
      <symbol id="sm-333">
         <name>OrbitOledSetCharUpdate</name>
         <value>0x213d</value>
         <object_component_ref idref="oc-2b9"/>
      </symbol>
      <symbol id="sm-334">
         <name>OrbitOledDrawGlyph</name>
         <value>0x21a5</value>
         <object_component_ref idref="oc-2b9"/>
      </symbol>
      <symbol id="sm-335">
         <name>OrbitOledDefUserChar</name>
         <value>0x20ed</value>
         <object_component_ref idref="oc-2b9"/>
      </symbol>
      <symbol id="sm-336">
         <name>OrbitOledGetCursor</name>
         <value>0x20d1</value>
         <object_component_ref idref="oc-2b9"/>
      </symbol>
      <symbol id="sm-337">
         <name>OrbitOledSetCursor</name>
         <value>0x2085</value>
         <object_component_ref idref="oc-2b9"/>
      </symbol>
      <symbol id="sm-338">
         <name>OrbitOledPutChar</name>
         <value>0x215b</value>
         <object_component_ref idref="oc-2b9"/>
      </symbol>
      <symbol id="sm-339">
         <name>OrbitOledAdvanceCursor</name>
         <value>0x221d</value>
         <object_component_ref idref="oc-2b9"/>
      </symbol>
      <symbol id="sm-3d6">
         <name>pfnDoRop</name>
         <value>0x200005c0</value>
      </symbol>
      <symbol id="sm-3d7">
         <name>modOledCur</name>
         <value>0x200005ac</value>
      </symbol>
      <symbol id="sm-3d8">
         <name>OrbitOledGetPixel</name>
         <value>0x1013</value>
         <object_component_ref idref="oc-34f"/>
      </symbol>
      <symbol id="sm-3d9">
         <name>OrbitOledMoveUp</name>
         <value>0x1741</value>
         <object_component_ref idref="oc-34f"/>
      </symbol>
      <symbol id="sm-3da">
         <name>OrbitOledMoveTo</name>
         <value>0xef1</value>
         <object_component_ref idref="oc-34f"/>
      </symbol>
      <symbol id="sm-3db">
         <name>OrbitOledGetDrawMode</name>
         <value>0xfe1</value>
         <object_component_ref idref="oc-34f"/>
      </symbol>
      <symbol id="sm-3dc">
         <name>OrbitOledDrawPixel</name>
         <value>0xfe7</value>
         <object_component_ref idref="oc-34f"/>
      </symbol>
      <symbol id="sm-3dd">
         <name>OrbitOledDrawString</name>
         <value>0x1683</value>
         <object_component_ref idref="oc-34f"/>
      </symbol>
      <symbol id="sm-3de">
         <name>OrbitOledDrawChar</name>
         <value>0x1623</value>
         <object_component_ref idref="oc-34f"/>
      </symbol>
      <symbol id="sm-3df">
         <name>OrbitOledMoveDown</name>
         <value>0x1779</value>
         <object_component_ref idref="oc-34f"/>
      </symbol>
      <symbol id="sm-3e0">
         <name>OrbitOledMoveRight</name>
         <value>0x17c7</value>
         <object_component_ref idref="oc-34f"/>
      </symbol>
      <symbol id="sm-3e1">
         <name>OrbitOledFillRect</name>
         <value>0x11b1</value>
         <object_component_ref idref="oc-34f"/>
      </symbol>
      <symbol id="sm-3e2">
         <name>OrbitOledLineTo</name>
         <value>0x102d</value>
         <object_component_ref idref="oc-34f"/>
      </symbol>
      <symbol id="sm-3e3">
         <name>OrbitOledGetStdPattern</name>
         <value>0xf6b</value>
         <object_component_ref idref="oc-34f"/>
      </symbol>
      <symbol id="sm-3e4">
         <name>OrbitOledSetDrawColor</name>
         <value>0xf53</value>
         <object_component_ref idref="oc-34f"/>
      </symbol>
      <symbol id="sm-3e5">
         <name>OrbitOledDrawRect</name>
         <value>0x112d</value>
         <object_component_ref idref="oc-34f"/>
      </symbol>
      <symbol id="sm-3e6">
         <name>OrbitOledClampYco</name>
         <value>0x1801</value>
         <object_component_ref idref="oc-34f"/>
      </symbol>
      <symbol id="sm-3e7">
         <name>OrbitOledGetPos</name>
         <value>0xf37</value>
         <object_component_ref idref="oc-34f"/>
      </symbol>
      <symbol id="sm-3e8">
         <name>OrbitOledRopSet</name>
         <value>0x16a1</value>
         <object_component_ref idref="oc-34f"/>
      </symbol>
      <symbol id="sm-3e9">
         <name>OrbitOledRopXor</name>
         <value>0x1713</value>
         <object_component_ref idref="oc-34f"/>
      </symbol>
      <symbol id="sm-3ea">
         <name>OrbitOledGetBmp</name>
         <value>0x12f5</value>
         <object_component_ref idref="oc-34f"/>
      </symbol>
      <symbol id="sm-3eb">
         <name>OrbitOledMoveLeft</name>
         <value>0x17af</value>
         <object_component_ref idref="oc-34f"/>
      </symbol>
      <symbol id="sm-3ec">
         <name>OrbitOledRopAnd</name>
         <value>0x16ef</value>
         <object_component_ref idref="oc-34f"/>
      </symbol>
      <symbol id="sm-3ed">
         <name>OrbitOledPutBmp</name>
         <value>0x1455</value>
         <object_component_ref idref="oc-34f"/>
      </symbol>
      <symbol id="sm-3ee">
         <name>OrbitOledSetDrawMode</name>
         <value>0xf8d</value>
         <object_component_ref idref="oc-34f"/>
      </symbol>
      <symbol id="sm-3ef">
         <name>OrbitOledClampXco</name>
         <value>0x17e1</value>
         <object_component_ref idref="oc-34f"/>
      </symbol>
      <symbol id="sm-3f0">
         <name>OrbitOledSetFillPattern</name>
         <value>0xf7d</value>
         <object_component_ref idref="oc-34f"/>
      </symbol>
      <symbol id="sm-3f1">
         <name>OrbitOledRopOr</name>
         <value>0x16cb</value>
         <object_component_ref idref="oc-34f"/>
      </symbol>
      <symbol id="sm-403">
         <name>DelayMs</name>
         <value>0x2fc3</value>
         <object_component_ref idref="oc-364"/>
      </symbol>
      <symbol id="sm-404">
         <name>DelayInit</name>
         <value>0x2fa9</value>
         <object_component_ref idref="oc-364"/>
      </symbol>
      <symbol id="sm-413">
         <name>__aeabi_uidivmod</name>
         <value>0x3259</value>
         <object_component_ref idref="oc-2c7"/>
      </symbol>
      <symbol id="sm-414">
         <name>__aeabi_uidiv</name>
         <value>0x3259</value>
         <object_component_ref idref="oc-2c7"/>
      </symbol>
      <symbol id="sm-42b">
         <name>__TI_zero_init</name>
         <value>0x35e3</value>
         <object_component_ref idref="oc-50"/>
      </symbol>
      <symbol id="sm-442">
         <name>__TI_decompress_none</name>
         <value>0x35b1</value>
         <object_component_ref idref="oc-1b"/>
      </symbol>
      <symbol id="sm-465">
         <name>__TI_decompress_lzss</name>
         <value>0x2ee1</value>
         <object_component_ref idref="oc-15"/>
      </symbol>
      <symbol id="sm-4fa">
         <name>_sys_memory</name>
         <value>0x200007f8</value>
         <object_component_ref idref="oc-24"/>
      </symbol>
      <symbol id="sm-4fb">
         <name>free</name>
         <value>0x2995</value>
         <object_component_ref idref="oc-2a2"/>
      </symbol>
      <symbol id="sm-4fc">
         <name>memalign</name>
         <value>0x27a1</value>
         <object_component_ref idref="oc-3db"/>
      </symbol>
      <symbol id="sm-4fd">
         <name>calloc</name>
         <value>0x32d5</value>
         <object_component_ref idref="oc-29c"/>
      </symbol>
      <symbol id="sm-4fe">
         <name>malloc</name>
         <value>0x363f</value>
         <object_component_ref idref="oc-333"/>
      </symbol>
      <symbol id="sm-4ff">
         <name>aligned_alloc</name>
         <value>0x27a1</value>
         <object_component_ref idref="oc-3db"/>
      </symbol>
      <symbol id="sm-512">
         <name>__stack</name>
         <value>0x200005e0</value>
         <object_component_ref idref="oc-27"/>
      </symbol>
      <symbol id="sm-513">
         <name>_c_int00_noargs</name>
         <value>0x3375</value>
         <object_component_ref idref="oc-5c"/>
      </symbol>
      <symbol id="sm-51d">
         <name>__aeabi_idiv0</name>
         <value>0x318b</value>
         <object_component_ref idref="oc-3ad"/>
      </symbol>
      <symbol id="sm-51e">
         <name>__aeabi_ldiv0</name>
         <value>0x318b</value>
         <object_component_ref idref="oc-3ad"/>
      </symbol>
      <symbol id="sm-539">
         <name>memcpy</name>
         <value>0x2c09</value>
         <object_component_ref idref="oc-3e"/>
      </symbol>
      <symbol id="sm-53a">
         <name>__aeabi_memcpy</name>
         <value>0x2c09</value>
         <object_component_ref idref="oc-3e"/>
      </symbol>
      <symbol id="sm-53b">
         <name>__aeabi_memcpy8</name>
         <value>0x2c09</value>
         <object_component_ref idref="oc-3e"/>
      </symbol>
      <symbol id="sm-53c">
         <name>__aeabi_memcpy4</name>
         <value>0x2c09</value>
         <object_component_ref idref="oc-3e"/>
      </symbol>
      <symbol id="sm-54b">
         <name>__aeabi_memset</name>
         <value>0x2d21</value>
         <object_component_ref idref="oc-96"/>
      </symbol>
      <symbol id="sm-54c">
         <name>memset</name>
         <value>0x2d27</value>
         <object_component_ref idref="oc-96"/>
      </symbol>
      <symbol id="sm-54d">
         <name>__aeabi_memset8</name>
         <value>0x2d21</value>
         <object_component_ref idref="oc-96"/>
      </symbol>
      <symbol id="sm-54e">
         <name>__aeabi_memset4</name>
         <value>0x2d21</value>
         <object_component_ref idref="oc-96"/>
      </symbol>
      <symbol id="sm-54f">
         <name>__aeabi_memclr8</name>
         <value>0x2d1f</value>
         <object_component_ref idref="oc-96"/>
      </symbol>
      <symbol id="sm-550">
         <name>__aeabi_memclr4</name>
         <value>0x2d1f</value>
         <object_component_ref idref="oc-96"/>
      </symbol>
      <symbol id="sm-551">
         <name>__aeabi_memclr</name>
         <value>0x2d1f</value>
         <object_component_ref idref="oc-96"/>
      </symbol>
      <symbol id="sm-579">
         <name>__TI_auto_init_nobinit_nopinit</name>
         <value>0x3215</value>
         <object_component_ref idref="oc-141"/>
      </symbol>
      <symbol id="sm-583">
         <name>_system_pre_init</name>
         <value>0x3665</value>
         <object_component_ref idref="oc-9c"/>
      </symbol>
      <symbol id="sm-58f">
         <name>C$$EXIT</name>
         <value>0x3669</value>
         <object_component_ref idref="oc-135"/>
      </symbol>
      <symbol id="sm-590">
         <name>abort</name>
         <value>0x3669</value>
         <object_component_ref idref="oc-135"/>
      </symbol>
      <symbol id="sm-5a5">
         <name>_nop</name>
         <value>0x2687</value>
         <object_component_ref idref="oc-30d"/>
      </symbol>
      <symbol id="sm-5a6">
         <name>_lock</name>
         <value>0x200007e0</value>
         <object_component_ref idref="oc-255"/>
      </symbol>
      <symbol id="sm-5a7">
         <name>_unlock</name>
         <value>0x200007e4</value>
         <object_component_ref idref="oc-255"/>
      </symbol>
      <symbol id="sm-606">
         <name>ADCProcessorTrigger</name>
         <value>0x34a7</value>
         <object_component_ref idref="oc-dc"/>
      </symbol>
      <symbol id="sm-607">
         <name>ADCSequenceEnable</name>
         <value>0x3595</value>
         <object_component_ref idref="oc-1ca"/>
      </symbol>
      <symbol id="sm-608">
         <name>ADCSequenceConfigure</name>
         <value>0x30ad</value>
         <object_component_ref idref="oc-1be"/>
      </symbol>
      <symbol id="sm-609">
         <name>ADCIntEnable</name>
         <value>0x3555</value>
         <object_component_ref idref="oc-1d6"/>
      </symbol>
      <symbol id="sm-60a">
         <name>ADCSequenceStepConfigure</name>
         <value>0x2ca5</value>
         <object_component_ref idref="oc-1c4"/>
      </symbol>
      <symbol id="sm-60b">
         <name>ADCIntClear</name>
         <value>0x35fb</value>
         <object_component_ref idref="oc-1e2"/>
      </symbol>
      <symbol id="sm-60c">
         <name>ADCIntRegister</name>
         <value>0x348f</value>
         <object_component_ref idref="oc-1d0"/>
      </symbol>
      <symbol id="sm-60d">
         <name>ADCSequenceDataGet</name>
         <value>0x341d</value>
         <object_component_ref idref="oc-1dc"/>
      </symbol>
      <symbol id="sm-6ae">
         <name>GPIOIntRegister</name>
         <value>0x34bf</value>
         <object_component_ref idref="oc-1fa"/>
      </symbol>
      <symbol id="sm-6af">
         <name>GPIOPinConfigure</name>
         <value>0x30f9</value>
         <object_component_ref idref="oc-225"/>
      </symbol>
      <symbol id="sm-6b0">
         <name>GPIOIntEnable</name>
         <value>0x35cb</value>
         <object_component_ref idref="oc-206"/>
      </symbol>
      <symbol id="sm-6b1">
         <name>GPIOIntTypeSet</name>
         <value>0x3005</value>
         <object_component_ref idref="oc-200"/>
      </symbol>
      <symbol id="sm-6b2">
         <name>GPIOPinTypeGPIOInput</name>
         <value>0x34d7</value>
         <object_component_ref idref="oc-185"/>
      </symbol>
      <symbol id="sm-6b3">
         <name>GPIOIntClear</name>
         <value>0x3647</value>
         <object_component_ref idref="oc-212"/>
      </symbol>
      <symbol id="sm-6b4">
         <name>GPIOPinTypeUART</name>
         <value>0x3503</value>
         <object_component_ref idref="oc-21f"/>
      </symbol>
      <symbol id="sm-6b5">
         <name>GPIOPinTypeGPIOOutput</name>
         <value>0x3475</value>
         <object_component_ref idref="oc-388"/>
      </symbol>
      <symbol id="sm-6b6">
         <name>GPIOPinRead</name>
         <value>0x364d</value>
         <object_component_ref idref="oc-191"/>
      </symbol>
      <symbol id="sm-6b7">
         <name>GPIODirModeSet</name>
         <value>0x33a9</value>
         <object_component_ref idref="oc-272"/>
      </symbol>
      <symbol id="sm-6b8">
         <name>GPIOPinWrite</name>
         <value>0x3653</value>
         <object_component_ref idref="oc-382"/>
      </symbol>
      <symbol id="sm-6b9">
         <name>GPIOPadConfigSet</name>
         <value>0x2289</value>
         <object_component_ref idref="oc-18b"/>
      </symbol>
      <symbol id="sm-6ba">
         <name>GPIOPinTypeSSI</name>
         <value>0x34ed</value>
         <object_component_ref idref="oc-36a"/>
      </symbol>
      <symbol id="sm-6f4">
         <name>IntEnable</name>
         <value>0x2e79</value>
         <object_component_ref idref="oc-20c"/>
      </symbol>
      <symbol id="sm-6f5">
         <name>IntRegister</name>
         <value>0x330d</value>
         <object_component_ref idref="oc-1ad"/>
      </symbol>
      <symbol id="sm-6f6">
         <name>g_pfnRAMVectors</name>
         <value>0x20000000</value>
         <object_component_ref idref="oc-28c"/>
      </symbol>
      <symbol id="sm-6f7">
         <name>IntMasterEnable</name>
         <value>0x3565</value>
         <object_component_ref idref="oc-11e"/>
      </symbol>
      <symbol id="sm-72f">
         <name>SSIDataPut</name>
         <value>0x3605</value>
         <object_component_ref idref="oc-394"/>
      </symbol>
      <symbol id="sm-730">
         <name>SSIDataGet</name>
         <value>0x35d7</value>
         <object_component_ref idref="oc-39a"/>
      </symbol>
      <symbol id="sm-731">
         <name>SSIConfigSetExpClk</name>
         <value>0x3299</value>
         <object_component_ref idref="oc-376"/>
      </symbol>
      <symbol id="sm-732">
         <name>SSIEnable</name>
         <value>0x360f</value>
         <object_component_ref idref="oc-37c"/>
      </symbol>
      <symbol id="sm-733">
         <name>SSIClockSourceSet</name>
         <value>0x3659</value>
         <object_component_ref idref="oc-370"/>
      </symbol>
      <symbol id="sm-734">
         <name>SSIBusy</name>
         <value>0x3637</value>
         <object_component_ref idref="oc-38e"/>
      </symbol>
      <symbol id="sm-793">
         <name>SysCtlClockSet</name>
         <value>0x28a1</value>
         <object_component_ref idref="oc-100"/>
      </symbol>
      <symbol id="sm-794">
         <name>SysCtlDelay</name>
         <value>0x365f</value>
         <object_component_ref idref="oc-124"/>
      </symbol>
      <symbol id="sm-795">
         <name>SysCtlPeripheralEnable</name>
         <value>0x3341</value>
         <object_component_ref idref="oc-17f"/>
      </symbol>
      <symbol id="sm-796">
         <name>SysCtlReset</name>
         <value>0x3575</value>
         <object_component_ref idref="oc-125"/>
      </symbol>
      <symbol id="sm-797">
         <name>SysCtlClockGet</name>
         <value>0x2689</value>
         <object_component_ref idref="oc-e2"/>
      </symbol>
      <symbol id="sm-7c4">
         <name>SysTickEnable</name>
         <value>0x3519</value>
         <object_component_ref idref="oc-fa"/>
      </symbol>
      <symbol id="sm-7c5">
         <name>SysTickIntRegister</name>
         <value>0x343d</value>
         <object_component_ref idref="oc-ee"/>
      </symbol>
      <symbol id="sm-7c6">
         <name>SysTickIntEnable</name>
         <value>0x352d</value>
         <object_component_ref idref="oc-f4"/>
      </symbol>
      <symbol id="sm-7c7">
         <name>SysTickPeriodSet</name>
         <value>0x3585</value>
         <object_component_ref idref="oc-e8"/>
      </symbol>
      <symbol id="sm-7eb">
         <name>TimerEnable</name>
         <value>0x35a3</value>
         <object_component_ref idref="oc-3f9"/>
      </symbol>
      <symbol id="sm-7ec">
         <name>TimerValueGet</name>
         <value>0x3619</value>
         <object_component_ref idref="oc-3ff"/>
      </symbol>
      <symbol id="sm-7ed">
         <name>TimerConfigure</name>
         <value>0x2f49</value>
         <object_component_ref idref="oc-3f3"/>
      </symbol>
      <symbol id="sm-81f">
         <name>UARTConfigSetExpClk</name>
         <value>0x3145</value>
         <object_component_ref idref="oc-22b"/>
      </symbol>
      <symbol id="sm-820">
         <name>UARTDisable</name>
         <value>0x33fd</value>
         <object_component_ref idref="oc-2fd"/>
      </symbol>
      <symbol id="sm-821">
         <name>UARTCharPut</name>
         <value>0x3623</value>
         <object_component_ref idref="oc-23d"/>
      </symbol>
      <symbol id="sm-822">
         <name>UARTEnable</name>
         <value>0x3541</value>
         <object_component_ref idref="oc-237"/>
      </symbol>
      <symbol id="sm-823">
         <name>UARTFIFOEnable</name>
         <value>0x362d</value>
         <object_component_ref idref="oc-231"/>
      </symbol>
      <symbol id="sm-82d">
         <name>CPUcpsie</name>
         <value>0x35bf</value>
         <object_component_ref idref="oc-245"/>
      </symbol>
      <symbol id="sm-82e">
         <name>__TI_static_base__</name>
         <value>0x0</value>
      </symbol>
      <symbol id="sm-831">
         <name>__mpu_init</name>
         <value>0x0</value>
      </symbol>
      <symbol id="sm-832">
         <name>_system_post_cinit</name>
         <value>0x0</value>
      </symbol>
   </symbol_table>
   <title>Link successful</title>
</link_info>
