******************************************************************************
                  TI ARM Linker PC v20.2.7                     
******************************************************************************
>> Linked Sat May 11 13:04:39 2024

OUTPUT FILE NAME:   <Helicopter_M1.out>
ENTRY POINT SYMBOL: "_c_int00_noargs"  address: 00003375


MEMORY CONFIGURATION

         name            origin    length      used     unused   attr    fill
----------------------  --------  ---------  --------  --------  ----  --------
  FLASH                 00000000   00040000  00003cfc  0003c304  R  X
  SRAM                  20000000   00008000  00000806  000077fa  RW X


SEGMENT ALLOCATION MAP

run origin  load origin   length   init length attrs members
----------  ----------- ---------- ----------- ----- -------
00000000    00000000    00003d00   00003d00    r-x
  00000000    00000000    0000026c   0000026c    r-- .intvecs
  0000026c    0000026c    00003400   00003400    r-x .text
  0000366c    0000366c    00000648   00000648    r-- .const
  00003cb8    00003cb8    00000048   00000048    r-- .cinit
20000000    20000000    00000808   00000000    rw-
  20000000    20000000    0000026c   00000000    rw- .vtable
  2000026c    2000026c    00000373   00000000    rw- .bss
  200005e0    200005e0    00000200   00000000    rw- .stack
  200007e0    200007e0    00000017   00000000    rw- .data
  200007f8    200007f8    00000010   00000000    rw- .sysmem


SECTION ALLOCATION MAP

 output                                  attributes/
section   page    origin      length       input sections
--------  ----  ----------  ----------   ----------------
.intvecs   0    00000000    0000026c     
                  00000000    0000026c     tm4c123gh6pm_startup_ccs.obj (.intvecs)

.text      0    0000026c    00003400     
                  0000026c    00000c84     ustdlib.obj (.text)
                  00000ef0    00000950     OrbitOledGrph.obj (.text)
                  00001840    0000037c     OrbitOled.obj (.text)
                  00001bbc    00000288     buttons4.obj (.text)
                  00001e44    00000240     Yaw.obj (.text)
                  00002084    00000204     OrbitOledChar.obj (.text)
                  00002288    0000016c     driverlib.lib : gpio.obj (.text:GPIOPadConfigSet)
                  000023f4    0000014c     milestone1.obj (.text)
                  00002540    00000146     Display.obj (.text)
                  00002686    00000002     rtsv7M4_T_le_v4SPD16_eabi.lib : _lock.c.obj (.text:_nop)
                  00002688    00000118     driverlib.lib : sysctl.obj (.text:SysCtlClockGet)
                  000027a0    00000100     rtsv7M4_T_le_v4SPD16_eabi.lib : memory.c.obj (.text:aligned_alloc)
                  000028a0    000000f4     driverlib.lib : sysctl.obj (.text:SysCtlClockSet)
                  00002994    000000e4     rtsv7M4_T_le_v4SPD16_eabi.lib : memory.c.obj (.text:free)
                  00002a78    000000d8     Altitude.obj (.text)
                  00002b50    000000b8     circBufT.obj (.text)
                  00002c08    0000009c     rtsv7M4_T_le_v4SPD16_eabi.lib : memcpy_t2.asm.obj (.text)
                  00002ca4    0000007a     driverlib.lib : adc.obj (.text:ADCSequenceStepConfigure)
                  00002d1e    0000007a     rtsv7M4_T_le_v4SPD16_eabi.lib : memset_t2.asm.obj (.text)
                  00002d98    00000070     UART.obj (.text)
                  00002e08    00000070     rtsv7M4_T_le_v4SPD16_eabi.lib : memory.c.obj (.text:split)
                  00002e78    00000068     driverlib.lib : interrupt.obj (.text:IntEnable)
                  00002ee0    00000068     rtsv7M4_T_le_v4SPD16_eabi.lib : copy_decompress_lzss.c.obj (.text:decompress:lzss:__TI_decompress_lzss)
                  00002f48    00000060     driverlib.lib : timer.obj (.text:TimerConfigure)
                  00002fa8    0000005c     delay.obj (.text)
                  00003004    00000058     driverlib.lib : gpio.obj (.text:GPIOIntTypeSet)
                  0000305c    00000050                   : adc.obj (.text:_ADCIntNumberGet)
                  000030ac    0000004c                   : adc.obj (.text:ADCSequenceConfigure)
                  000030f8    0000004c                   : gpio.obj (.text:GPIOPinConfigure)
                  00003144    00000046                   : uart.obj (.text:UARTConfigSetExpClk)
                  0000318a    00000002     rtsv7M4_T_le_v4SPD16_eabi.lib : div0.asm.obj (.text)
                  0000318c    00000044     OrbitOLEDInterface.obj (.text)
                  000031d0    00000044     driverlib.lib : gpio.obj (.text:_GPIOIntNumberGet)
                  00003214    00000044     rtsv7M4_T_le_v4SPD16_eabi.lib : autoinit.c.obj (.text:__TI_auto_init_nobinit_nopinit:__TI_auto_init_nobinit_nopinit)
                  00003258    00000040                                   : u_divt2.asm.obj (.text)
                  00003298    0000003c     driverlib.lib : ssi.obj (.text:SSIConfigSetExpClk)
                  000032d4    00000038     rtsv7M4_T_le_v4SPD16_eabi.lib : memory.c.obj (.text:calloc)
                  0000330c    00000034     driverlib.lib : interrupt.obj (.text:IntRegister)
                  00003340    00000034                   : sysctl.obj (.text:SysCtlPeripheralEnable)
                  00003374    00000034     rtsv7M4_T_le_v4SPD16_eabi.lib : boot_cortex_m.c.obj (.text:_c_int00_noargs:_c_int00_noargs)
                  000033a8    0000002c     driverlib.lib : gpio.obj (.text:GPIODirModeSet)
                  000033d4    00000028     rtsv7M4_T_le_v4SPD16_eabi.lib : memory.c.obj (.text:free_list_insert)
                  000033fc    00000020     driverlib.lib : uart.obj (.text:UARTDisable)
                  0000341c    0000001e                   : adc.obj (.text:ADCSequenceDataGet)
                  0000343a    00000002     --HOLE-- [fill = 0]
                  0000343c    0000001c                   : systick.obj (.text:SysTickIntRegister)
                  00003458    0000001c     rtsv7M4_T_le_v4SPD16_eabi.lib : memory.c.obj (.text:free_list_remove)
                  00003474    0000001a     driverlib.lib : gpio.obj (.text:GPIOPinTypeGPIOOutput)
                  0000348e    00000018                   : adc.obj (.text:ADCIntRegister)
                  000034a6    00000018                   : adc.obj (.text:ADCProcessorTrigger)
                  000034be    00000018                   : gpio.obj (.text:GPIOIntRegister)
                  000034d6    00000016                   : gpio.obj (.text:GPIOPinTypeGPIOInput)
                  000034ec    00000016                   : gpio.obj (.text:GPIOPinTypeSSI)
                  00003502    00000016                   : gpio.obj (.text:GPIOPinTypeUART)
                  00003518    00000014                   : systick.obj (.text:SysTickEnable)
                  0000352c    00000014                   : systick.obj (.text:SysTickIntEnable)
                  00003540    00000014                   : uart.obj (.text:UARTEnable)
                  00003554    00000010                   : adc.obj (.text:ADCIntEnable)
                  00003564    00000010                   : interrupt.obj (.text:IntMasterEnable)
                  00003574    00000010                   : sysctl.obj (.text:SysCtlReset)
                  00003584    00000010                   : systick.obj (.text:SysTickPeriodSet)
                  00003594    0000000e                   : adc.obj (.text:ADCSequenceEnable)
                  000035a2    0000000e                   : timer.obj (.text:TimerEnable)
                  000035b0    0000000e     rtsv7M4_T_le_v4SPD16_eabi.lib : copy_decompress_none.c.obj (.text:decompress:none:__TI_decompress_none)
                  000035be    0000000c     driverlib.lib : cpu.obj (.text:CPUcpsie)
                  000035ca    0000000c                   : gpio.obj (.text:GPIOIntEnable)
                  000035d6    0000000c                   : ssi.obj (.text:SSIDataGet)
                  000035e2    0000000c     rtsv7M4_T_le_v4SPD16_eabi.lib : copy_zero_init.c.obj (.text:decompress:ZI:__TI_zero_init)
                  000035ee    0000000c     tm4c123gh6pm_startup_ccs.obj (.text)
                  000035fa    0000000a     driverlib.lib : adc.obj (.text:ADCIntClear)
                  00003604    0000000a                   : ssi.obj (.text:SSIDataPut)
                  0000360e    0000000a                   : ssi.obj (.text:SSIEnable)
                  00003618    0000000a                   : timer.obj (.text:TimerValueGet)
                  00003622    0000000a                   : uart.obj (.text:UARTCharPut)
                  0000362c    0000000a                   : uart.obj (.text:UARTFIFOEnable)
                  00003636    00000008                   : ssi.obj (.text:SSIBusy)
                  0000363e    00000008     rtsv7M4_T_le_v4SPD16_eabi.lib : memory.c.obj (.text:malloc)
                  00003646    00000006     driverlib.lib : gpio.obj (.text:GPIOIntClear)
                  0000364c    00000006                   : gpio.obj (.text:GPIOPinRead)
                  00003652    00000006                   : gpio.obj (.text:GPIOPinWrite)
                  00003658    00000006                   : ssi.obj (.text:SSIClockSourceSet)
                  0000365e    00000006                   : sysctl.obj (.text:SysCtlDelay)
                  00003664    00000004     rtsv7M4_T_le_v4SPD16_eabi.lib : pre_init.c.obj (.text:_system_pre_init)
                  00003668    00000004                                   : exit.c.obj (.text:abort:abort)

.const     0    0000366c    00000648     
                  0000366c    00000300     ChrFont0.obj (.const:.string:rgbOledFont0)
                  0000396c    000000d8     driverlib.lib : gpio.obj (.const:g_ppui32GPIOIntMapSnowflake)
                  00003a44    000000c0                   : gpio.obj (.const:g_ppui32GPIOIntMapBlizzard)
                  00003b04    00000090                   : gpio.obj (.const:g_pui32GPIOBaseAddrs)
                  00003b94    0000006c                   : sysctl.obj (.const:g_pui32Xtals)
                  00003c00    00000040     FillPat.obj (.const:.string:rgbFillPat)
                  00003c40    00000030     ustdlib.obj (.const:g_psDaysToMonth)
                  00003c70    00000018     ustdlib.obj (.const:g_pfExponents)
                  00003c88    00000014     driverlib.lib : interrupt.obj (.const:g_pui32EnRegs)
                  00003c9c    00000012     ustdlib.obj (.const:.string)
                  00003cae    00000002     --HOLE-- [fill = 0]
                  00003cb0    00000004     ustdlib.obj (.const)

.cinit     0    00003cb8    00000048     
                  00003cb8    00000010     (.cinit..data.load) [load image, compression = lzss]
                  00003cc8    0000000c     (__TI_handler_table)
                  00003cd4    00000004     --HOLE-- [fill = 0]
                  00003cd8    00000008     (.cinit..bss.load) [load image, compression = zero_init]
                  00003ce0    00000008     (.cinit..vtable.load) [load image, compression = zero_init]
                  00003ce8    00000018     (__TI_cinit_table)

.init_array 
*          0    00000000    00000000     UNINITIALIZED

.vtable    0    20000000    0000026c     UNINITIALIZED
                  20000000    0000026c     driverlib.lib : interrupt.obj (.vtable)

.bss       0    2000026c    00000373     UNINITIALIZED
                  2000026c    00000200     (.common:rgbOledBmp)
                  2000046c    00000100     (.common:rgbOledFontUser)
                  2000056c    00000010     Altitude.obj (.bss:g_inBuffer)
                  2000057c    00000008     buttons4.obj (.bss:but_count)
                  20000584    00000008     buttons4.obj (.bss:but_flag)
                  2000058c    00000008     buttons4.obj (.bss:but_normal)
                  20000594    00000008     buttons4.obj (.bss:but_state)
                  2000059c    00000004     (.common:bnOledCur)
                  200005a0    00000004     (.common:dxcoOledFontCur)
                  200005a4    00000004     (.common:dycoOledFontCur)
                  200005a8    00000004     (.common:fOledCharUpdate)
                  200005ac    00000004     (.common:modOledCur)
                  200005b0    00000004     (.common:pbOledCur)
                  200005b4    00000004     (.common:pbOledFontCur)
                  200005b8    00000004     (.common:pbOledFontUser)
                  200005bc    00000004     (.common:pbOledPatCur)
                  200005c0    00000004     (.common:pfnDoRop)
                  200005c4    00000004     (.common:xchOledCur)
                  200005c8    00000004     (.common:xchOledMax)
                  200005cc    00000004     (.common:xcoOledCur)
                  200005d0    00000004     (.common:ychOledCur)
                  200005d4    00000004     (.common:ychOledMax)
                  200005d8    00000004     (.common:ycoOledCur)
                  200005dc    00000002     Yaw.obj (.bss)
                  200005de    00000001     (.common:clrOledCur)

.stack     0    200005e0    00000200     UNINITIALIZED
                  200005e0    00000004     rtsv7M4_T_le_v4SPD16_eabi.lib : boot_cortex_m.c.obj (.stack)
                  200005e4    000001fc     --HOLE--

.data      0    200007e0    00000017     UNINITIALIZED
                  200007e0    00000008     rtsv7M4_T_le_v4SPD16_eabi.lib : _lock.c.obj (.data:$O1$$)
                  200007e8    00000008                                   : memory.c.obj (.data:$O1$$)
                  200007f0    00000004     ustdlib.obj (.data)
                  200007f4    00000002     milestone1.obj (.data)
                  200007f6    00000001     Yaw.obj (.data)

.sysmem    0    200007f8    00000010     UNINITIALIZED
                  200007f8    00000010     rtsv7M4_T_le_v4SPD16_eabi.lib : memory.c.obj (.sysmem)

__llvm_prf_cnts 
*          0    20000000    00000000     UNINITIALIZED

MODULE SUMMARY

       Module                         code    ro data   rw data
       ------                         ----    -------   -------
    .\
       ustdlib.obj                    3204    94        4      
       buttons4.obj                   648     0         32     
       tm4c123gh6pm_startup_ccs.obj   12      620       0      
       Yaw.obj                        576     0         3      
       milestone1.obj                 332     0         2      
       Display.obj                    326     0         0      
       Altitude.obj                   216     0         16     
       circBufT.obj                   184     0         0      
       UART.obj                       112     0         0      
    +--+------------------------------+-------+---------+---------+
       Total:                         5610    714       57     
                                                               
    .\OrbitOLED\
       OrbitOLEDInterface.obj         68      0         0      
    +--+------------------------------+-------+---------+---------+
       Total:                         68      0         0      
                                                               
    .\OrbitOLED\lib_OrbitOled\
       OrbitOledGrph.obj              2384    0         8      
       OrbitOled.obj                  892     0         553    
       OrbitOledChar.obj              516     0         272    
       ChrFont0.obj                   0       768       0      
       delay.obj                      92      0         0      
       FillPat.obj                    0       64        0      
    +--+------------------------------+-------+---------+---------+
       Total:                         3884    832       833    
                                                               
    C:/ti/TivaWare_C_Series-2.2.0.295/driverlib/ccs/Debug/driverlib.lib
       gpio.obj                       786     552       0      
       interrupt.obj                  172     20        620    
       sysctl.obj                     598     108       0      
       adc.obj                        396     0         0      
       uart.obj                       142     0         0      
       timer.obj                      120     0         0      
       ssi.obj                        106     0         0      
       systick.obj                    84      0         0      
       cpu.obj                        12      0         0      
    +--+------------------------------+-------+---------+---------+
       Total:                         2416    680       620    
                                                               
    C:\ti\ccs1250\ccs\tools\compiler\ti-cgt-arm_20.2.7.LTS\lib\rtsv7M4_T_le_v4SPD16_eabi.lib
       memory.c.obj                   728     0         8      
       memcpy_t2.asm.obj              156     0         0      
       memset_t2.asm.obj              122     0         0      
       copy_decompress_lzss.c.obj     104     0         0      
       autoinit.c.obj                 68      0         0      
       u_divt2.asm.obj                64      0         0      
       boot_cortex_m.c.obj            52      0         0      
       copy_decompress_none.c.obj     14      0         0      
       copy_zero_init.c.obj           12      0         0      
       _lock.c.obj                    2       0         8      
       exit.c.obj                     4       0         0      
       pre_init.c.obj                 4       0         0      
       div0.asm.obj                   2       0         0      
    +--+------------------------------+-------+---------+---------+
       Total:                         1332    0         16     
                                                               
       Heap:                          0       0         16     
       Stack:                         0       0         512    
       Linker Generated:              0       68        0      
    +--+------------------------------+-------+---------+---------+
       Grand Total:                   13310   2294      2054   


LINKER GENERATED COPY TABLES

__TI_cinit_table @ 00003ce8 records: 3, size/record: 8, table size: 24
	.data: load addr=00003cb8, load size=00000010 bytes, run addr=200007e0, run size=00000017 bytes, compression=lzss
	.bss: load addr=00003cd8, load size=00000008 bytes, run addr=2000026c, run size=00000373 bytes, compression=zero_init
	.vtable: load addr=00003ce0, load size=00000008 bytes, run addr=20000000, run size=0000026c bytes, compression=zero_init


LINKER GENERATED HANDLER TABLE

__TI_handler_table @ 00003cc8 records: 3, size/record: 4, table size: 12
	index: 0, handler: __TI_zero_init
	index: 1, handler: __TI_decompress_lzss
	index: 2, handler: __TI_decompress_none


GLOBAL SYMBOLS: SORTED ALPHABETICALLY BY Name 

address   name                          
-------   ----                          
000035fb  ADCIntClear                   
00003555  ADCIntEnable                  
00002abd  ADCIntHandler                 
0000348f  ADCIntRegister                
000034a7  ADCProcessorTrigger           
000030ad  ADCSequenceConfigure          
0000341d  ADCSequenceDataGet            
00003595  ADCSequenceEnable             
00002ca5  ADCSequenceStepConfigure      
00003669  C$$EXIT                       
000035bf  CPUcpsie                      
00002fa9  DelayInit                     
00002fc3  DelayMs                       
000033a9  GPIODirModeSet                
00003647  GPIOIntClear                  
000035cb  GPIOIntEnable                 
000034bf  GPIOIntRegister               
00003005  GPIOIntTypeSet                
00002289  GPIOPadConfigSet              
000030f9  GPIOPinConfigure              
0000364d  GPIOPinRead                   
000034d7  GPIOPinTypeGPIOInput          
00003475  GPIOPinTypeGPIOOutput         
000034ed  GPIOPinTypeSSI                
00003503  GPIOPinTypeUART               
00003653  GPIOPinWrite                  
00002e79  IntEnable                     
00003565  IntMasterEnable               
0000330d  IntRegister                   
000031b3  OLEDInitialise                
0000318d  OLEDStringDraw                
0000221d  OrbitOledAdvanceCursor        
000017e1  OrbitOledClampXco             
00001801  OrbitOledClampYco             
00001a1d  OrbitOledClear                
00001a29  OrbitOledClearBuffer          
000020ed  OrbitOledDefUserChar          
00001999  OrbitOledDevInit              
00001623  OrbitOledDrawChar             
000021a5  OrbitOledDrawGlyph            
00000fe7  OrbitOledDrawPixel            
0000112d  OrbitOledDrawRect             
00001683  OrbitOledDrawString           
0000191f  OrbitOledDvrInit              
000011b1  OrbitOledFillRect             
000012f5  OrbitOledGetBmp               
00002155  OrbitOledGetCharUpdate        
000020d1  OrbitOledGetCursor            
00000fe1  OrbitOledGetDrawMode          
00001013  OrbitOledGetPixel             
00000f37  OrbitOledGetPos               
00000f6b  OrbitOledGetStdPattern        
00001855  OrbitOledHostInit             
00001841  OrbitOledInit                 
0000102d  OrbitOledLineTo               
00001779  OrbitOledMoveDown             
000017af  OrbitOledMoveLeft             
000017c7  OrbitOledMoveRight            
00000ef1  OrbitOledMoveTo               
00001741  OrbitOledMoveUp               
00001455  OrbitOledPutBmp               
00001ab3  OrbitOledPutBuffer            
0000215b  OrbitOledPutChar              
00002179  OrbitOledPutString            
000016ef  OrbitOledRopAnd               
000016cb  OrbitOledRopOr                
000016a1  OrbitOledRopSet               
00001713  OrbitOledRopXor               
0000213d  OrbitOledSetCharUpdate        
00002085  OrbitOledSetCursor            
00000f53  OrbitOledSetDrawColor         
00000f8d  OrbitOledSetDrawMode          
00000f7d  OrbitOledSetFillPattern       
00001a59  OrbitOledUpdate               
000035ef  ResetISR                      
00003637  SSIBusy                       
00003659  SSIClockSourceSet             
00003299  SSIConfigSetExpClk            
000035d7  SSIDataGet                    
00003605  SSIDataPut                    
0000360f  SSIEnable                     
00001b19  Ssi3PutByte                   
00002689  SysCtlClockGet                
000028a1  SysCtlClockSet                
0000365f  SysCtlDelay                   
00003341  SysCtlPeripheralEnable        
00003575  SysCtlReset                   
00003519  SysTickEnable                 
0000352d  SysTickIntEnable              
000023f5  SysTickIntHandler             
0000343d  SysTickIntRegister            
00003585  SysTickPeriodSet              
00002f49  TimerConfigure                
000035a3  TimerEnable                   
00003619  TimerValueGet                 
00003623  UARTCharPut                   
00003145  UARTConfigSetExpClk           
000033fd  UARTDisable                   
00003541  UARTEnable                    
0000362d  UARTFIFOEnable                
00002ddd  UARTSend                      
00001ee7  YawInterruptHandler           
00001f97  YawReferenceInterruptHandler  
200007e0  __STACK_END                   
00000200  __STACK_SIZE                  
200007e0  __STACK_TOP                   
00000010  __SYSMEM_SIZE                 
00003ce8  __TI_CINIT_Base               
00003d00  __TI_CINIT_Limit              
00003cc8  __TI_Handler_Table_Base       
00003cd4  __TI_Handler_Table_Limit      
00003215  __TI_auto_init_nobinit_nopinit
00002ee1  __TI_decompress_lzss          
000035b1  __TI_decompress_none          
ffffffff  __TI_pprof_out_hndl           
ffffffff  __TI_prof_data_size           
ffffffff  __TI_prof_data_start          
00000000  __TI_static_base__            
000035e3  __TI_zero_init                
0000318b  __aeabi_idiv0                 
0000318b  __aeabi_ldiv0                 
00002d1f  __aeabi_memclr                
00002d1f  __aeabi_memclr4               
00002d1f  __aeabi_memclr8               
00002c09  __aeabi_memcpy                
00002c09  __aeabi_memcpy4               
00002c09  __aeabi_memcpy8               
00002d21  __aeabi_memset                
00002d21  __aeabi_memset4               
00002d21  __aeabi_memset8               
00003259  __aeabi_uidiv                 
00003259  __aeabi_uidivmod              
ffffffff  __binit__                     
ffffffff  __c_args__                    
UNDEFED   __mpu_init                    
200005e0  __stack                       
20000000  __start___llvm_prf_cnts       
20000000  __stop___llvm_prf_cnts        
00003375  _c_int00_noargs               
200007e0  _lock                         
00002687  _nop                          
200007f8  _sys_memory                   
UNDEFED   _system_post_cinit            
00003665  _system_pre_init              
200007e4  _unlock                       
00003669  abort                         
000027a1  aligned_alloc                 
ffffffff  binit                         
2000059c  bnOledCur                     
00002adb  calculateMeanAltVal           
00001fa9  calculateState                
000032d5  calloc                        
00001dbf  checkButton                   
00002549  clearDisplay                  
200005de  clrOledCur                    
00002579  displayAlt                    
000025d7  displayMainPWM                
000025f9  displayTailPWM                
000025a3  displayYaw                    
200005a0  dxcoOledFontCur               
200005a4  dycoOledFontCur               
200005a8  fOledCharUpdate               
00002995  free                          
00002be3  freeCircBuf                   
20000000  g_pfnRAMVectors               
00000000  g_pfnVectors                  
00002b1d  getAltPercent                 
00002049  getYawDecimal                 
00001fef  getYawDegrees                 
00002a79  initADC                       
00001bbd  initButtons                   
00002b51  initCircBuf                   
00002445  initClock                     
00002541  initDisplay                   
00002425  initSysTick                   
00002d99  initUART                      
00001e45  initYaw                       
0000244f  main                          
0000363f  malloc                        
000027a1  memalign                      
00002c09  memcpy                        
00002d27  memset                        
200005ac  modOledCur                    
200005b0  pbOledCur                     
200005b4  pbOledFontCur                 
200005b8  pbOledFontUser                
200005bc  pbOledPatCur                  
200005c0  pfnDoRop                      
00002baf  readCircBuf                   
00003c00  rgbFillPat                    
2000026c  rgbOledBmp                    
0000366c  rgbOledFont0                  
2000046c  rgbOledFontUser               
200007f4  slowTick                      
00000751  ulocaltime                    
0000094f  umktime                       
00001caf  updateButtons                 
00000ec9  urand                         
00000721  usnprintf                     
000006ef  usprintf                      
00000eb9  usrand                        
00000e31  ustrcasecmp                   
00000ea5  ustrcmp                       
00000d35  ustrlen                       
00000d8d  ustrncasecmp                  
00000e45  ustrncmp                      
0000026d  ustrncpy                      
00000d57  ustrstr                       
00000afd  ustrtof                       
000009c5  ustrtoul                      
000002c5  uvsnprintf                    
00002b7b  writeCircBuf                  
200005c4  xchOledCur                    
200005c8  xchOledMax                    
200005cc  xcoOledCur                    
200005d0  ychOledCur                    
200005d4  ychOledMax                    
200005d8  ycoOledCur                    


GLOBAL SYMBOLS: SORTED BY Symbol Address 

address   name                          
-------   ----                          
00000000  __TI_static_base__            
00000000  g_pfnVectors                  
00000010  __SYSMEM_SIZE                 
00000200  __STACK_SIZE                  
0000026d  ustrncpy                      
000002c5  uvsnprintf                    
000006ef  usprintf                      
00000721  usnprintf                     
00000751  ulocaltime                    
0000094f  umktime                       
000009c5  ustrtoul                      
00000afd  ustrtof                       
00000d35  ustrlen                       
00000d57  ustrstr                       
00000d8d  ustrncasecmp                  
00000e31  ustrcasecmp                   
00000e45  ustrncmp                      
00000ea5  ustrcmp                       
00000eb9  usrand                        
00000ec9  urand                         
00000ef1  OrbitOledMoveTo               
00000f37  OrbitOledGetPos               
00000f53  OrbitOledSetDrawColor         
00000f6b  OrbitOledGetStdPattern        
00000f7d  OrbitOledSetFillPattern       
00000f8d  OrbitOledSetDrawMode          
00000fe1  OrbitOledGetDrawMode          
00000fe7  OrbitOledDrawPixel            
00001013  OrbitOledGetPixel             
0000102d  OrbitOledLineTo               
0000112d  OrbitOledDrawRect             
000011b1  OrbitOledFillRect             
000012f5  OrbitOledGetBmp               
00001455  OrbitOledPutBmp               
00001623  OrbitOledDrawChar             
00001683  OrbitOledDrawString           
000016a1  OrbitOledRopSet               
000016cb  OrbitOledRopOr                
000016ef  OrbitOledRopAnd               
00001713  OrbitOledRopXor               
00001741  OrbitOledMoveUp               
00001779  OrbitOledMoveDown             
000017af  OrbitOledMoveLeft             
000017c7  OrbitOledMoveRight            
000017e1  OrbitOledClampXco             
00001801  OrbitOledClampYco             
00001841  OrbitOledInit                 
00001855  OrbitOledHostInit             
0000191f  OrbitOledDvrInit              
00001999  OrbitOledDevInit              
00001a1d  OrbitOledClear                
00001a29  OrbitOledClearBuffer          
00001a59  OrbitOledUpdate               
00001ab3  OrbitOledPutBuffer            
00001b19  Ssi3PutByte                   
00001bbd  initButtons                   
00001caf  updateButtons                 
00001dbf  checkButton                   
00001e45  initYaw                       
00001ee7  YawInterruptHandler           
00001f97  YawReferenceInterruptHandler  
00001fa9  calculateState                
00001fef  getYawDegrees                 
00002049  getYawDecimal                 
00002085  OrbitOledSetCursor            
000020d1  OrbitOledGetCursor            
000020ed  OrbitOledDefUserChar          
0000213d  OrbitOledSetCharUpdate        
00002155  OrbitOledGetCharUpdate        
0000215b  OrbitOledPutChar              
00002179  OrbitOledPutString            
000021a5  OrbitOledDrawGlyph            
0000221d  OrbitOledAdvanceCursor        
00002289  GPIOPadConfigSet              
000023f5  SysTickIntHandler             
00002425  initSysTick                   
00002445  initClock                     
0000244f  main                          
00002541  initDisplay                   
00002549  clearDisplay                  
00002579  displayAlt                    
000025a3  displayYaw                    
000025d7  displayMainPWM                
000025f9  displayTailPWM                
00002687  _nop                          
00002689  SysCtlClockGet                
000027a1  aligned_alloc                 
000027a1  memalign                      
000028a1  SysCtlClockSet                
00002995  free                          
00002a79  initADC                       
00002abd  ADCIntHandler                 
00002adb  calculateMeanAltVal           
00002b1d  getAltPercent                 
00002b51  initCircBuf                   
00002b7b  writeCircBuf                  
00002baf  readCircBuf                   
00002be3  freeCircBuf                   
00002c09  __aeabi_memcpy                
00002c09  __aeabi_memcpy4               
00002c09  __aeabi_memcpy8               
00002c09  memcpy                        
00002ca5  ADCSequenceStepConfigure      
00002d1f  __aeabi_memclr                
00002d1f  __aeabi_memclr4               
00002d1f  __aeabi_memclr8               
00002d21  __aeabi_memset                
00002d21  __aeabi_memset4               
00002d21  __aeabi_memset8               
00002d27  memset                        
00002d99  initUART                      
00002ddd  UARTSend                      
00002e79  IntEnable                     
00002ee1  __TI_decompress_lzss          
00002f49  TimerConfigure                
00002fa9  DelayInit                     
00002fc3  DelayMs                       
00003005  GPIOIntTypeSet                
000030ad  ADCSequenceConfigure          
000030f9  GPIOPinConfigure              
00003145  UARTConfigSetExpClk           
0000318b  __aeabi_idiv0                 
0000318b  __aeabi_ldiv0                 
0000318d  OLEDStringDraw                
000031b3  OLEDInitialise                
00003215  __TI_auto_init_nobinit_nopinit
00003259  __aeabi_uidiv                 
00003259  __aeabi_uidivmod              
00003299  SSIConfigSetExpClk            
000032d5  calloc                        
0000330d  IntRegister                   
00003341  SysCtlPeripheralEnable        
00003375  _c_int00_noargs               
000033a9  GPIODirModeSet                
000033fd  UARTDisable                   
0000341d  ADCSequenceDataGet            
0000343d  SysTickIntRegister            
00003475  GPIOPinTypeGPIOOutput         
0000348f  ADCIntRegister                
000034a7  ADCProcessorTrigger           
000034bf  GPIOIntRegister               
000034d7  GPIOPinTypeGPIOInput          
000034ed  GPIOPinTypeSSI                
00003503  GPIOPinTypeUART               
00003519  SysTickEnable                 
0000352d  SysTickIntEnable              
00003541  UARTEnable                    
00003555  ADCIntEnable                  
00003565  IntMasterEnable               
00003575  SysCtlReset                   
00003585  SysTickPeriodSet              
00003595  ADCSequenceEnable             
000035a3  TimerEnable                   
000035b1  __TI_decompress_none          
000035bf  CPUcpsie                      
000035cb  GPIOIntEnable                 
000035d7  SSIDataGet                    
000035e3  __TI_zero_init                
000035ef  ResetISR                      
000035fb  ADCIntClear                   
00003605  SSIDataPut                    
0000360f  SSIEnable                     
00003619  TimerValueGet                 
00003623  UARTCharPut                   
0000362d  UARTFIFOEnable                
00003637  SSIBusy                       
0000363f  malloc                        
00003647  GPIOIntClear                  
0000364d  GPIOPinRead                   
00003653  GPIOPinWrite                  
00003659  SSIClockSourceSet             
0000365f  SysCtlDelay                   
00003665  _system_pre_init              
00003669  C$$EXIT                       
00003669  abort                         
0000366c  rgbOledFont0                  
00003c00  rgbFillPat                    
00003cc8  __TI_Handler_Table_Base       
00003cd4  __TI_Handler_Table_Limit      
00003ce8  __TI_CINIT_Base               
00003d00  __TI_CINIT_Limit              
20000000  __start___llvm_prf_cnts       
20000000  __stop___llvm_prf_cnts        
20000000  g_pfnRAMVectors               
2000026c  rgbOledBmp                    
2000046c  rgbOledFontUser               
2000059c  bnOledCur                     
200005a0  dxcoOledFontCur               
200005a4  dycoOledFontCur               
200005a8  fOledCharUpdate               
200005ac  modOledCur                    
200005b0  pbOledCur                     
200005b4  pbOledFontCur                 
200005b8  pbOledFontUser                
200005bc  pbOledPatCur                  
200005c0  pfnDoRop                      
200005c4  xchOledCur                    
200005c8  xchOledMax                    
200005cc  xcoOledCur                    
200005d0  ychOledCur                    
200005d4  ychOledMax                    
200005d8  ycoOledCur                    
200005de  clrOledCur                    
200005e0  __stack                       
200007e0  __STACK_END                   
200007e0  __STACK_TOP                   
200007e0  _lock                         
200007e4  _unlock                       
200007f4  slowTick                      
200007f8  _sys_memory                   
ffffffff  __TI_pprof_out_hndl           
ffffffff  __TI_prof_data_size           
ffffffff  __TI_prof_data_start          
ffffffff  __binit__                     
ffffffff  __c_args__                    
ffffffff  binit                         
UNDEFED   __mpu_init                    
UNDEFED   _system_post_cinit            

[218 symbols]
