******************************************************************************
                  TI ARM Linker PC v20.2.7                     
******************************************************************************
>> Linked Thu May  9 19:22:08 2024

OUTPUT FILE NAME:   <Helicopter_M1.out>
ENTRY POINT SYMBOL: "_c_int00_noargs"  address: 00003355


MEMORY CONFIGURATION

         name            origin    length      used     unused   attr    fill
----------------------  --------  ---------  --------  --------  ----  --------
  FLASH                 00000000   00040000  00003ccc  0003c334  R  X
  SRAM                  20000000   00008000  00000806  000077fa  RW X


SEGMENT ALLOCATION MAP

run origin  load origin   length   init length attrs members
----------  ----------- ---------- ----------- ----- -------
00000000    00000000    00003cd0   00003cd0    r-x
  00000000    00000000    0000026c   0000026c    r-- .intvecs
  0000026c    0000026c    000033d0   000033d0    r-x .text
  0000363c    0000363c    00000648   00000648    r-- .const
  00003c88    00003c88    00000048   00000048    r-- .cinit
20000000    20000000    00000808   00000000    rw-
  20000000    20000000    0000026c   00000000    rw- .vtable
  2000026c    2000026c    00000373   00000000    rw- .bss
  200005e0    200005e0    00000200   00000000    rw- .stack
  200007e0    200007e0    00000017   00000000    rw- .data
  200007f8    200007f8    00000010   00000000    rw- .sysmem


SECTION ALLOCATION MAP

 output                                  attributes/
section   page    origin      length       input sections
--------  ----  ----------  ----------   ----------------
.intvecs   0    00000000    0000026c     
                  00000000    0000026c     tm4c123gh6pm_startup_ccs.obj (.intvecs)

.text      0    0000026c    000033d0     
                  0000026c    00000c84     ustdlib.obj (.text)
                  00000ef0    00000950     OrbitOledGrph.obj (.text)
                  00001840    0000037c     OrbitOled.obj (.text)
                  00001bbc    00000290     buttons4.obj (.text)
                  00001e4c    00000204     OrbitOledChar.obj (.text)
                  00002050    000001f0     Yaw.obj (.text)
                  00002240    000001c8     milestone1.obj (.text)
                  00002408    0000016c     driverlib.lib : gpio.obj (.text:GPIOPadConfigSet)
                  00002574    00000118                   : sysctl.obj (.text:SysCtlClockGet)
                  0000268c    00000100     rtsv7M4_T_le_v4SPD16_eabi.lib : memory.c.obj (.text:aligned_alloc)
                  0000278c    000000f4     driverlib.lib : sysctl.obj (.text:SysCtlClockSet)
                  00002880    000000f2     Display.obj (.text)
                  00002972    00000002     rtsv7M4_T_le_v4SPD16_eabi.lib : _lock.c.obj (.text:_nop)
                  00002974    000000e4                                   : memory.c.obj (.text:free)
                  00002a58    000000d8     Altitude.obj (.text)
                  00002b30    000000b8     circBufT.obj (.text)
                  00002be8    0000009c     rtsv7M4_T_le_v4SPD16_eabi.lib : memcpy_t2.asm.obj (.text)
                  00002c84    0000007a     driverlib.lib : adc.obj (.text:ADCSequenceStepConfigure)
                  00002cfe    0000007a     rtsv7M4_T_le_v4SPD16_eabi.lib : memset_t2.asm.obj (.text)
                  00002d78    00000070     UART.obj (.text)
                  00002de8    00000070     rtsv7M4_T_le_v4SPD16_eabi.lib : memory.c.obj (.text:split)
                  00002e58    00000068     driverlib.lib : interrupt.obj (.text:IntEnable)
                  00002ec0    00000068     rtsv7M4_T_le_v4SPD16_eabi.lib : copy_decompress_lzss.c.obj (.text:decompress:lzss:__TI_decompress_lzss)
                  00002f28    00000060     driverlib.lib : timer.obj (.text:TimerConfigure)
                  00002f88    0000005c     delay.obj (.text)
                  00002fe4    00000058     driverlib.lib : gpio.obj (.text:GPIOIntTypeSet)
                  0000303c    00000050                   : adc.obj (.text:_ADCIntNumberGet)
                  0000308c    0000004c                   : adc.obj (.text:ADCSequenceConfigure)
                  000030d8    0000004c                   : gpio.obj (.text:GPIOPinConfigure)
                  00003124    00000046                   : uart.obj (.text:UARTConfigSetExpClk)
                  0000316a    00000002     rtsv7M4_T_le_v4SPD16_eabi.lib : div0.asm.obj (.text)
                  0000316c    00000044     OrbitOLEDInterface.obj (.text)
                  000031b0    00000044     driverlib.lib : gpio.obj (.text:_GPIOIntNumberGet)
                  000031f4    00000044     rtsv7M4_T_le_v4SPD16_eabi.lib : autoinit.c.obj (.text:__TI_auto_init_nobinit_nopinit:__TI_auto_init_nobinit_nopinit)
                  00003238    00000040                                   : u_divt2.asm.obj (.text)
                  00003278    0000003c     driverlib.lib : ssi.obj (.text:SSIConfigSetExpClk)
                  000032b4    00000038     rtsv7M4_T_le_v4SPD16_eabi.lib : memory.c.obj (.text:calloc)
                  000032ec    00000034     driverlib.lib : interrupt.obj (.text:IntRegister)
                  00003320    00000034                   : sysctl.obj (.text:SysCtlPeripheralEnable)
                  00003354    00000034     rtsv7M4_T_le_v4SPD16_eabi.lib : boot_cortex_m.c.obj (.text:_c_int00_noargs:_c_int00_noargs)
                  00003388    0000002c     driverlib.lib : gpio.obj (.text:GPIODirModeSet)
                  000033b4    00000028     rtsv7M4_T_le_v4SPD16_eabi.lib : memory.c.obj (.text:free_list_insert)
                  000033dc    00000020     driverlib.lib : uart.obj (.text:UARTDisable)
                  000033fc    0000001e                   : adc.obj (.text:ADCSequenceDataGet)
                  0000341a    00000002     --HOLE-- [fill = 0]
                  0000341c    0000001c                   : systick.obj (.text:SysTickIntRegister)
                  00003438    0000001c     rtsv7M4_T_le_v4SPD16_eabi.lib : memory.c.obj (.text:free_list_remove)
                  00003454    0000001a     driverlib.lib : gpio.obj (.text:GPIOPinTypeGPIOOutput)
                  0000346e    00000018                   : adc.obj (.text:ADCIntRegister)
                  00003486    00000018                   : adc.obj (.text:ADCProcessorTrigger)
                  0000349e    00000018                   : gpio.obj (.text:GPIOIntRegister)
                  000034b6    00000016                   : gpio.obj (.text:GPIOPinTypeGPIOInput)
                  000034cc    00000016                   : gpio.obj (.text:GPIOPinTypeSSI)
                  000034e2    00000016                   : gpio.obj (.text:GPIOPinTypeUART)
                  000034f8    00000014                   : systick.obj (.text:SysTickEnable)
                  0000350c    00000014                   : systick.obj (.text:SysTickIntEnable)
                  00003520    00000014                   : uart.obj (.text:UARTEnable)
                  00003534    00000010                   : adc.obj (.text:ADCIntEnable)
                  00003544    00000010                   : interrupt.obj (.text:IntMasterEnable)
                  00003554    00000010                   : systick.obj (.text:SysTickPeriodSet)
                  00003564    0000000e                   : adc.obj (.text:ADCSequenceEnable)
                  00003572    0000000e                   : timer.obj (.text:TimerEnable)
                  00003580    0000000e     rtsv7M4_T_le_v4SPD16_eabi.lib : copy_decompress_none.c.obj (.text:decompress:none:__TI_decompress_none)
                  0000358e    0000000c     driverlib.lib : cpu.obj (.text:CPUcpsie)
                  0000359a    0000000c                   : gpio.obj (.text:GPIOIntEnable)
                  000035a6    0000000c                   : ssi.obj (.text:SSIDataGet)
                  000035b2    0000000c     rtsv7M4_T_le_v4SPD16_eabi.lib : copy_zero_init.c.obj (.text:decompress:ZI:__TI_zero_init)
                  000035be    0000000c     tm4c123gh6pm_startup_ccs.obj (.text)
                  000035ca    0000000a     driverlib.lib : adc.obj (.text:ADCIntClear)
                  000035d4    0000000a                   : ssi.obj (.text:SSIDataPut)
                  000035de    0000000a                   : ssi.obj (.text:SSIEnable)
                  000035e8    0000000a                   : timer.obj (.text:TimerValueGet)
                  000035f2    0000000a                   : uart.obj (.text:UARTCharPut)
                  000035fc    0000000a                   : uart.obj (.text:UARTFIFOEnable)
                  00003606    00000008                   : ssi.obj (.text:SSIBusy)
                  0000360e    00000008     rtsv7M4_T_le_v4SPD16_eabi.lib : memory.c.obj (.text:malloc)
                  00003616    00000006     driverlib.lib : gpio.obj (.text:GPIOIntClear)
                  0000361c    00000006                   : gpio.obj (.text:GPIOPinRead)
                  00003622    00000006                   : gpio.obj (.text:GPIOPinWrite)
                  00003628    00000006                   : ssi.obj (.text:SSIClockSourceSet)
                  0000362e    00000006                   : sysctl.obj (.text:SysCtlDelay)
                  00003634    00000004     rtsv7M4_T_le_v4SPD16_eabi.lib : pre_init.c.obj (.text:_system_pre_init)
                  00003638    00000004                                   : exit.c.obj (.text:abort:abort)

.const     0    0000363c    00000648     
                  0000363c    00000300     ChrFont0.obj (.const:.string:rgbOledFont0)
                  0000393c    000000d8     driverlib.lib : gpio.obj (.const:g_ppui32GPIOIntMapSnowflake)
                  00003a14    000000c0                   : gpio.obj (.const:g_ppui32GPIOIntMapBlizzard)
                  00003ad4    00000090                   : gpio.obj (.const:g_pui32GPIOBaseAddrs)
                  00003b64    0000006c                   : sysctl.obj (.const:g_pui32Xtals)
                  00003bd0    00000040     FillPat.obj (.const:.string:rgbFillPat)
                  00003c10    00000030     ustdlib.obj (.const:g_psDaysToMonth)
                  00003c40    00000018     ustdlib.obj (.const:g_pfExponents)
                  00003c58    00000014     driverlib.lib : interrupt.obj (.const:g_pui32EnRegs)
                  00003c6c    00000012     ustdlib.obj (.const:.string)
                  00003c7e    00000002     --HOLE-- [fill = 0]
                  00003c80    00000004     ustdlib.obj (.const)

.cinit     0    00003c88    00000048     
                  00003c88    00000010     (.cinit..data.load) [load image, compression = lzss]
                  00003c98    0000000c     (__TI_handler_table)
                  00003ca4    00000004     --HOLE-- [fill = 0]
                  00003ca8    00000008     (.cinit..bss.load) [load image, compression = zero_init]
                  00003cb0    00000008     (.cinit..vtable.load) [load image, compression = zero_init]
                  00003cb8    00000018     (__TI_cinit_table)

.init_array 
*          0    00000000    00000000     UNINITIALIZED

.vtable    0    20000000    0000026c     UNINITIALIZED
                  20000000    0000026c     driverlib.lib : interrupt.obj (.vtable)

.bss       0    2000026c    00000373     UNINITIALIZED
                  2000026c    00000200     (.common:rgbOledBmp)
                  2000046c    00000100     (.common:rgbOledFontUser)
                  2000056c    00000010     Altitude.obj (.bss:g_inBuffer)
                  2000057c    00000008     buttons4.obj (.bss:but_count)
                  20000584    00000008     buttons4.obj (.bss:but_flag)
                  2000058c    00000008     buttons4.obj (.bss:but_normal)
                  20000594    00000008     buttons4.obj (.bss:but_state)
                  2000059c    00000004     (.common:bnOledCur)
                  200005a0    00000004     (.common:dxcoOledFontCur)
                  200005a4    00000004     (.common:dycoOledFontCur)
                  200005a8    00000004     (.common:fOledCharUpdate)
                  200005ac    00000004     (.common:modOledCur)
                  200005b0    00000004     (.common:pbOledCur)
                  200005b4    00000004     (.common:pbOledFontCur)
                  200005b8    00000004     (.common:pbOledFontUser)
                  200005bc    00000004     (.common:pbOledPatCur)
                  200005c0    00000004     (.common:pfnDoRop)
                  200005c4    00000004     (.common:xchOledCur)
                  200005c8    00000004     (.common:xchOledMax)
                  200005cc    00000004     (.common:xcoOledCur)
                  200005d0    00000004     (.common:ychOledCur)
                  200005d4    00000004     (.common:ychOledMax)
                  200005d8    00000004     (.common:ycoOledCur)
                  200005dc    00000002     Yaw.obj (.bss)
                  200005de    00000001     (.common:clrOledCur)

.stack     0    200005e0    00000200     UNINITIALIZED
                  200005e0    00000004     rtsv7M4_T_le_v4SPD16_eabi.lib : boot_cortex_m.c.obj (.stack)
                  200005e4    000001fc     --HOLE--

.data      0    200007e0    00000017     UNINITIALIZED
                  200007e0    00000008     rtsv7M4_T_le_v4SPD16_eabi.lib : _lock.c.obj (.data:$O1$$)
                  200007e8    00000008                                   : memory.c.obj (.data:$O1$$)
                  200007f0    00000004     ustdlib.obj (.data)
                  200007f4    00000002     milestone1.obj (.data)
                  200007f6    00000001     Yaw.obj (.data)

.sysmem    0    200007f8    00000010     UNINITIALIZED
                  200007f8    00000010     rtsv7M4_T_le_v4SPD16_eabi.lib : memory.c.obj (.sysmem)

__llvm_prf_cnts 
*          0    20000000    00000000     UNINITIALIZED

MODULE SUMMARY

       Module                         code    ro data   rw data
       ------                         ----    -------   -------
    .\
       ustdlib.obj                    3204    94        4      
       buttons4.obj                   656     0         32     
       tm4c123gh6pm_startup_ccs.obj   12      620       0      
       Yaw.obj                        496     0         3      
       milestone1.obj                 456     0         2      
       Display.obj                    242     0         0      
       Altitude.obj                   216     0         16     
       circBufT.obj                   184     0         0      
       UART.obj                       112     0         0      
    +--+------------------------------+-------+---------+---------+
       Total:                         5578    714       57     
                                                               
    .\OrbitOLED\
       OrbitOLEDInterface.obj         68      0         0      
    +--+------------------------------+-------+---------+---------+
       Total:                         68      0         0      
                                                               
    .\OrbitOLED\lib_OrbitOled\
       OrbitOledGrph.obj              2384    0         8      
       OrbitOled.obj                  892     0         553    
       OrbitOledChar.obj              516     0         272    
       ChrFont0.obj                   0       768       0      
       delay.obj                      92      0         0      
       FillPat.obj                    0       64        0      
    +--+------------------------------+-------+---------+---------+
       Total:                         3884    832       833    
                                                               
    C:/ti/TivaWare_C_Series-2.2.0.295/driverlib/ccs/Debug/driverlib.lib
       gpio.obj                       786     552       0      
       interrupt.obj                  172     20        620    
       sysctl.obj                     582     108       0      
       adc.obj                        396     0         0      
       uart.obj                       142     0         0      
       timer.obj                      120     0         0      
       ssi.obj                        106     0         0      
       systick.obj                    84      0         0      
       cpu.obj                        12      0         0      
    +--+------------------------------+-------+---------+---------+
       Total:                         2400    680       620    
                                                               
    C:\ti\ccs1250\ccs\tools\compiler\ti-cgt-arm_20.2.7.LTS\lib\rtsv7M4_T_le_v4SPD16_eabi.lib
       memory.c.obj                   728     0         8      
       memcpy_t2.asm.obj              156     0         0      
       memset_t2.asm.obj              122     0         0      
       copy_decompress_lzss.c.obj     104     0         0      
       autoinit.c.obj                 68      0         0      
       u_divt2.asm.obj                64      0         0      
       boot_cortex_m.c.obj            52      0         0      
       copy_decompress_none.c.obj     14      0         0      
       copy_zero_init.c.obj           12      0         0      
       _lock.c.obj                    2       0         8      
       exit.c.obj                     4       0         0      
       pre_init.c.obj                 4       0         0      
       div0.asm.obj                   2       0         0      
    +--+------------------------------+-------+---------+---------+
       Total:                         1332    0         16     
                                                               
       Heap:                          0       0         16     
       Stack:                         0       0         512    
       Linker Generated:              0       68        0      
    +--+------------------------------+-------+---------+---------+
       Grand Total:                   13262   2294      2054   


LINKER GENERATED COPY TABLES

__TI_cinit_table @ 00003cb8 records: 3, size/record: 8, table size: 24
	.data: load addr=00003c88, load size=00000010 bytes, run addr=200007e0, run size=00000017 bytes, compression=lzss
	.bss: load addr=00003ca8, load size=00000008 bytes, run addr=2000026c, run size=00000373 bytes, compression=zero_init
	.vtable: load addr=00003cb0, load size=00000008 bytes, run addr=20000000, run size=0000026c bytes, compression=zero_init


LINKER GENERATED HANDLER TABLE

__TI_handler_table @ 00003c98 records: 3, size/record: 4, table size: 12
	index: 0, handler: __TI_zero_init
	index: 1, handler: __TI_decompress_lzss
	index: 2, handler: __TI_decompress_none


GLOBAL SYMBOLS: SORTED ALPHABETICALLY BY Name 

address   name                          
-------   ----                          
000035cb  ADCIntClear                   
00003535  ADCIntEnable                  
00002a9d  ADCIntHandler                 
0000346f  ADCIntRegister                
00003487  ADCProcessorTrigger           
0000308d  ADCSequenceConfigure          
000033fd  ADCSequenceDataGet            
00003565  ADCSequenceEnable             
00002c85  ADCSequenceStepConfigure      
00003639  C$$EXIT                       
0000358f  CPUcpsie                      
00002f89  DelayInit                     
00002fa3  DelayMs                       
00003389  GPIODirModeSet                
00003617  GPIOIntClear                  
0000359b  GPIOIntEnable                 
0000349f  GPIOIntRegister               
00002fe5  GPIOIntTypeSet                
00002409  GPIOPadConfigSet              
000030d9  GPIOPinConfigure              
0000361d  GPIOPinRead                   
000034b7  GPIOPinTypeGPIOInput          
00003455  GPIOPinTypeGPIOOutput         
000034cd  GPIOPinTypeSSI                
000034e3  GPIOPinTypeUART               
00003623  GPIOPinWrite                  
00002e59  IntEnable                     
00003545  IntMasterEnable               
000032ed  IntRegister                   
00003193  OLEDInitialise                
0000316d  OLEDStringDraw                
00001fe5  OrbitOledAdvanceCursor        
000017e1  OrbitOledClampXco             
00001801  OrbitOledClampYco             
00001a1d  OrbitOledClear                
00001a29  OrbitOledClearBuffer          
00001eb5  OrbitOledDefUserChar          
00001999  OrbitOledDevInit              
00001623  OrbitOledDrawChar             
00001f6d  OrbitOledDrawGlyph            
00000fe7  OrbitOledDrawPixel            
0000112d  OrbitOledDrawRect             
00001683  OrbitOledDrawString           
0000191f  OrbitOledDvrInit              
000011b1  OrbitOledFillRect             
000012f5  OrbitOledGetBmp               
00001f1d  OrbitOledGetCharUpdate        
00001e99  OrbitOledGetCursor            
00000fe1  OrbitOledGetDrawMode          
00001013  OrbitOledGetPixel             
00000f37  OrbitOledGetPos               
00000f6b  OrbitOledGetStdPattern        
00001855  OrbitOledHostInit             
00001841  OrbitOledInit                 
0000102d  OrbitOledLineTo               
00001779  OrbitOledMoveDown             
000017af  OrbitOledMoveLeft             
000017c7  OrbitOledMoveRight            
00000ef1  OrbitOledMoveTo               
00001741  OrbitOledMoveUp               
00001455  OrbitOledPutBmp               
00001ab3  OrbitOledPutBuffer            
00001f23  OrbitOledPutChar              
00001f41  OrbitOledPutString            
000016ef  OrbitOledRopAnd               
000016cb  OrbitOledRopOr                
000016a1  OrbitOledRopSet               
00001713  OrbitOledRopXor               
00001f05  OrbitOledSetCharUpdate        
00001e4d  OrbitOledSetCursor            
00000f53  OrbitOledSetDrawColor         
00000f8d  OrbitOledSetDrawMode          
00000f7d  OrbitOledSetFillPattern       
00001a59  OrbitOledUpdate               
000035bf  ResetISR                      
00003607  SSIBusy                       
00003629  SSIClockSourceSet             
00003279  SSIConfigSetExpClk            
000035a7  SSIDataGet                    
000035d5  SSIDataPut                    
000035df  SSIEnable                     
00001b19  Ssi3PutByte                   
00002575  SysCtlClockGet                
0000278d  SysCtlClockSet                
0000362f  SysCtlDelay                   
00003321  SysCtlPeripheralEnable        
000034f9  SysTickEnable                 
0000350d  SysTickIntEnable              
00002241  SysTickIntHandler             
0000341d  SysTickIntRegister            
00003555  SysTickPeriodSet              
00002f29  TimerConfigure                
00003573  TimerEnable                   
000035e9  TimerValueGet                 
000035f3  UARTCharPut                   
00003125  UARTConfigSetExpClk           
000033dd  UARTDisable                   
00003521  UARTEnable                    
000035fd  UARTFIFOEnable                
00002dbd  UARTSend                      
000020c1  YawInterruptHandler           
200007e0  __STACK_END                   
00000200  __STACK_SIZE                  
200007e0  __STACK_TOP                   
00000010  __SYSMEM_SIZE                 
00003cb8  __TI_CINIT_Base               
00003cd0  __TI_CINIT_Limit              
00003c98  __TI_Handler_Table_Base       
00003ca4  __TI_Handler_Table_Limit      
000031f5  __TI_auto_init_nobinit_nopinit
00002ec1  __TI_decompress_lzss          
00003581  __TI_decompress_none          
ffffffff  __TI_pprof_out_hndl           
ffffffff  __TI_prof_data_size           
ffffffff  __TI_prof_data_start          
00000000  __TI_static_base__            
000035b3  __TI_zero_init                
0000316b  __aeabi_idiv0                 
0000316b  __aeabi_ldiv0                 
00002cff  __aeabi_memclr                
00002cff  __aeabi_memclr4               
00002cff  __aeabi_memclr8               
00002be9  __aeabi_memcpy                
00002be9  __aeabi_memcpy4               
00002be9  __aeabi_memcpy8               
00002d01  __aeabi_memset                
00002d01  __aeabi_memset4               
00002d01  __aeabi_memset8               
00003239  __aeabi_uidiv                 
00003239  __aeabi_uidivmod              
ffffffff  __binit__                     
ffffffff  __c_args__                    
UNDEFED   __mpu_init                    
200005e0  __stack                       
20000000  __start___llvm_prf_cnts       
20000000  __stop___llvm_prf_cnts        
00003355  _c_int00_noargs               
200007e0  _lock                         
00002973  _nop                          
200007f8  _sys_memory                   
UNDEFED   _system_post_cinit            
00003635  _system_pre_init              
200007e4  _unlock                       
00003639  abort                         
0000268d  aligned_alloc                 
ffffffff  binit                         
2000059c  bnOledCur                     
00002abb  calculateMeanAltVal           
00002171  calculateState                
000032b5  calloc                        
00001da1  checkButton                   
00001ddf  checkSwitch                   
00002889  clearDisplay                  
200005de  clrOledCur                    
000028b9  displayAlt                    
000028ed  displayYaw                    
200005a0  dxcoOledFontCur               
200005a4  dycoOledFontCur               
200005a8  fOledCharUpdate               
00002975  free                          
00002bc3  freeCircBuf                   
20000000  g_pfnRAMVectors               
00000000  g_pfnVectors                  
00002afd  getAltPercent                 
00002211  getYawDecimal                 
000021b7  getYawDegrees                 
00002a59  initADC                       
00001bbd  initButtons                   
00002b31  initCircBuf                   
00002291  initClock                     
00002881  initDisplay                   
00002271  initSysTick                   
00002d79  initUART                      
00002051  initYaw                       
0000229b  main                          
0000360f  malloc                        
0000268d  memalign                      
00002be9  memcpy                        
00002d07  memset                        
200005ac  modOledCur                    
200005b0  pbOledCur                     
200005b4  pbOledFontCur                 
200005b8  pbOledFontUser                
200005bc  pbOledPatCur                  
200005c0  pfnDoRop                      
00002b8f  readCircBuf                   
00003bd0  rgbFillPat                    
2000026c  rgbOledBmp                    
0000363c  rgbOledFont0                  
2000046c  rgbOledFontUser               
200007f4  slowTick                      
00000751  ulocaltime                    
0000094f  umktime                       
00001caf  updateButtons                 
00000ec9  urand                         
00000721  usnprintf                     
000006ef  usprintf                      
00000eb9  usrand                        
00000e31  ustrcasecmp                   
00000ea5  ustrcmp                       
00000d35  ustrlen                       
00000d8d  ustrncasecmp                  
00000e45  ustrncmp                      
0000026d  ustrncpy                      
00000d57  ustrstr                       
00000afd  ustrtof                       
000009c5  ustrtoul                      
000002c5  uvsnprintf                    
00002b5b  writeCircBuf                  
200005c4  xchOledCur                    
200005c8  xchOledMax                    
200005cc  xcoOledCur                    
200005d0  ychOledCur                    
200005d4  ychOledMax                    
200005d8  ycoOledCur                    


GLOBAL SYMBOLS: SORTED BY Symbol Address 

address   name                          
-------   ----                          
00000000  __TI_static_base__            
00000000  g_pfnVectors                  
00000010  __SYSMEM_SIZE                 
00000200  __STACK_SIZE                  
0000026d  ustrncpy                      
000002c5  uvsnprintf                    
000006ef  usprintf                      
00000721  usnprintf                     
00000751  ulocaltime                    
0000094f  umktime                       
000009c5  ustrtoul                      
00000afd  ustrtof                       
00000d35  ustrlen                       
00000d57  ustrstr                       
00000d8d  ustrncasecmp                  
00000e31  ustrcasecmp                   
00000e45  ustrncmp                      
00000ea5  ustrcmp                       
00000eb9  usrand                        
00000ec9  urand                         
00000ef1  OrbitOledMoveTo               
00000f37  OrbitOledGetPos               
00000f53  OrbitOledSetDrawColor         
00000f6b  OrbitOledGetStdPattern        
00000f7d  OrbitOledSetFillPattern       
00000f8d  OrbitOledSetDrawMode          
00000fe1  OrbitOledGetDrawMode          
00000fe7  OrbitOledDrawPixel            
00001013  OrbitOledGetPixel             
0000102d  OrbitOledLineTo               
0000112d  OrbitOledDrawRect             
000011b1  OrbitOledFillRect             
000012f5  OrbitOledGetBmp               
00001455  OrbitOledPutBmp               
00001623  OrbitOledDrawChar             
00001683  OrbitOledDrawString           
000016a1  OrbitOledRopSet               
000016cb  OrbitOledRopOr                
000016ef  OrbitOledRopAnd               
00001713  OrbitOledRopXor               
00001741  OrbitOledMoveUp               
00001779  OrbitOledMoveDown             
000017af  OrbitOledMoveLeft             
000017c7  OrbitOledMoveRight            
000017e1  OrbitOledClampXco             
00001801  OrbitOledClampYco             
00001841  OrbitOledInit                 
00001855  OrbitOledHostInit             
0000191f  OrbitOledDvrInit              
00001999  OrbitOledDevInit              
00001a1d  OrbitOledClear                
00001a29  OrbitOledClearBuffer          
00001a59  OrbitOledUpdate               
00001ab3  OrbitOledPutBuffer            
00001b19  Ssi3PutByte                   
00001bbd  initButtons                   
00001caf  updateButtons                 
00001da1  checkButton                   
00001ddf  checkSwitch                   
00001e4d  OrbitOledSetCursor            
00001e99  OrbitOledGetCursor            
00001eb5  OrbitOledDefUserChar          
00001f05  OrbitOledSetCharUpdate        
00001f1d  OrbitOledGetCharUpdate        
00001f23  OrbitOledPutChar              
00001f41  OrbitOledPutString            
00001f6d  OrbitOledDrawGlyph            
00001fe5  OrbitOledAdvanceCursor        
00002051  initYaw                       
000020c1  YawInterruptHandler           
00002171  calculateState                
000021b7  getYawDegrees                 
00002211  getYawDecimal                 
00002241  SysTickIntHandler             
00002271  initSysTick                   
00002291  initClock                     
0000229b  main                          
00002409  GPIOPadConfigSet              
00002575  SysCtlClockGet                
0000268d  aligned_alloc                 
0000268d  memalign                      
0000278d  SysCtlClockSet                
00002881  initDisplay                   
00002889  clearDisplay                  
000028b9  displayAlt                    
000028ed  displayYaw                    
00002973  _nop                          
00002975  free                          
00002a59  initADC                       
00002a9d  ADCIntHandler                 
00002abb  calculateMeanAltVal           
00002afd  getAltPercent                 
00002b31  initCircBuf                   
00002b5b  writeCircBuf                  
00002b8f  readCircBuf                   
00002bc3  freeCircBuf                   
00002be9  __aeabi_memcpy                
00002be9  __aeabi_memcpy4               
00002be9  __aeabi_memcpy8               
00002be9  memcpy                        
00002c85  ADCSequenceStepConfigure      
00002cff  __aeabi_memclr                
00002cff  __aeabi_memclr4               
00002cff  __aeabi_memclr8               
00002d01  __aeabi_memset                
00002d01  __aeabi_memset4               
00002d01  __aeabi_memset8               
00002d07  memset                        
00002d79  initUART                      
00002dbd  UARTSend                      
00002e59  IntEnable                     
00002ec1  __TI_decompress_lzss          
00002f29  TimerConfigure                
00002f89  DelayInit                     
00002fa3  DelayMs                       
00002fe5  GPIOIntTypeSet                
0000308d  ADCSequenceConfigure          
000030d9  GPIOPinConfigure              
00003125  UARTConfigSetExpClk           
0000316b  __aeabi_idiv0                 
0000316b  __aeabi_ldiv0                 
0000316d  OLEDStringDraw                
00003193  OLEDInitialise                
000031f5  __TI_auto_init_nobinit_nopinit
00003239  __aeabi_uidiv                 
00003239  __aeabi_uidivmod              
00003279  SSIConfigSetExpClk            
000032b5  calloc                        
000032ed  IntRegister                   
00003321  SysCtlPeripheralEnable        
00003355  _c_int00_noargs               
00003389  GPIODirModeSet                
000033dd  UARTDisable                   
000033fd  ADCSequenceDataGet            
0000341d  SysTickIntRegister            
00003455  GPIOPinTypeGPIOOutput         
0000346f  ADCIntRegister                
00003487  ADCProcessorTrigger           
0000349f  GPIOIntRegister               
000034b7  GPIOPinTypeGPIOInput          
000034cd  GPIOPinTypeSSI                
000034e3  GPIOPinTypeUART               
000034f9  SysTickEnable                 
0000350d  SysTickIntEnable              
00003521  UARTEnable                    
00003535  ADCIntEnable                  
00003545  IntMasterEnable               
00003555  SysTickPeriodSet              
00003565  ADCSequenceEnable             
00003573  TimerEnable                   
00003581  __TI_decompress_none          
0000358f  CPUcpsie                      
0000359b  GPIOIntEnable                 
000035a7  SSIDataGet                    
000035b3  __TI_zero_init                
000035bf  ResetISR                      
000035cb  ADCIntClear                   
000035d5  SSIDataPut                    
000035df  SSIEnable                     
000035e9  TimerValueGet                 
000035f3  UARTCharPut                   
000035fd  UARTFIFOEnable                
00003607  SSIBusy                       
0000360f  malloc                        
00003617  GPIOIntClear                  
0000361d  GPIOPinRead                   
00003623  GPIOPinWrite                  
00003629  SSIClockSourceSet             
0000362f  SysCtlDelay                   
00003635  _system_pre_init              
00003639  C$$EXIT                       
00003639  abort                         
0000363c  rgbOledFont0                  
00003bd0  rgbFillPat                    
00003c98  __TI_Handler_Table_Base       
00003ca4  __TI_Handler_Table_Limit      
00003cb8  __TI_CINIT_Base               
00003cd0  __TI_CINIT_Limit              
20000000  __start___llvm_prf_cnts       
20000000  __stop___llvm_prf_cnts        
20000000  g_pfnRAMVectors               
2000026c  rgbOledBmp                    
2000046c  rgbOledFontUser               
2000059c  bnOledCur                     
200005a0  dxcoOledFontCur               
200005a4  dycoOledFontCur               
200005a8  fOledCharUpdate               
200005ac  modOledCur                    
200005b0  pbOledCur                     
200005b4  pbOledFontCur                 
200005b8  pbOledFontUser                
200005bc  pbOledPatCur                  
200005c0  pfnDoRop                      
200005c4  xchOledCur                    
200005c8  xchOledMax                    
200005cc  xcoOledCur                    
200005d0  ychOledCur                    
200005d4  ychOledMax                    
200005d8  ycoOledCur                    
200005de  clrOledCur                    
200005e0  __stack                       
200007e0  __STACK_END                   
200007e0  __STACK_TOP                   
200007e0  _lock                         
200007e4  _unlock                       
200007f4  slowTick                      
200007f8  _sys_memory                   
ffffffff  __TI_pprof_out_hndl           
ffffffff  __TI_prof_data_size           
ffffffff  __TI_prof_data_start          
ffffffff  __binit__                     
ffffffff  __c_args__                    
ffffffff  binit                         
UNDEFED   __mpu_init                    
UNDEFED   _system_post_cinit            

[215 symbols]
