******************************************************************************
                  TI ARM Linker PC v20.2.7                     
******************************************************************************
>> Linked Mon Mar 18 14:36:49 2024

OUTPUT FILE NAME:   <Helicopter_M1.out>
ENTRY POINT SYMBOL: "_c_int00_noargs"  address: 00002e55


MEMORY CONFIGURATION

         name            origin    length      used     unused   attr    fill
----------------------  --------  ---------  --------  --------  ----  --------
  FLASH                 00000000   00040000  000035ae  0003ca52  R  X
  SRAM                  20000000   00008000  000007f1  0000780f  RW X


SEGMENT ALLOCATION MAP

run origin  load origin   length   init length attrs members
----------  ----------- ---------- ----------- ----- -------
00000000    00000000    000035b0   000035b0    r-x
  00000000    00000000    0000026c   0000026c    r-- .intvecs
  0000026c    0000026c    00002e4a   00002e4a    r-x .text
  000030b8    000030b8    000004b0   000004b0    r-- .const
  00003568    00003568    00000048   00000048    r-- .cinit
20000000    20000000    000007f8   00000000    rw-
  20000000    20000000    0000026c   00000000    rw- .vtable
  2000026c    2000026c    00000361   00000000    rw- .bss
  200005d0    200005d0    00000200   00000000    rw- .stack
  200007d0    200007d0    00000014   00000000    rw- .data
  200007e8    200007e8    00000010   00000000    rw- .sysmem


SECTION ALLOCATION MAP

 output                                  attributes/
section   page    origin      length       input sections
--------  ----  ----------  ----------   ----------------
.intvecs   0    00000000    0000026c     
                  00000000    0000026c     tm4c123gh6pm_startup_ccs.obj (.intvecs)

.text      0    0000026c    00002e4a     
                  0000026c    00000c84     ustdlib.obj (.text)
                  00000ef0    00000950     OrbitOledGrph.obj (.text)
                  00001840    0000037c     OrbitOled.obj (.text)
                  00001bbc    00000248     milestone1.obj (.text)
                  00001e04    00000220     buttons4.obj (.text)
                  00002024    00000204     OrbitOledChar.obj (.text)
                  00002228    0000016c     driverlib.lib : gpio.obj (.text:GPIOPadConfigSet)
                  00002394    00000118                   : sysctl.obj (.text:SysCtlClockGet)
                  000024ac    00000100     rtsv7M4_T_le_v4SPD16_eabi.lib : memory.c.obj (.text:aligned_alloc)
                  000025ac    000000f4     driverlib.lib : sysctl.obj (.text:SysCtlClockSet)
                  000026a0    000000e4     rtsv7M4_T_le_v4SPD16_eabi.lib : memory.c.obj (.text:free)
                  00002784    000000b8     circBufT.obj (.text)
                  0000283c    0000009c     rtsv7M4_T_le_v4SPD16_eabi.lib : memcpy_t2.asm.obj (.text)
                  000028d8    0000007a     driverlib.lib : adc.obj (.text:ADCSequenceStepConfigure)
                  00002952    0000007a     rtsv7M4_T_le_v4SPD16_eabi.lib : memset_t2.asm.obj (.text)
                  000029cc    00000070                                   : memory.c.obj (.text:split)
                  00002a3c    00000068     driverlib.lib : interrupt.obj (.text:IntEnable)
                  00002aa4    00000068     rtsv7M4_T_le_v4SPD16_eabi.lib : copy_decompress_lzss.c.obj (.text:decompress:lzss:__TI_decompress_lzss)
                  00002b0c    00000060     driverlib.lib : timer.obj (.text:TimerConfigure)
                  00002b6c    0000005c     delay.obj (.text)
                  00002bc8    00000050     driverlib.lib : adc.obj (.text:_ADCIntNumberGet)
                  00002c18    0000004c                   : adc.obj (.text:ADCSequenceConfigure)
                  00002c64    0000004c                   : gpio.obj (.text:GPIOPinConfigure)
                  00002cb0    00000044     OrbitOLEDInterface.obj (.text)
                  00002cf4    00000044     rtsv7M4_T_le_v4SPD16_eabi.lib : autoinit.c.obj (.text:__TI_auto_init_nobinit_nopinit:__TI_auto_init_nobinit_nopinit)
                  00002d38    00000040                                   : u_divt2.asm.obj (.text)
                  00002d78    0000003c     driverlib.lib : ssi.obj (.text:SSIConfigSetExpClk)
                  00002db4    00000038     rtsv7M4_T_le_v4SPD16_eabi.lib : memory.c.obj (.text:calloc)
                  00002dec    00000034     driverlib.lib : interrupt.obj (.text:IntRegister)
                  00002e20    00000034                   : sysctl.obj (.text:SysCtlPeripheralEnable)
                  00002e54    00000034     rtsv7M4_T_le_v4SPD16_eabi.lib : boot_cortex_m.c.obj (.text:_c_int00_noargs:_c_int00_noargs)
                  00002e88    0000002c     driverlib.lib : gpio.obj (.text:GPIODirModeSet)
                  00002eb4    00000028     rtsv7M4_T_le_v4SPD16_eabi.lib : memory.c.obj (.text:free_list_insert)
                  00002edc    0000001e     driverlib.lib : adc.obj (.text:ADCSequenceDataGet)
                  00002efa    00000002     rtsv7M4_T_le_v4SPD16_eabi.lib : _lock.c.obj (.text:_nop)
                  00002efc    0000001c     driverlib.lib : systick.obj (.text:SysTickIntRegister)
                  00002f18    0000001c     rtsv7M4_T_le_v4SPD16_eabi.lib : memory.c.obj (.text:free_list_remove)
                  00002f34    0000001a     driverlib.lib : gpio.obj (.text:GPIOPinTypeGPIOOutput)
                  00002f4e    00000018                   : adc.obj (.text:ADCIntRegister)
                  00002f66    00000018                   : adc.obj (.text:ADCProcessorTrigger)
                  00002f7e    00000016                   : gpio.obj (.text:GPIOPinTypeGPIOInput)
                  00002f94    00000016                   : gpio.obj (.text:GPIOPinTypeSSI)
                  00002faa    00000002     rtsv7M4_T_le_v4SPD16_eabi.lib : div0.asm.obj (.text)
                  00002fac    00000014     driverlib.lib : systick.obj (.text:SysTickEnable)
                  00002fc0    00000014                   : systick.obj (.text:SysTickIntEnable)
                  00002fd4    00000010                   : adc.obj (.text:ADCIntEnable)
                  00002fe4    00000010                   : interrupt.obj (.text:IntMasterEnable)
                  00002ff4    00000010                   : systick.obj (.text:SysTickPeriodSet)
                  00003004    0000000e                   : adc.obj (.text:ADCSequenceEnable)
                  00003012    0000000e                   : timer.obj (.text:TimerEnable)
                  00003020    0000000e     rtsv7M4_T_le_v4SPD16_eabi.lib : copy_decompress_none.c.obj (.text:decompress:none:__TI_decompress_none)
                  0000302e    0000000c     driverlib.lib : cpu.obj (.text:CPUcpsie)
                  0000303a    0000000c                   : ssi.obj (.text:SSIDataGet)
                  00003046    0000000c     rtsv7M4_T_le_v4SPD16_eabi.lib : copy_zero_init.c.obj (.text:decompress:ZI:__TI_zero_init)
                  00003052    0000000c     tm4c123gh6pm_startup_ccs.obj (.text)
                  0000305e    0000000a     driverlib.lib : adc.obj (.text:ADCIntClear)
                  00003068    0000000a                   : ssi.obj (.text:SSIDataPut)
                  00003072    0000000a                   : ssi.obj (.text:SSIEnable)
                  0000307c    0000000a                   : timer.obj (.text:TimerValueGet)
                  00003086    00000008                   : ssi.obj (.text:SSIBusy)
                  0000308e    00000008     rtsv7M4_T_le_v4SPD16_eabi.lib : memory.c.obj (.text:malloc)
                  00003096    00000006     driverlib.lib : gpio.obj (.text:GPIOPinRead)
                  0000309c    00000006                   : gpio.obj (.text:GPIOPinWrite)
                  000030a2    00000006                   : ssi.obj (.text:SSIClockSourceSet)
                  000030a8    00000006                   : sysctl.obj (.text:SysCtlDelay)
                  000030ae    00000004     rtsv7M4_T_le_v4SPD16_eabi.lib : pre_init.c.obj (.text:_system_pre_init)
                  000030b2    00000004                                   : exit.c.obj (.text:abort:abort)

.const     0    000030b8    000004b0     
                  000030b8    00000300     ChrFont0.obj (.const:.string:rgbOledFont0)
                  000033b8    00000090     driverlib.lib : gpio.obj (.const:g_pui32GPIOBaseAddrs)
                  00003448    0000006c                   : sysctl.obj (.const:g_pui32Xtals)
                  000034b4    00000040     FillPat.obj (.const:.string:rgbFillPat)
                  000034f4    00000030     ustdlib.obj (.const:g_psDaysToMonth)
                  00003524    00000018     ustdlib.obj (.const:g_pfExponents)
                  0000353c    00000014     driverlib.lib : interrupt.obj (.const:g_pui32EnRegs)
                  00003550    00000012     ustdlib.obj (.const:.string)
                  00003562    00000002     --HOLE-- [fill = 0]
                  00003564    00000004     ustdlib.obj (.const)

.cinit     0    00003568    00000048     
                  00003568    00000010     (.cinit..data.load) [load image, compression = lzss]
                  00003578    0000000c     (__TI_handler_table)
                  00003584    00000004     --HOLE-- [fill = 0]
                  00003588    00000008     (.cinit..bss.load) [load image, compression = zero_init]
                  00003590    00000008     (.cinit..vtable.load) [load image, compression = zero_init]
                  00003598    00000018     (__TI_cinit_table)

.init_array 
*          0    00000000    00000000     UNINITIALIZED

.vtable    0    20000000    0000026c     UNINITIALIZED
                  20000000    0000026c     driverlib.lib : interrupt.obj (.vtable)

.bss       0    2000026c    00000361     UNINITIALIZED
                  2000026c    00000200     (.common:rgbOledBmp)
                  2000046c    00000100     (.common:rgbOledFontUser)
                  2000056c    00000010     milestone1.obj (.bss:g_inBuffer)
                  2000057c    00000004     buttons4.obj (.bss:but_count)
                  20000580    00000004     buttons4.obj (.bss:but_flag)
                  20000584    00000004     buttons4.obj (.bss:but_normal)
                  20000588    00000004     buttons4.obj (.bss:but_state)
                  2000058c    00000004     (.common:bnOledCur)
                  20000590    00000004     (.common:dxcoOledFontCur)
                  20000594    00000004     (.common:dycoOledFontCur)
                  20000598    00000004     (.common:fOledCharUpdate)
                  2000059c    00000004     (.common:modOledCur)
                  200005a0    00000004     (.common:pbOledCur)
                  200005a4    00000004     (.common:pbOledFontCur)
                  200005a8    00000004     (.common:pbOledFontUser)
                  200005ac    00000004     (.common:pbOledPatCur)
                  200005b0    00000004     (.common:pfnDoRop)
                  200005b4    00000004     (.common:xchOledCur)
                  200005b8    00000004     (.common:xchOledMax)
                  200005bc    00000004     (.common:xcoOledCur)
                  200005c0    00000004     (.common:ychOledCur)
                  200005c4    00000004     (.common:ychOledMax)
                  200005c8    00000004     (.common:ycoOledCur)
                  200005cc    00000001     (.common:clrOledCur)

.stack     0    200005d0    00000200     UNINITIALIZED
                  200005d0    00000004     rtsv7M4_T_le_v4SPD16_eabi.lib : boot_cortex_m.c.obj (.stack)
                  200005d4    000001fc     --HOLE--

.data      0    200007d0    00000014     UNINITIALIZED
                  200007d0    00000008     rtsv7M4_T_le_v4SPD16_eabi.lib : _lock.c.obj (.data:$O1$$)
                  200007d8    00000008                                   : memory.c.obj (.data:$O1$$)
                  200007e0    00000004     ustdlib.obj (.data)

.sysmem    0    200007e8    00000010     UNINITIALIZED
                  200007e8    00000010     rtsv7M4_T_le_v4SPD16_eabi.lib : memory.c.obj (.sysmem)

__llvm_prf_cnts 
*          0    20000000    00000000     UNINITIALIZED

MODULE SUMMARY

       Module                         code    ro data   rw data
       ------                         ----    -------   -------
    .\
       ustdlib.obj                    3204    94        4      
       tm4c123gh6pm_startup_ccs.obj   12      620       0      
       milestone1.obj                 584     0         16     
       buttons4.obj                   544     0         16     
       circBufT.obj                   184     0         0      
    +--+------------------------------+-------+---------+---------+
       Total:                         4528    714       36     
                                                               
    .\OrbitOLED\
       OrbitOLEDInterface.obj         68      0         0      
    +--+------------------------------+-------+---------+---------+
       Total:                         68      0         0      
                                                               
    .\OrbitOLED\lib_OrbitOled\
       OrbitOledGrph.obj              2384    0         8      
       OrbitOled.obj                  892     0         553    
       OrbitOledChar.obj              516     0         272    
       ChrFont0.obj                   0       768       0      
       delay.obj                      92      0         0      
       FillPat.obj                    0       64        0      
    +--+------------------------------+-------+---------+---------+
       Total:                         3884    832       833    
                                                               
    C:/ti/TivaWare_C_Series-2.2.0.295/driverlib/ccs/Debug/driverlib.lib
       interrupt.obj                  172     20        620    
       gpio.obj                       566     144       0      
       sysctl.obj                     582     108       0      
       adc.obj                        396     0         0      
       timer.obj                      120     0         0      
       ssi.obj                        106     0         0      
       systick.obj                    84      0         0      
       cpu.obj                        12      0         0      
    +--+------------------------------+-------+---------+---------+
       Total:                         2038    272       620    
                                                               
    C:\ti\ccs1250\ccs\tools\compiler\ti-cgt-arm_20.2.7.LTS\lib\rtsv7M4_T_le_v4SPD16_eabi.lib
       memory.c.obj                   728     0         8      
       memcpy_t2.asm.obj              156     0         0      
       memset_t2.asm.obj              122     0         0      
       copy_decompress_lzss.c.obj     104     0         0      
       autoinit.c.obj                 68      0         0      
       u_divt2.asm.obj                64      0         0      
       boot_cortex_m.c.obj            52      0         0      
       copy_decompress_none.c.obj     14      0         0      
       copy_zero_init.c.obj           12      0         0      
       _lock.c.obj                    2       0         8      
       exit.c.obj                     4       0         0      
       pre_init.c.obj                 4       0         0      
       div0.asm.obj                   2       0         0      
    +--+------------------------------+-------+---------+---------+
       Total:                         1332    0         16     
                                                               
       Heap:                          0       0         16     
       Stack:                         0       0         512    
       Linker Generated:              0       68        0      
    +--+------------------------------+-------+---------+---------+
       Grand Total:                   11850   1886      2033   


LINKER GENERATED COPY TABLES

__TI_cinit_table @ 00003598 records: 3, size/record: 8, table size: 24
	.data: load addr=00003568, load size=00000010 bytes, run addr=200007d0, run size=00000014 bytes, compression=lzss
	.bss: load addr=00003588, load size=00000008 bytes, run addr=2000026c, run size=00000361 bytes, compression=zero_init
	.vtable: load addr=00003590, load size=00000008 bytes, run addr=20000000, run size=0000026c bytes, compression=zero_init


LINKER GENERATED HANDLER TABLE

__TI_handler_table @ 00003578 records: 3, size/record: 4, table size: 12
	index: 0, handler: __TI_zero_init
	index: 1, handler: __TI_decompress_lzss
	index: 2, handler: __TI_decompress_none


GLOBAL SYMBOLS: SORTED ALPHABETICALLY BY Name 

address   name                          
-------   ----                          
0000305f  ADCIntClear                   
00002fd5  ADCIntEnable                  
00001bc9  ADCIntHandler                 
00002f4f  ADCIntRegister                
00002f67  ADCProcessorTrigger           
00002c19  ADCSequenceConfigure          
00002edd  ADCSequenceDataGet            
00003005  ADCSequenceEnable             
000028d9  ADCSequenceStepConfigure      
000030b3  C$$EXIT                       
0000302f  CPUcpsie                      
00002b6d  DelayInit                     
00002b87  DelayMs                       
00002e89  GPIODirModeSet                
00002229  GPIOPadConfigSet              
00002c65  GPIOPinConfigure              
00003097  GPIOPinRead                   
00002f7f  GPIOPinTypeGPIOInput          
00002f35  GPIOPinTypeGPIOOutput         
00002f95  GPIOPinTypeSSI                
0000309d  GPIOPinWrite                  
00002a3d  IntEnable                     
00002fe5  IntMasterEnable               
00002ded  IntRegister                   
00002cd7  OLEDInitialise                
00002cb1  OLEDStringDraw                
000021bd  OrbitOledAdvanceCursor        
000017e1  OrbitOledClampXco             
00001801  OrbitOledClampYco             
00001a1d  OrbitOledClear                
00001a29  OrbitOledClearBuffer          
0000208d  OrbitOledDefUserChar          
00001999  OrbitOledDevInit              
00001623  OrbitOledDrawChar             
00002145  OrbitOledDrawGlyph            
00000fe7  OrbitOledDrawPixel            
0000112d  OrbitOledDrawRect             
00001683  OrbitOledDrawString           
0000191f  OrbitOledDvrInit              
000011b1  OrbitOledFillRect             
000012f5  OrbitOledGetBmp               
000020f5  OrbitOledGetCharUpdate        
00002071  OrbitOledGetCursor            
00000fe1  OrbitOledGetDrawMode          
00001013  OrbitOledGetPixel             
00000f37  OrbitOledGetPos               
00000f6b  OrbitOledGetStdPattern        
00001855  OrbitOledHostInit             
00001841  OrbitOledInit                 
0000102d  OrbitOledLineTo               
00001779  OrbitOledMoveDown             
000017af  OrbitOledMoveLeft             
000017c7  OrbitOledMoveRight            
00000ef1  OrbitOledMoveTo               
00001741  OrbitOledMoveUp               
00001455  OrbitOledPutBmp               
00001ab3  OrbitOledPutBuffer            
000020fb  OrbitOledPutChar              
00002119  OrbitOledPutString            
000016ef  OrbitOledRopAnd               
000016cb  OrbitOledRopOr                
000016a1  OrbitOledRopSet               
00001713  OrbitOledRopXor               
000020dd  OrbitOledSetCharUpdate        
00002025  OrbitOledSetCursor            
00000f53  OrbitOledSetDrawColor         
00000f8d  OrbitOledSetDrawMode          
00000f7d  OrbitOledSetFillPattern       
00001a59  OrbitOledUpdate               
00003053  ResetISR                      
00003087  SSIBusy                       
000030a3  SSIClockSourceSet             
00002d79  SSIConfigSetExpClk            
0000303b  SSIDataGet                    
00003069  SSIDataPut                    
00003073  SSIEnable                     
00001b19  Ssi3PutByte                   
00002395  SysCtlClockGet                
000025ad  SysCtlClockSet                
000030a9  SysCtlDelay                   
00002e21  SysCtlPeripheralEnable        
00002fad  SysTickEnable                 
00002fc1  SysTickIntEnable              
00001bbd  SysTickIntHandler             
00002efd  SysTickIntRegister            
00002ff5  SysTickPeriodSet              
00002b0d  TimerConfigure                
00003013  TimerEnable                   
0000307d  TimerValueGet                 
200007d0  __STACK_END                   
00000200  __STACK_SIZE                  
200007d0  __STACK_TOP                   
00000010  __SYSMEM_SIZE                 
00003598  __TI_CINIT_Base               
000035b0  __TI_CINIT_Limit              
00003578  __TI_Handler_Table_Base       
00003584  __TI_Handler_Table_Limit      
00002cf5  __TI_auto_init_nobinit_nopinit
00002aa5  __TI_decompress_lzss          
00003021  __TI_decompress_none          
ffffffff  __TI_pprof_out_hndl           
ffffffff  __TI_prof_data_size           
ffffffff  __TI_prof_data_start          
00000000  __TI_static_base__            
00003047  __TI_zero_init                
00002fab  __aeabi_idiv0                 
00002fab  __aeabi_ldiv0                 
00002953  __aeabi_memclr                
00002953  __aeabi_memclr4               
00002953  __aeabi_memclr8               
0000283d  __aeabi_memcpy                
0000283d  __aeabi_memcpy4               
0000283d  __aeabi_memcpy8               
00002955  __aeabi_memset                
00002955  __aeabi_memset4               
00002955  __aeabi_memset8               
00002d39  __aeabi_uidiv                 
00002d39  __aeabi_uidivmod              
ffffffff  __binit__                     
ffffffff  __c_args__                    
UNDEFED   __mpu_init                    
200005d0  __stack                       
20000000  __start___llvm_prf_cnts       
20000000  __stop___llvm_prf_cnts        
00002e55  _c_int00_noargs               
200007d0  _lock                         
00002efb  _nop                          
200007e8  _sys_memory                   
UNDEFED   _system_post_cinit            
000030af  _system_pre_init              
200007d4  _unlock                       
000030b3  abort                         
000024ad  aligned_alloc                 
ffffffff  binit                         
2000058c  bnOledCur                     
00001ce3  calculateMeanVal              
00002db5  calloc                        
00001fa7  checkButton                   
200005cc  clrOledCur                    
00001c51  displayValue                  
20000590  dxcoOledFontCur               
20000594  dycoOledFontCur               
20000598  fOledCharUpdate               
000026a1  free                          
00002817  freeCircBuf                   
20000000  g_pfnRAMVectors               
00000000  g_pfnVectors                  
00001c15  initADC                       
00001e05  initButtons                   
00002785  initCircBuf                   
00001be7  initClock                     
00001c0d  initDisplay                   
00001d25  main                          
0000308f  malloc                        
000024ad  memalign                      
0000283d  memcpy                        
0000295b  memset                        
2000059c  modOledCur                    
200005a0  pbOledCur                     
200005a4  pbOledFontCur                 
200005a8  pbOledFontUser                
200005ac  pbOledPatCur                  
200005b0  pfnDoRop                      
000027e3  readCircBuf                   
000034b4  rgbFillPat                    
2000026c  rgbOledBmp                    
000030b8  rgbOledFont0                  
2000046c  rgbOledFontUser               
00000751  ulocaltime                    
0000094f  umktime                       
00001ed3  updateButtons                 
00000ec9  urand                         
00000721  usnprintf                     
000006ef  usprintf                      
00000eb9  usrand                        
00000e31  ustrcasecmp                   
00000ea5  ustrcmp                       
00000d35  ustrlen                       
00000d8d  ustrncasecmp                  
00000e45  ustrncmp                      
0000026d  ustrncpy                      
00000d57  ustrstr                       
00000afd  ustrtof                       
000009c5  ustrtoul                      
000002c5  uvsnprintf                    
000027af  writeCircBuf                  
200005b4  xchOledCur                    
200005b8  xchOledMax                    
200005bc  xcoOledCur                    
200005c0  ychOledCur                    
200005c4  ychOledMax                    
200005c8  ycoOledCur                    


GLOBAL SYMBOLS: SORTED BY Symbol Address 

address   name                          
-------   ----                          
00000000  __TI_static_base__            
00000000  g_pfnVectors                  
00000010  __SYSMEM_SIZE                 
00000200  __STACK_SIZE                  
0000026d  ustrncpy                      
000002c5  uvsnprintf                    
000006ef  usprintf                      
00000721  usnprintf                     
00000751  ulocaltime                    
0000094f  umktime                       
000009c5  ustrtoul                      
00000afd  ustrtof                       
00000d35  ustrlen                       
00000d57  ustrstr                       
00000d8d  ustrncasecmp                  
00000e31  ustrcasecmp                   
00000e45  ustrncmp                      
00000ea5  ustrcmp                       
00000eb9  usrand                        
00000ec9  urand                         
00000ef1  OrbitOledMoveTo               
00000f37  OrbitOledGetPos               
00000f53  OrbitOledSetDrawColor         
00000f6b  OrbitOledGetStdPattern        
00000f7d  OrbitOledSetFillPattern       
00000f8d  OrbitOledSetDrawMode          
00000fe1  OrbitOledGetDrawMode          
00000fe7  OrbitOledDrawPixel            
00001013  OrbitOledGetPixel             
0000102d  OrbitOledLineTo               
0000112d  OrbitOledDrawRect             
000011b1  OrbitOledFillRect             
000012f5  OrbitOledGetBmp               
00001455  OrbitOledPutBmp               
00001623  OrbitOledDrawChar             
00001683  OrbitOledDrawString           
000016a1  OrbitOledRopSet               
000016cb  OrbitOledRopOr                
000016ef  OrbitOledRopAnd               
00001713  OrbitOledRopXor               
00001741  OrbitOledMoveUp               
00001779  OrbitOledMoveDown             
000017af  OrbitOledMoveLeft             
000017c7  OrbitOledMoveRight            
000017e1  OrbitOledClampXco             
00001801  OrbitOledClampYco             
00001841  OrbitOledInit                 
00001855  OrbitOledHostInit             
0000191f  OrbitOledDvrInit              
00001999  OrbitOledDevInit              
00001a1d  OrbitOledClear                
00001a29  OrbitOledClearBuffer          
00001a59  OrbitOledUpdate               
00001ab3  OrbitOledPutBuffer            
00001b19  Ssi3PutByte                   
00001bbd  SysTickIntHandler             
00001bc9  ADCIntHandler                 
00001be7  initClock                     
00001c0d  initDisplay                   
00001c15  initADC                       
00001c51  displayValue                  
00001ce3  calculateMeanVal              
00001d25  main                          
00001e05  initButtons                   
00001ed3  updateButtons                 
00001fa7  checkButton                   
00002025  OrbitOledSetCursor            
00002071  OrbitOledGetCursor            
0000208d  OrbitOledDefUserChar          
000020dd  OrbitOledSetCharUpdate        
000020f5  OrbitOledGetCharUpdate        
000020fb  OrbitOledPutChar              
00002119  OrbitOledPutString            
00002145  OrbitOledDrawGlyph            
000021bd  OrbitOledAdvanceCursor        
00002229  GPIOPadConfigSet              
00002395  SysCtlClockGet                
000024ad  aligned_alloc                 
000024ad  memalign                      
000025ad  SysCtlClockSet                
000026a1  free                          
00002785  initCircBuf                   
000027af  writeCircBuf                  
000027e3  readCircBuf                   
00002817  freeCircBuf                   
0000283d  __aeabi_memcpy                
0000283d  __aeabi_memcpy4               
0000283d  __aeabi_memcpy8               
0000283d  memcpy                        
000028d9  ADCSequenceStepConfigure      
00002953  __aeabi_memclr                
00002953  __aeabi_memclr4               
00002953  __aeabi_memclr8               
00002955  __aeabi_memset                
00002955  __aeabi_memset4               
00002955  __aeabi_memset8               
0000295b  memset                        
00002a3d  IntEnable                     
00002aa5  __TI_decompress_lzss          
00002b0d  TimerConfigure                
00002b6d  DelayInit                     
00002b87  DelayMs                       
00002c19  ADCSequenceConfigure          
00002c65  GPIOPinConfigure              
00002cb1  OLEDStringDraw                
00002cd7  OLEDInitialise                
00002cf5  __TI_auto_init_nobinit_nopinit
00002d39  __aeabi_uidiv                 
00002d39  __aeabi_uidivmod              
00002d79  SSIConfigSetExpClk            
00002db5  calloc                        
00002ded  IntRegister                   
00002e21  SysCtlPeripheralEnable        
00002e55  _c_int00_noargs               
00002e89  GPIODirModeSet                
00002edd  ADCSequenceDataGet            
00002efb  _nop                          
00002efd  SysTickIntRegister            
00002f35  GPIOPinTypeGPIOOutput         
00002f4f  ADCIntRegister                
00002f67  ADCProcessorTrigger           
00002f7f  GPIOPinTypeGPIOInput          
00002f95  GPIOPinTypeSSI                
00002fab  __aeabi_idiv0                 
00002fab  __aeabi_ldiv0                 
00002fad  SysTickEnable                 
00002fc1  SysTickIntEnable              
00002fd5  ADCIntEnable                  
00002fe5  IntMasterEnable               
00002ff5  SysTickPeriodSet              
00003005  ADCSequenceEnable             
00003013  TimerEnable                   
00003021  __TI_decompress_none          
0000302f  CPUcpsie                      
0000303b  SSIDataGet                    
00003047  __TI_zero_init                
00003053  ResetISR                      
0000305f  ADCIntClear                   
00003069  SSIDataPut                    
00003073  SSIEnable                     
0000307d  TimerValueGet                 
00003087  SSIBusy                       
0000308f  malloc                        
00003097  GPIOPinRead                   
0000309d  GPIOPinWrite                  
000030a3  SSIClockSourceSet             
000030a9  SysCtlDelay                   
000030af  _system_pre_init              
000030b3  C$$EXIT                       
000030b3  abort                         
000030b8  rgbOledFont0                  
000034b4  rgbFillPat                    
00003578  __TI_Handler_Table_Base       
00003584  __TI_Handler_Table_Limit      
00003598  __TI_CINIT_Base               
000035b0  __TI_CINIT_Limit              
20000000  __start___llvm_prf_cnts       
20000000  __stop___llvm_prf_cnts        
20000000  g_pfnRAMVectors               
2000026c  rgbOledBmp                    
2000046c  rgbOledFontUser               
2000058c  bnOledCur                     
20000590  dxcoOledFontCur               
20000594  dycoOledFontCur               
20000598  fOledCharUpdate               
2000059c  modOledCur                    
200005a0  pbOledCur                     
200005a4  pbOledFontCur                 
200005a8  pbOledFontUser                
200005ac  pbOledPatCur                  
200005b0  pfnDoRop                      
200005b4  xchOledCur                    
200005b8  xchOledMax                    
200005bc  xcoOledCur                    
200005c0  ychOledCur                    
200005c4  ychOledMax                    
200005c8  ycoOledCur                    
200005cc  clrOledCur                    
200005d0  __stack                       
200007d0  __STACK_END                   
200007d0  __STACK_TOP                   
200007d0  _lock                         
200007d4  _unlock                       
200007e8  _sys_memory                   
ffffffff  __TI_pprof_out_hndl           
ffffffff  __TI_prof_data_size           
ffffffff  __TI_prof_data_start          
ffffffff  __binit__                     
ffffffff  __c_args__                    
ffffffff  binit                         
UNDEFED   __mpu_init                    
UNDEFED   _system_post_cinit            

[192 symbols]
