******************************************************************************
                  TI ARM Linker PC v20.2.7                     
******************************************************************************
>> Linked Mon Apr 29 17:40:20 2024

OUTPUT FILE NAME:   <Helicopter_M1.out>
ENTRY POINT SYMBOL: "_c_int00_noargs"  address: 000031bd


MEMORY CONFIGURATION

         name            origin    length      used     unused   attr    fill
----------------------  --------  ---------  --------  --------  ----  --------
  FLASH                 00000000   00040000  00003ad8  0003c528  R  X
  SRAM                  20000000   00008000  000007f7  00007809  RW X


SEGMENT ALLOCATION MAP

run origin  load origin   length   init length attrs members
----------  ----------- ---------- ----------- ----- -------
00000000    00000000    00003ad8   00003ad8    r-x
  00000000    00000000    0000026c   0000026c    r-- .intvecs
  0000026c    0000026c    000031dc   000031dc    r-x .text
  00003448    00003448    00000648   00000648    r-- .const
  00003a90    00003a90    00000048   00000048    r-- .cinit
20000000    20000000    000007f8   00000000    rw-
  20000000    20000000    0000026c   00000000    rw- .vtable
  2000026c    2000026c    00000363   00000000    rw- .bss
  200005d0    200005d0    00000200   00000000    rw- .stack
  200007d0    200007d0    00000018   00000000    rw- .data
  200007e8    200007e8    00000010   00000000    rw- .sysmem


SECTION ALLOCATION MAP

 output                                  attributes/
section   page    origin      length       input sections
--------  ----  ----------  ----------   ----------------
.intvecs   0    00000000    0000026c     
                  00000000    0000026c     tm4c123gh6pm_startup_ccs.obj (.intvecs)

.text      0    0000026c    000031dc     
                  0000026c    00000c84     ustdlib.obj (.text)
                  00000ef0    00000950     OrbitOledGrph.obj (.text)
                  00001840    0000037c     OrbitOled.obj (.text)
                  00001bbc    00000220     buttons4.obj (.text)
                  00001ddc    00000204     OrbitOledChar.obj (.text)
                  00001fe0    000001f8     Yaw.obj (.text)
                  000021d8    000001a4     milestone1.obj (.text)
                  0000237c    00000178     Display.obj (.text)
                  000024f4    0000016c     driverlib.lib : gpio.obj (.text:GPIOPadConfigSet)
                  00002660    00000118                   : sysctl.obj (.text:SysCtlClockGet)
                  00002778    00000100     rtsv7M4_T_le_v4SPD16_eabi.lib : memory.c.obj (.text:aligned_alloc)
                  00002878    000000f4     driverlib.lib : sysctl.obj (.text:SysCtlClockSet)
                  0000296c    000000e4     rtsv7M4_T_le_v4SPD16_eabi.lib : memory.c.obj (.text:free)
                  00002a50    000000b8     circBufT.obj (.text)
                  00002b08    0000009c     rtsv7M4_T_le_v4SPD16_eabi.lib : memcpy_t2.asm.obj (.text)
                  00002ba4    0000007a     driverlib.lib : adc.obj (.text:ADCSequenceStepConfigure)
                  00002c1e    0000007a     rtsv7M4_T_le_v4SPD16_eabi.lib : memset_t2.asm.obj (.text)
                  00002c98    00000070                                   : memory.c.obj (.text:split)
                  00002d08    00000068     driverlib.lib : interrupt.obj (.text:IntEnable)
                  00002d70    00000068     rtsv7M4_T_le_v4SPD16_eabi.lib : copy_decompress_lzss.c.obj (.text:decompress:lzss:__TI_decompress_lzss)
                  00002dd8    00000060     driverlib.lib : timer.obj (.text:TimerConfigure)
                  00002e38    0000005c     delay.obj (.text)
                  00002e94    00000058     driverlib.lib : gpio.obj (.text:GPIOIntTypeSet)
                  00002eec    00000050                   : adc.obj (.text:_ADCIntNumberGet)
                  00002f3c    0000004c                   : adc.obj (.text:ADCSequenceConfigure)
                  00002f88    0000004c                   : gpio.obj (.text:GPIOPinConfigure)
                  00002fd4    00000044     OrbitOLEDInterface.obj (.text)
                  00003018    00000044     driverlib.lib : gpio.obj (.text:_GPIOIntNumberGet)
                  0000305c    00000044     rtsv7M4_T_le_v4SPD16_eabi.lib : autoinit.c.obj (.text:__TI_auto_init_nobinit_nopinit:__TI_auto_init_nobinit_nopinit)
                  000030a0    00000040                                   : u_divt2.asm.obj (.text)
                  000030e0    0000003c     driverlib.lib : ssi.obj (.text:SSIConfigSetExpClk)
                  0000311c    00000038     rtsv7M4_T_le_v4SPD16_eabi.lib : memory.c.obj (.text:calloc)
                  00003154    00000034     driverlib.lib : interrupt.obj (.text:IntRegister)
                  00003188    00000034                   : sysctl.obj (.text:SysCtlPeripheralEnable)
                  000031bc    00000034     rtsv7M4_T_le_v4SPD16_eabi.lib : boot_cortex_m.c.obj (.text:_c_int00_noargs:_c_int00_noargs)
                  000031f0    0000002c     driverlib.lib : gpio.obj (.text:GPIODirModeSet)
                  0000321c    00000028     rtsv7M4_T_le_v4SPD16_eabi.lib : memory.c.obj (.text:free_list_insert)
                  00003244    0000001e     driverlib.lib : adc.obj (.text:ADCSequenceDataGet)
                  00003262    00000002     rtsv7M4_T_le_v4SPD16_eabi.lib : _lock.c.obj (.text:_nop)
                  00003264    0000001c     driverlib.lib : systick.obj (.text:SysTickIntRegister)
                  00003280    0000001c     rtsv7M4_T_le_v4SPD16_eabi.lib : memory.c.obj (.text:free_list_remove)
                  0000329c    0000001a     driverlib.lib : gpio.obj (.text:GPIOPinTypeGPIOOutput)
                  000032b6    00000018                   : adc.obj (.text:ADCIntRegister)
                  000032ce    00000018                   : adc.obj (.text:ADCProcessorTrigger)
                  000032e6    00000018                   : gpio.obj (.text:GPIOIntRegister)
                  000032fe    00000016                   : gpio.obj (.text:GPIOPinTypeGPIOInput)
                  00003314    00000016                   : gpio.obj (.text:GPIOPinTypeSSI)
                  0000332a    00000002     rtsv7M4_T_le_v4SPD16_eabi.lib : div0.asm.obj (.text)
                  0000332c    00000014     driverlib.lib : systick.obj (.text:SysTickEnable)
                  00003340    00000014                   : systick.obj (.text:SysTickIntEnable)
                  00003354    00000010                   : adc.obj (.text:ADCIntEnable)
                  00003364    00000010                   : interrupt.obj (.text:IntMasterEnable)
                  00003374    00000010                   : systick.obj (.text:SysTickPeriodSet)
                  00003384    0000000e                   : adc.obj (.text:ADCSequenceEnable)
                  00003392    0000000e                   : timer.obj (.text:TimerEnable)
                  000033a0    0000000e     rtsv7M4_T_le_v4SPD16_eabi.lib : copy_decompress_none.c.obj (.text:decompress:none:__TI_decompress_none)
                  000033ae    0000000c     driverlib.lib : cpu.obj (.text:CPUcpsie)
                  000033ba    0000000c                   : gpio.obj (.text:GPIOIntEnable)
                  000033c6    0000000c                   : ssi.obj (.text:SSIDataGet)
                  000033d2    0000000c     rtsv7M4_T_le_v4SPD16_eabi.lib : copy_zero_init.c.obj (.text:decompress:ZI:__TI_zero_init)
                  000033de    0000000c     tm4c123gh6pm_startup_ccs.obj (.text)
                  000033ea    0000000a     driverlib.lib : adc.obj (.text:ADCIntClear)
                  000033f4    0000000a                   : ssi.obj (.text:SSIDataPut)
                  000033fe    0000000a                   : ssi.obj (.text:SSIEnable)
                  00003408    0000000a                   : timer.obj (.text:TimerValueGet)
                  00003412    00000008                   : ssi.obj (.text:SSIBusy)
                  0000341a    00000008     rtsv7M4_T_le_v4SPD16_eabi.lib : memory.c.obj (.text:malloc)
                  00003422    00000006     driverlib.lib : gpio.obj (.text:GPIOIntClear)
                  00003428    00000006                   : gpio.obj (.text:GPIOPinRead)
                  0000342e    00000006                   : gpio.obj (.text:GPIOPinWrite)
                  00003434    00000006                   : ssi.obj (.text:SSIClockSourceSet)
                  0000343a    00000006                   : sysctl.obj (.text:SysCtlDelay)
                  00003440    00000004     rtsv7M4_T_le_v4SPD16_eabi.lib : pre_init.c.obj (.text:_system_pre_init)
                  00003444    00000004                                   : exit.c.obj (.text:abort:abort)

.const     0    00003448    00000648     
                  00003448    00000300     ChrFont0.obj (.const:.string:rgbOledFont0)
                  00003748    000000d8     driverlib.lib : gpio.obj (.const:g_ppui32GPIOIntMapSnowflake)
                  00003820    000000c0                   : gpio.obj (.const:g_ppui32GPIOIntMapBlizzard)
                  000038e0    00000090                   : gpio.obj (.const:g_pui32GPIOBaseAddrs)
                  00003970    0000006c                   : sysctl.obj (.const:g_pui32Xtals)
                  000039dc    00000040     FillPat.obj (.const:.string:rgbFillPat)
                  00003a1c    00000030     ustdlib.obj (.const:g_psDaysToMonth)
                  00003a4c    00000018     ustdlib.obj (.const:g_pfExponents)
                  00003a64    00000014     driverlib.lib : interrupt.obj (.const:g_pui32EnRegs)
                  00003a78    00000012     ustdlib.obj (.const:.string)
                  00003a8a    00000002     --HOLE-- [fill = 0]
                  00003a8c    00000004     ustdlib.obj (.const)

.cinit     0    00003a90    00000048     
                  00003a90    00000010     (.cinit..data.load) [load image, compression = lzss]
                  00003aa0    0000000c     (__TI_handler_table)
                  00003aac    00000004     --HOLE-- [fill = 0]
                  00003ab0    00000008     (.cinit..bss.load) [load image, compression = zero_init]
                  00003ab8    00000008     (.cinit..vtable.load) [load image, compression = zero_init]
                  00003ac0    00000018     (__TI_cinit_table)

.init_array 
*          0    00000000    00000000     UNINITIALIZED

.vtable    0    20000000    0000026c     UNINITIALIZED
                  20000000    0000026c     driverlib.lib : interrupt.obj (.vtable)

.bss       0    2000026c    00000363     UNINITIALIZED
                  2000026c    00000200     (.common:rgbOledBmp)
                  2000046c    00000100     (.common:rgbOledFontUser)
                  2000056c    00000010     milestone1.obj (.bss:g_inBuffer)
                  2000057c    00000004     buttons4.obj (.bss:but_count)
                  20000580    00000004     buttons4.obj (.bss:but_flag)
                  20000584    00000004     buttons4.obj (.bss:but_normal)
                  20000588    00000004     buttons4.obj (.bss:but_state)
                  2000058c    00000004     (.common:bnOledCur)
                  20000590    00000004     (.common:dxcoOledFontCur)
                  20000594    00000004     (.common:dycoOledFontCur)
                  20000598    00000004     (.common:fOledCharUpdate)
                  2000059c    00000004     (.common:modOledCur)
                  200005a0    00000004     (.common:pbOledCur)
                  200005a4    00000004     (.common:pbOledFontCur)
                  200005a8    00000004     (.common:pbOledFontUser)
                  200005ac    00000004     (.common:pbOledPatCur)
                  200005b0    00000004     (.common:pfnDoRop)
                  200005b4    00000004     (.common:xchOledCur)
                  200005b8    00000004     (.common:xchOledMax)
                  200005bc    00000004     (.common:xcoOledCur)
                  200005c0    00000004     (.common:ychOledCur)
                  200005c4    00000004     (.common:ychOledMax)
                  200005c8    00000004     (.common:ycoOledCur)
                  200005cc    00000002     Yaw.obj (.bss)
                  200005ce    00000001     (.common:clrOledCur)

.stack     0    200005d0    00000200     UNINITIALIZED
                  200005d0    00000004     rtsv7M4_T_le_v4SPD16_eabi.lib : boot_cortex_m.c.obj (.stack)
                  200005d4    000001fc     --HOLE--

.data      0    200007d0    00000018     UNINITIALIZED
                  200007d0    00000008     rtsv7M4_T_le_v4SPD16_eabi.lib : _lock.c.obj (.data:$O1$$)
                  200007d8    00000008                                   : memory.c.obj (.data:$O1$$)
                  200007e0    00000004     ustdlib.obj (.data)
                  200007e4    00000002     milestone1.obj (.data)
                  200007e6    00000001     Display.obj (.data)
                  200007e7    00000001     Yaw.obj (.data)

.sysmem    0    200007e8    00000010     UNINITIALIZED
                  200007e8    00000010     rtsv7M4_T_le_v4SPD16_eabi.lib : memory.c.obj (.sysmem)

__llvm_prf_cnts 
*          0    20000000    00000000     UNINITIALIZED

MODULE SUMMARY

       Module                         code    ro data   rw data
       ------                         ----    -------   -------
    .\
       ustdlib.obj                    3204    94        4      
       tm4c123gh6pm_startup_ccs.obj   12      620       0      
       buttons4.obj                   544     0         16     
       Yaw.obj                        504     0         3      
       milestone1.obj                 420     0         18     
       Display.obj                    376     0         1      
       circBufT.obj                   184     0         0      
    +--+------------------------------+-------+---------+---------+
       Total:                         5244    714       42     
                                                               
    .\OrbitOLED\
       OrbitOLEDInterface.obj         68      0         0      
    +--+------------------------------+-------+---------+---------+
       Total:                         68      0         0      
                                                               
    .\OrbitOLED\lib_OrbitOled\
       OrbitOledGrph.obj              2384    0         8      
       OrbitOled.obj                  892     0         553    
       OrbitOledChar.obj              516     0         272    
       ChrFont0.obj                   0       768       0      
       delay.obj                      92      0         0      
       FillPat.obj                    0       64        0      
    +--+------------------------------+-------+---------+---------+
       Total:                         3884    832       833    
                                                               
    C:/ti/TivaWare_C_Series-2.2.0.295/driverlib/ccs/Debug/driverlib.lib
       gpio.obj                       764     552       0      
       interrupt.obj                  172     20        620    
       sysctl.obj                     582     108       0      
       adc.obj                        396     0         0      
       timer.obj                      120     0         0      
       ssi.obj                        106     0         0      
       systick.obj                    84      0         0      
       cpu.obj                        12      0         0      
    +--+------------------------------+-------+---------+---------+
       Total:                         2236    680       620    
                                                               
    C:\ti\ccs1250\ccs\tools\compiler\ti-cgt-arm_20.2.7.LTS\lib\rtsv7M4_T_le_v4SPD16_eabi.lib
       memory.c.obj                   728     0         8      
       memcpy_t2.asm.obj              156     0         0      
       memset_t2.asm.obj              122     0         0      
       copy_decompress_lzss.c.obj     104     0         0      
       autoinit.c.obj                 68      0         0      
       u_divt2.asm.obj                64      0         0      
       boot_cortex_m.c.obj            52      0         0      
       copy_decompress_none.c.obj     14      0         0      
       copy_zero_init.c.obj           12      0         0      
       _lock.c.obj                    2       0         8      
       exit.c.obj                     4       0         0      
       pre_init.c.obj                 4       0         0      
       div0.asm.obj                   2       0         0      
    +--+------------------------------+-------+---------+---------+
       Total:                         1332    0         16     
                                                               
       Heap:                          0       0         16     
       Stack:                         0       0         512    
       Linker Generated:              0       68        0      
    +--+------------------------------+-------+---------+---------+
       Grand Total:                   12764   2294      2039   


LINKER GENERATED COPY TABLES

__TI_cinit_table @ 00003ac0 records: 3, size/record: 8, table size: 24
	.data: load addr=00003a90, load size=00000010 bytes, run addr=200007d0, run size=00000018 bytes, compression=lzss
	.bss: load addr=00003ab0, load size=00000008 bytes, run addr=2000026c, run size=00000363 bytes, compression=zero_init
	.vtable: load addr=00003ab8, load size=00000008 bytes, run addr=20000000, run size=0000026c bytes, compression=zero_init


LINKER GENERATED HANDLER TABLE

__TI_handler_table @ 00003aa0 records: 3, size/record: 4, table size: 12
	index: 0, handler: __TI_zero_init
	index: 1, handler: __TI_decompress_lzss
	index: 2, handler: __TI_decompress_none


GLOBAL SYMBOLS: SORTED ALPHABETICALLY BY Name 

address   name                          
-------   ----                          
000033eb  ADCIntClear                   
00003355  ADCIntEnable                  
00002209  ADCIntHandler                 
000032b7  ADCIntRegister                
000032cf  ADCProcessorTrigger           
00002f3d  ADCSequenceConfigure          
00003245  ADCSequenceDataGet            
00003385  ADCSequenceEnable             
00002ba5  ADCSequenceStepConfigure      
00003445  C$$EXIT                       
000033af  CPUcpsie                      
00002e39  DelayInit                     
00002e53  DelayMs                       
000031f1  GPIODirModeSet                
00003423  GPIOIntClear                  
000033bb  GPIOIntEnable                 
000032e7  GPIOIntRegister               
00002e95  GPIOIntTypeSet                
000024f5  GPIOPadConfigSet              
00002f89  GPIOPinConfigure              
00003429  GPIOPinRead                   
000032ff  GPIOPinTypeGPIOInput          
0000329d  GPIOPinTypeGPIOOutput         
00003315  GPIOPinTypeSSI                
0000342f  GPIOPinWrite                  
00002d09  IntEnable                     
00003365  IntMasterEnable               
00003155  IntRegister                   
00002ffb  OLEDInitialise                
00002fd5  OLEDStringDraw                
00001f75  OrbitOledAdvanceCursor        
000017e1  OrbitOledClampXco             
00001801  OrbitOledClampYco             
00001a1d  OrbitOledClear                
00001a29  OrbitOledClearBuffer          
00001e45  OrbitOledDefUserChar          
00001999  OrbitOledDevInit              
00001623  OrbitOledDrawChar             
00001efd  OrbitOledDrawGlyph            
00000fe7  OrbitOledDrawPixel            
0000112d  OrbitOledDrawRect             
00001683  OrbitOledDrawString           
0000191f  OrbitOledDvrInit              
000011b1  OrbitOledFillRect             
000012f5  OrbitOledGetBmp               
00001ead  OrbitOledGetCharUpdate        
00001e29  OrbitOledGetCursor            
00000fe1  OrbitOledGetDrawMode          
00001013  OrbitOledGetPixel             
00000f37  OrbitOledGetPos               
00000f6b  OrbitOledGetStdPattern        
00001855  OrbitOledHostInit             
00001841  OrbitOledInit                 
0000102d  OrbitOledLineTo               
00001779  OrbitOledMoveDown             
000017af  OrbitOledMoveLeft             
000017c7  OrbitOledMoveRight            
00000ef1  OrbitOledMoveTo               
00001741  OrbitOledMoveUp               
00001455  OrbitOledPutBmp               
00001ab3  OrbitOledPutBuffer            
00001eb3  OrbitOledPutChar              
00001ed1  OrbitOledPutString            
000016ef  OrbitOledRopAnd               
000016cb  OrbitOledRopOr                
000016a1  OrbitOledRopSet               
00001713  OrbitOledRopXor               
00001e95  OrbitOledSetCharUpdate        
00001ddd  OrbitOledSetCursor            
00000f53  OrbitOledSetDrawColor         
00000f8d  OrbitOledSetDrawMode          
00000f7d  OrbitOledSetFillPattern       
00001a59  OrbitOledUpdate               
000033df  ResetISR                      
00003413  SSIBusy                       
00003435  SSIClockSourceSet             
000030e1  SSIConfigSetExpClk            
000033c7  SSIDataGet                    
000033f5  SSIDataPut                    
000033ff  SSIEnable                     
00001b19  Ssi3PutByte                   
00002661  SysCtlClockGet                
00002879  SysCtlClockSet                
0000343b  SysCtlDelay                   
00003189  SysCtlPeripheralEnable        
0000332d  SysTickEnable                 
00003341  SysTickIntEnable              
000021d9  SysTickIntHandler             
00003265  SysTickIntRegister            
00003375  SysTickPeriodSet              
00002dd9  TimerConfigure                
00003393  TimerEnable                   
00003409  TimerValueGet                 
00002051  YawInterruptHandler           
200007d0  __STACK_END                   
00000200  __STACK_SIZE                  
200007d0  __STACK_TOP                   
00000010  __SYSMEM_SIZE                 
00003ac0  __TI_CINIT_Base               
00003ad8  __TI_CINIT_Limit              
00003aa0  __TI_Handler_Table_Base       
00003aac  __TI_Handler_Table_Limit      
0000305d  __TI_auto_init_nobinit_nopinit
00002d71  __TI_decompress_lzss          
000033a1  __TI_decompress_none          
ffffffff  __TI_pprof_out_hndl           
ffffffff  __TI_prof_data_size           
ffffffff  __TI_prof_data_start          
00000000  __TI_static_base__            
000033d3  __TI_zero_init                
0000332b  __aeabi_idiv0                 
0000332b  __aeabi_ldiv0                 
00002c1f  __aeabi_memclr                
00002c1f  __aeabi_memclr4               
00002c1f  __aeabi_memclr8               
00002b09  __aeabi_memcpy                
00002b09  __aeabi_memcpy4               
00002b09  __aeabi_memcpy8               
00002c21  __aeabi_memset                
00002c21  __aeabi_memset4               
00002c21  __aeabi_memset8               
000030a1  __aeabi_uidiv                 
000030a1  __aeabi_uidivmod              
ffffffff  __binit__                     
ffffffff  __c_args__                    
UNDEFED   __mpu_init                    
200005d0  __stack                       
20000000  __start___llvm_prf_cnts       
20000000  __stop___llvm_prf_cnts        
000031bd  _c_int00_noargs               
200007d0  _lock                         
00003263  _nop                          
200007e8  _sys_memory                   
UNDEFED   _system_post_cinit            
00003441  _system_pre_init              
200007d4  _unlock                       
00003445  abort                         
00002779  aligned_alloc                 
ffffffff  binit                         
2000058c  bnOledCur                     
00002295  calculateMeanVal              
000020e1  calculateNumChanges           
0000209b  calculateState                
0000311d  calloc                        
00001d5f  checkButton                   
00002385  clearDisplay                  
200005ce  clrOledCur                    
000023cb  displayAlt                    
00002461  displayYaw                    
20000590  dxcoOledFontCur               
20000594  dycoOledFontCur               
20000598  fOledCharUpdate               
0000296d  free                          
00002ae3  freeCircBuf                   
20000000  g_pfnRAMVectors               
00000000  g_pfnVectors                  
000021a7  getYawDecimal                 
0000214b  getYawDegrees                 
000023b5  incAltDisplayMode             
00002251  initADC                       
00001bbd  initButtons                   
00002a51  initCircBuf                   
00002247  initClock                     
0000237d  initDisplay                   
00002227  initSysTick                   
00001fe1  initYaw                       
000022d7  main                          
0000341b  malloc                        
00002779  memalign                      
00002b09  memcpy                        
00002c27  memset                        
2000059c  modOledCur                    
200005a0  pbOledCur                     
200005a4  pbOledFontCur                 
200005a8  pbOledFontUser                
200005ac  pbOledPatCur                  
200005b0  pfnDoRop                      
00002aaf  readCircBuf                   
000039dc  rgbFillPat                    
2000026c  rgbOledBmp                    
00003448  rgbOledFont0                  
2000046c  rgbOledFontUser               
200007e4  slowTick                      
00000751  ulocaltime                    
0000094f  umktime                       
00001c8b  updateButtons                 
00000ec9  urand                         
00000721  usnprintf                     
000006ef  usprintf                      
00000eb9  usrand                        
00000e31  ustrcasecmp                   
00000ea5  ustrcmp                       
00000d35  ustrlen                       
00000d8d  ustrncasecmp                  
00000e45  ustrncmp                      
0000026d  ustrncpy                      
00000d57  ustrstr                       
00000afd  ustrtof                       
000009c5  ustrtoul                      
000002c5  uvsnprintf                    
00002a7b  writeCircBuf                  
200005b4  xchOledCur                    
200005b8  xchOledMax                    
200005bc  xcoOledCur                    
200005c0  ychOledCur                    
200005c4  ychOledMax                    
200005c8  ycoOledCur                    


GLOBAL SYMBOLS: SORTED BY Symbol Address 

address   name                          
-------   ----                          
00000000  __TI_static_base__            
00000000  g_pfnVectors                  
00000010  __SYSMEM_SIZE                 
00000200  __STACK_SIZE                  
0000026d  ustrncpy                      
000002c5  uvsnprintf                    
000006ef  usprintf                      
00000721  usnprintf                     
00000751  ulocaltime                    
0000094f  umktime                       
000009c5  ustrtoul                      
00000afd  ustrtof                       
00000d35  ustrlen                       
00000d57  ustrstr                       
00000d8d  ustrncasecmp                  
00000e31  ustrcasecmp                   
00000e45  ustrncmp                      
00000ea5  ustrcmp                       
00000eb9  usrand                        
00000ec9  urand                         
00000ef1  OrbitOledMoveTo               
00000f37  OrbitOledGetPos               
00000f53  OrbitOledSetDrawColor         
00000f6b  OrbitOledGetStdPattern        
00000f7d  OrbitOledSetFillPattern       
00000f8d  OrbitOledSetDrawMode          
00000fe1  OrbitOledGetDrawMode          
00000fe7  OrbitOledDrawPixel            
00001013  OrbitOledGetPixel             
0000102d  OrbitOledLineTo               
0000112d  OrbitOledDrawRect             
000011b1  OrbitOledFillRect             
000012f5  OrbitOledGetBmp               
00001455  OrbitOledPutBmp               
00001623  OrbitOledDrawChar             
00001683  OrbitOledDrawString           
000016a1  OrbitOledRopSet               
000016cb  OrbitOledRopOr                
000016ef  OrbitOledRopAnd               
00001713  OrbitOledRopXor               
00001741  OrbitOledMoveUp               
00001779  OrbitOledMoveDown             
000017af  OrbitOledMoveLeft             
000017c7  OrbitOledMoveRight            
000017e1  OrbitOledClampXco             
00001801  OrbitOledClampYco             
00001841  OrbitOledInit                 
00001855  OrbitOledHostInit             
0000191f  OrbitOledDvrInit              
00001999  OrbitOledDevInit              
00001a1d  OrbitOledClear                
00001a29  OrbitOledClearBuffer          
00001a59  OrbitOledUpdate               
00001ab3  OrbitOledPutBuffer            
00001b19  Ssi3PutByte                   
00001bbd  initButtons                   
00001c8b  updateButtons                 
00001d5f  checkButton                   
00001ddd  OrbitOledSetCursor            
00001e29  OrbitOledGetCursor            
00001e45  OrbitOledDefUserChar          
00001e95  OrbitOledSetCharUpdate        
00001ead  OrbitOledGetCharUpdate        
00001eb3  OrbitOledPutChar              
00001ed1  OrbitOledPutString            
00001efd  OrbitOledDrawGlyph            
00001f75  OrbitOledAdvanceCursor        
00001fe1  initYaw                       
00002051  YawInterruptHandler           
0000209b  calculateState                
000020e1  calculateNumChanges           
0000214b  getYawDegrees                 
000021a7  getYawDecimal                 
000021d9  SysTickIntHandler             
00002209  ADCIntHandler                 
00002227  initSysTick                   
00002247  initClock                     
00002251  initADC                       
00002295  calculateMeanVal              
000022d7  main                          
0000237d  initDisplay                   
00002385  clearDisplay                  
000023b5  incAltDisplayMode             
000023cb  displayAlt                    
00002461  displayYaw                    
000024f5  GPIOPadConfigSet              
00002661  SysCtlClockGet                
00002779  aligned_alloc                 
00002779  memalign                      
00002879  SysCtlClockSet                
0000296d  free                          
00002a51  initCircBuf                   
00002a7b  writeCircBuf                  
00002aaf  readCircBuf                   
00002ae3  freeCircBuf                   
00002b09  __aeabi_memcpy                
00002b09  __aeabi_memcpy4               
00002b09  __aeabi_memcpy8               
00002b09  memcpy                        
00002ba5  ADCSequenceStepConfigure      
00002c1f  __aeabi_memclr                
00002c1f  __aeabi_memclr4               
00002c1f  __aeabi_memclr8               
00002c21  __aeabi_memset                
00002c21  __aeabi_memset4               
00002c21  __aeabi_memset8               
00002c27  memset                        
00002d09  IntEnable                     
00002d71  __TI_decompress_lzss          
00002dd9  TimerConfigure                
00002e39  DelayInit                     
00002e53  DelayMs                       
00002e95  GPIOIntTypeSet                
00002f3d  ADCSequenceConfigure          
00002f89  GPIOPinConfigure              
00002fd5  OLEDStringDraw                
00002ffb  OLEDInitialise                
0000305d  __TI_auto_init_nobinit_nopinit
000030a1  __aeabi_uidiv                 
000030a1  __aeabi_uidivmod              
000030e1  SSIConfigSetExpClk            
0000311d  calloc                        
00003155  IntRegister                   
00003189  SysCtlPeripheralEnable        
000031bd  _c_int00_noargs               
000031f1  GPIODirModeSet                
00003245  ADCSequenceDataGet            
00003263  _nop                          
00003265  SysTickIntRegister            
0000329d  GPIOPinTypeGPIOOutput         
000032b7  ADCIntRegister                
000032cf  ADCProcessorTrigger           
000032e7  GPIOIntRegister               
000032ff  GPIOPinTypeGPIOInput          
00003315  GPIOPinTypeSSI                
0000332b  __aeabi_idiv0                 
0000332b  __aeabi_ldiv0                 
0000332d  SysTickEnable                 
00003341  SysTickIntEnable              
00003355  ADCIntEnable                  
00003365  IntMasterEnable               
00003375  SysTickPeriodSet              
00003385  ADCSequenceEnable             
00003393  TimerEnable                   
000033a1  __TI_decompress_none          
000033af  CPUcpsie                      
000033bb  GPIOIntEnable                 
000033c7  SSIDataGet                    
000033d3  __TI_zero_init                
000033df  ResetISR                      
000033eb  ADCIntClear                   
000033f5  SSIDataPut                    
000033ff  SSIEnable                     
00003409  TimerValueGet                 
00003413  SSIBusy                       
0000341b  malloc                        
00003423  GPIOIntClear                  
00003429  GPIOPinRead                   
0000342f  GPIOPinWrite                  
00003435  SSIClockSourceSet             
0000343b  SysCtlDelay                   
00003441  _system_pre_init              
00003445  C$$EXIT                       
00003445  abort                         
00003448  rgbOledFont0                  
000039dc  rgbFillPat                    
00003aa0  __TI_Handler_Table_Base       
00003aac  __TI_Handler_Table_Limit      
00003ac0  __TI_CINIT_Base               
00003ad8  __TI_CINIT_Limit              
20000000  __start___llvm_prf_cnts       
20000000  __stop___llvm_prf_cnts        
20000000  g_pfnRAMVectors               
2000026c  rgbOledBmp                    
2000046c  rgbOledFontUser               
2000058c  bnOledCur                     
20000590  dxcoOledFontCur               
20000594  dycoOledFontCur               
20000598  fOledCharUpdate               
2000059c  modOledCur                    
200005a0  pbOledCur                     
200005a4  pbOledFontCur                 
200005a8  pbOledFontUser                
200005ac  pbOledPatCur                  
200005b0  pfnDoRop                      
200005b4  xchOledCur                    
200005b8  xchOledMax                    
200005bc  xcoOledCur                    
200005c0  ychOledCur                    
200005c4  ychOledMax                    
200005c8  ycoOledCur                    
200005ce  clrOledCur                    
200005d0  __stack                       
200007d0  __STACK_END                   
200007d0  __STACK_TOP                   
200007d0  _lock                         
200007d4  _unlock                       
200007e4  slowTick                      
200007e8  _sys_memory                   
ffffffff  __TI_pprof_out_hndl           
ffffffff  __TI_prof_data_size           
ffffffff  __TI_prof_data_start          
ffffffff  __binit__                     
ffffffff  __c_args__                    
ffffffff  binit                         
UNDEFED   __mpu_init                    
UNDEFED   _system_post_cinit            

[207 symbols]
