******************************************************************************
                  TI ARM Linker PC v20.2.7                     
******************************************************************************
>> Linked Mon Apr 29 14:18:02 2024

OUTPUT FILE NAME:   <Helicopter_M1.out>
ENTRY POINT SYMBOL: "_c_int00_noargs"  address: 000030fd


MEMORY CONFIGURATION

         name            origin    length      used     unused   attr    fill
----------------------  --------  ---------  --------  --------  ----  --------
  FLASH                 00000000   00040000  00003a12  0003c5ee  R  X
  SRAM                  20000000   00008000  000007fa  00007806  RW X


SEGMENT ALLOCATION MAP

run origin  load origin   length   init length attrs members
----------  ----------- ---------- ----------- ----- -------
00000000    00000000    00003a18   00003a18    r-x
  00000000    00000000    0000026c   0000026c    r-- .intvecs
  0000026c    0000026c    00003116   00003116    r-x .text
  00003384    00003384    00000648   00000648    r-- .const
  000039d0    000039d0    00000048   00000048    r-- .cinit
20000000    20000000    00000808   00000000    rw-
  20000000    20000000    0000026c   00000000    rw- .vtable
  2000026c    2000026c    00000365   00000000    rw- .bss
  200005d8    200005d8    00000200   00000000    rw- .stack
  200007d8    200007d8    00000019   00000000    rw- .data
  200007f8    200007f8    00000010   00000000    rw- .sysmem


SECTION ALLOCATION MAP

 output                                  attributes/
section   page    origin      length       input sections
--------  ----  ----------  ----------   ----------------
.intvecs   0    00000000    0000026c     
                  00000000    0000026c     tm4c123gh6pm_startup_ccs.obj (.intvecs)

.text      0    0000026c    00003116     
                  0000026c    00000c84     ustdlib.obj (.text)
                  00000ef0    00000950     OrbitOledGrph.obj (.text)
                  00001840    0000037c     OrbitOled.obj (.text)
                  00001bbc    00000220     buttons4.obj (.text)
                  00001ddc    00000204     OrbitOledChar.obj (.text)
                  00001fe0    000001a4     milestone1.obj (.text)
                  00002184    00000178     Display.obj (.text)
                  000022fc    0000016c     driverlib.lib : gpio.obj (.text:GPIOPadConfigSet)
                  00002468    00000138     Yaw.obj (.text)
                  000025a0    00000118     driverlib.lib : sysctl.obj (.text:SysCtlClockGet)
                  000026b8    00000100     rtsv7M4_T_le_v4SPD16_eabi.lib : memory.c.obj (.text:aligned_alloc)
                  000027b8    000000f4     driverlib.lib : sysctl.obj (.text:SysCtlClockSet)
                  000028ac    000000e4     rtsv7M4_T_le_v4SPD16_eabi.lib : memory.c.obj (.text:free)
                  00002990    000000b8     circBufT.obj (.text)
                  00002a48    0000009c     rtsv7M4_T_le_v4SPD16_eabi.lib : memcpy_t2.asm.obj (.text)
                  00002ae4    0000007a     driverlib.lib : adc.obj (.text:ADCSequenceStepConfigure)
                  00002b5e    0000007a     rtsv7M4_T_le_v4SPD16_eabi.lib : memset_t2.asm.obj (.text)
                  00002bd8    00000070                                   : memory.c.obj (.text:split)
                  00002c48    00000068     driverlib.lib : interrupt.obj (.text:IntEnable)
                  00002cb0    00000068     rtsv7M4_T_le_v4SPD16_eabi.lib : copy_decompress_lzss.c.obj (.text:decompress:lzss:__TI_decompress_lzss)
                  00002d18    00000060     driverlib.lib : timer.obj (.text:TimerConfigure)
                  00002d78    0000005c     delay.obj (.text)
                  00002dd4    00000058     driverlib.lib : gpio.obj (.text:GPIOIntTypeSet)
                  00002e2c    00000050                   : adc.obj (.text:_ADCIntNumberGet)
                  00002e7c    0000004c                   : adc.obj (.text:ADCSequenceConfigure)
                  00002ec8    0000004c                   : gpio.obj (.text:GPIOPinConfigure)
                  00002f14    00000044     OrbitOLEDInterface.obj (.text)
                  00002f58    00000044     driverlib.lib : gpio.obj (.text:_GPIOIntNumberGet)
                  00002f9c    00000044     rtsv7M4_T_le_v4SPD16_eabi.lib : autoinit.c.obj (.text:__TI_auto_init_nobinit_nopinit:__TI_auto_init_nobinit_nopinit)
                  00002fe0    00000040                                   : u_divt2.asm.obj (.text)
                  00003020    0000003c     driverlib.lib : ssi.obj (.text:SSIConfigSetExpClk)
                  0000305c    00000038     rtsv7M4_T_le_v4SPD16_eabi.lib : memory.c.obj (.text:calloc)
                  00003094    00000034     driverlib.lib : interrupt.obj (.text:IntRegister)
                  000030c8    00000034                   : sysctl.obj (.text:SysCtlPeripheralEnable)
                  000030fc    00000034     rtsv7M4_T_le_v4SPD16_eabi.lib : boot_cortex_m.c.obj (.text:_c_int00_noargs:_c_int00_noargs)
                  00003130    0000002c     driverlib.lib : gpio.obj (.text:GPIODirModeSet)
                  0000315c    00000028     rtsv7M4_T_le_v4SPD16_eabi.lib : memory.c.obj (.text:free_list_insert)
                  00003184    0000001e     driverlib.lib : adc.obj (.text:ADCSequenceDataGet)
                  000031a2    00000002     rtsv7M4_T_le_v4SPD16_eabi.lib : _lock.c.obj (.text:_nop)
                  000031a4    0000001c     driverlib.lib : systick.obj (.text:SysTickIntRegister)
                  000031c0    0000001c     rtsv7M4_T_le_v4SPD16_eabi.lib : memory.c.obj (.text:free_list_remove)
                  000031dc    0000001a     driverlib.lib : gpio.obj (.text:GPIOPinTypeGPIOOutput)
                  000031f6    00000018                   : adc.obj (.text:ADCIntRegister)
                  0000320e    00000018                   : adc.obj (.text:ADCProcessorTrigger)
                  00003226    00000018                   : gpio.obj (.text:GPIOIntRegister)
                  0000323e    00000016                   : gpio.obj (.text:GPIOPinTypeGPIOInput)
                  00003254    00000016                   : gpio.obj (.text:GPIOPinTypeSSI)
                  0000326a    00000002     rtsv7M4_T_le_v4SPD16_eabi.lib : div0.asm.obj (.text)
                  0000326c    00000014     driverlib.lib : systick.obj (.text:SysTickEnable)
                  00003280    00000014                   : systick.obj (.text:SysTickIntEnable)
                  00003294    00000010                   : adc.obj (.text:ADCIntEnable)
                  000032a4    00000010                   : interrupt.obj (.text:IntMasterEnable)
                  000032b4    00000010                   : systick.obj (.text:SysTickPeriodSet)
                  000032c4    0000000e                   : adc.obj (.text:ADCSequenceEnable)
                  000032d2    0000000e                   : timer.obj (.text:TimerEnable)
                  000032e0    0000000e     rtsv7M4_T_le_v4SPD16_eabi.lib : copy_decompress_none.c.obj (.text:decompress:none:__TI_decompress_none)
                  000032ee    0000000c     driverlib.lib : cpu.obj (.text:CPUcpsie)
                  000032fa    0000000c                   : gpio.obj (.text:GPIOIntEnable)
                  00003306    0000000c                   : ssi.obj (.text:SSIDataGet)
                  00003312    0000000c     rtsv7M4_T_le_v4SPD16_eabi.lib : copy_zero_init.c.obj (.text:decompress:ZI:__TI_zero_init)
                  0000331e    0000000c     tm4c123gh6pm_startup_ccs.obj (.text)
                  0000332a    0000000a     driverlib.lib : adc.obj (.text:ADCIntClear)
                  00003334    0000000a                   : ssi.obj (.text:SSIDataPut)
                  0000333e    0000000a                   : ssi.obj (.text:SSIEnable)
                  00003348    0000000a                   : timer.obj (.text:TimerValueGet)
                  00003352    00000008                   : ssi.obj (.text:SSIBusy)
                  0000335a    00000008     rtsv7M4_T_le_v4SPD16_eabi.lib : memory.c.obj (.text:malloc)
                  00003362    00000006     driverlib.lib : gpio.obj (.text:GPIOPinRead)
                  00003368    00000006                   : gpio.obj (.text:GPIOPinWrite)
                  0000336e    00000006                   : ssi.obj (.text:SSIClockSourceSet)
                  00003374    00000006                   : sysctl.obj (.text:SysCtlDelay)
                  0000337a    00000004     rtsv7M4_T_le_v4SPD16_eabi.lib : pre_init.c.obj (.text:_system_pre_init)
                  0000337e    00000004                                   : exit.c.obj (.text:abort:abort)

.const     0    00003384    00000648     
                  00003384    00000300     ChrFont0.obj (.const:.string:rgbOledFont0)
                  00003684    000000d8     driverlib.lib : gpio.obj (.const:g_ppui32GPIOIntMapSnowflake)
                  0000375c    000000c0                   : gpio.obj (.const:g_ppui32GPIOIntMapBlizzard)
                  0000381c    00000090                   : gpio.obj (.const:g_pui32GPIOBaseAddrs)
                  000038ac    0000006c                   : sysctl.obj (.const:g_pui32Xtals)
                  00003918    00000040     FillPat.obj (.const:.string:rgbFillPat)
                  00003958    00000030     ustdlib.obj (.const:g_psDaysToMonth)
                  00003988    00000018     ustdlib.obj (.const:g_pfExponents)
                  000039a0    00000014     driverlib.lib : interrupt.obj (.const:g_pui32EnRegs)
                  000039b4    00000012     ustdlib.obj (.const:.string)
                  000039c6    00000002     --HOLE-- [fill = 0]
                  000039c8    00000004     ustdlib.obj (.const)

.cinit     0    000039d0    00000048     
                  000039d0    00000010     (.cinit..data.load) [load image, compression = lzss]
                  000039e0    0000000c     (__TI_handler_table)
                  000039ec    00000004     --HOLE-- [fill = 0]
                  000039f0    00000008     (.cinit..bss.load) [load image, compression = zero_init]
                  000039f8    00000008     (.cinit..vtable.load) [load image, compression = zero_init]
                  00003a00    00000018     (__TI_cinit_table)

.init_array 
*          0    00000000    00000000     UNINITIALIZED

.vtable    0    20000000    0000026c     UNINITIALIZED
                  20000000    0000026c     driverlib.lib : interrupt.obj (.vtable)

.bss       0    2000026c    00000365     UNINITIALIZED
                  2000026c    00000200     (.common:rgbOledBmp)
                  2000046c    00000100     (.common:rgbOledFontUser)
                  2000056c    00000010     milestone1.obj (.bss:g_inBuffer)
                  2000057c    00000004     Yaw.obj (.bss)
                  20000580    00000004     buttons4.obj (.bss:but_count)
                  20000584    00000004     buttons4.obj (.bss:but_flag)
                  20000588    00000004     buttons4.obj (.bss:but_normal)
                  2000058c    00000004     buttons4.obj (.bss:but_state)
                  20000590    00000004     (.common:bnOledCur)
                  20000594    00000004     (.common:dxcoOledFontCur)
                  20000598    00000004     (.common:dycoOledFontCur)
                  2000059c    00000004     (.common:fOledCharUpdate)
                  200005a0    00000004     (.common:modOledCur)
                  200005a4    00000004     (.common:pbOledCur)
                  200005a8    00000004     (.common:pbOledFontCur)
                  200005ac    00000004     (.common:pbOledFontUser)
                  200005b0    00000004     (.common:pbOledPatCur)
                  200005b4    00000004     (.common:pfnDoRop)
                  200005b8    00000004     (.common:xchOledCur)
                  200005bc    00000004     (.common:xchOledMax)
                  200005c0    00000004     (.common:xcoOledCur)
                  200005c4    00000004     (.common:ychOledCur)
                  200005c8    00000004     (.common:ychOledMax)
                  200005cc    00000004     (.common:ycoOledCur)
                  200005d0    00000001     (.common:clrOledCur)

.stack     0    200005d8    00000200     UNINITIALIZED
                  200005d8    00000004     rtsv7M4_T_le_v4SPD16_eabi.lib : boot_cortex_m.c.obj (.stack)
                  200005dc    000001fc     --HOLE--

.data      0    200007d8    00000019     UNINITIALIZED
                  200007d8    00000008     rtsv7M4_T_le_v4SPD16_eabi.lib : _lock.c.obj (.data:$O1$$)
                  200007e0    00000008                                   : memory.c.obj (.data:$O1$$)
                  200007e8    00000004     ustdlib.obj (.data)
                  200007ec    00000002     Yaw.obj (.data)
                  200007ee    00000002     milestone1.obj (.data)
                  200007f0    00000001     Display.obj (.data)

.sysmem    0    200007f8    00000010     UNINITIALIZED
                  200007f8    00000010     rtsv7M4_T_le_v4SPD16_eabi.lib : memory.c.obj (.sysmem)

__llvm_prf_cnts 
*          0    20000000    00000000     UNINITIALIZED

MODULE SUMMARY

       Module                         code    ro data   rw data
       ------                         ----    -------   -------
    .\
       ustdlib.obj                    3204    94        4      
       tm4c123gh6pm_startup_ccs.obj   12      620       0      
       buttons4.obj                   544     0         16     
       milestone1.obj                 420     0         18     
       Display.obj                    376     0         1      
       Yaw.obj                        312     0         6      
       circBufT.obj                   184     0         0      
    +--+------------------------------+-------+---------+---------+
       Total:                         5052    714       45     
                                                               
    .\OrbitOLED\
       OrbitOLEDInterface.obj         68      0         0      
    +--+------------------------------+-------+---------+---------+
       Total:                         68      0         0      
                                                               
    .\OrbitOLED\lib_OrbitOled\
       OrbitOledGrph.obj              2384    0         8      
       OrbitOled.obj                  892     0         553    
       OrbitOledChar.obj              516     0         272    
       ChrFont0.obj                   0       768       0      
       delay.obj                      92      0         0      
       FillPat.obj                    0       64        0      
    +--+------------------------------+-------+---------+---------+
       Total:                         3884    832       833    
                                                               
    C:/ti/TivaWare_C_Series-2.2.0.295/driverlib/ccs/Debug/driverlib.lib
       gpio.obj                       758     552       0      
       interrupt.obj                  172     20        620    
       sysctl.obj                     582     108       0      
       adc.obj                        396     0         0      
       timer.obj                      120     0         0      
       ssi.obj                        106     0         0      
       systick.obj                    84      0         0      
       cpu.obj                        12      0         0      
    +--+------------------------------+-------+---------+---------+
       Total:                         2230    680       620    
                                                               
    C:\ti\ccs1250\ccs\tools\compiler\ti-cgt-arm_20.2.7.LTS\lib\rtsv7M4_T_le_v4SPD16_eabi.lib
       memory.c.obj                   728     0         8      
       memcpy_t2.asm.obj              156     0         0      
       memset_t2.asm.obj              122     0         0      
       copy_decompress_lzss.c.obj     104     0         0      
       autoinit.c.obj                 68      0         0      
       u_divt2.asm.obj                64      0         0      
       boot_cortex_m.c.obj            52      0         0      
       copy_decompress_none.c.obj     14      0         0      
       copy_zero_init.c.obj           12      0         0      
       _lock.c.obj                    2       0         8      
       exit.c.obj                     4       0         0      
       pre_init.c.obj                 4       0         0      
       div0.asm.obj                   2       0         0      
    +--+------------------------------+-------+---------+---------+
       Total:                         1332    0         16     
                                                               
       Heap:                          0       0         16     
       Stack:                         0       0         512    
       Linker Generated:              0       68        0      
    +--+------------------------------+-------+---------+---------+
       Grand Total:                   12566   2294      2042   


LINKER GENERATED COPY TABLES

__TI_cinit_table @ 00003a00 records: 3, size/record: 8, table size: 24
	.data: load addr=000039d0, load size=00000010 bytes, run addr=200007d8, run size=00000019 bytes, compression=lzss
	.bss: load addr=000039f0, load size=00000008 bytes, run addr=2000026c, run size=00000365 bytes, compression=zero_init
	.vtable: load addr=000039f8, load size=00000008 bytes, run addr=20000000, run size=0000026c bytes, compression=zero_init


LINKER GENERATED HANDLER TABLE

__TI_handler_table @ 000039e0 records: 3, size/record: 4, table size: 12
	index: 0, handler: __TI_zero_init
	index: 1, handler: __TI_decompress_lzss
	index: 2, handler: __TI_decompress_none


GLOBAL SYMBOLS: SORTED ALPHABETICALLY BY Name 

address   name                          
-------   ----                          
0000332b  ADCIntClear                   
00003295  ADCIntEnable                  
00002011  ADCIntHandler                 
000031f7  ADCIntRegister                
0000320f  ADCProcessorTrigger           
00002e7d  ADCSequenceConfigure          
00003185  ADCSequenceDataGet            
000032c5  ADCSequenceEnable             
00002ae5  ADCSequenceStepConfigure      
0000337f  C$$EXIT                       
000032ef  CPUcpsie                      
00002d79  DelayInit                     
00002d93  DelayMs                       
00003131  GPIODirModeSet                
000032fb  GPIOIntEnable                 
00003227  GPIOIntRegister               
00002dd5  GPIOIntTypeSet                
000022fd  GPIOPadConfigSet              
00002ec9  GPIOPinConfigure              
00003363  GPIOPinRead                   
0000323f  GPIOPinTypeGPIOInput          
000031dd  GPIOPinTypeGPIOOutput         
00003255  GPIOPinTypeSSI                
00003369  GPIOPinWrite                  
00002c49  IntEnable                     
000032a5  IntMasterEnable               
00003095  IntRegister                   
00002f3b  OLEDInitialise                
00002f15  OLEDStringDraw                
00001f75  OrbitOledAdvanceCursor        
000017e1  OrbitOledClampXco             
00001801  OrbitOledClampYco             
00001a1d  OrbitOledClear                
00001a29  OrbitOledClearBuffer          
00001e45  OrbitOledDefUserChar          
00001999  OrbitOledDevInit              
00001623  OrbitOledDrawChar             
00001efd  OrbitOledDrawGlyph            
00000fe7  OrbitOledDrawPixel            
0000112d  OrbitOledDrawRect             
00001683  OrbitOledDrawString           
0000191f  OrbitOledDvrInit              
000011b1  OrbitOledFillRect             
000012f5  OrbitOledGetBmp               
00001ead  OrbitOledGetCharUpdate        
00001e29  OrbitOledGetCursor            
00000fe1  OrbitOledGetDrawMode          
00001013  OrbitOledGetPixel             
00000f37  OrbitOledGetPos               
00000f6b  OrbitOledGetStdPattern        
00001855  OrbitOledHostInit             
00001841  OrbitOledInit                 
0000102d  OrbitOledLineTo               
00001779  OrbitOledMoveDown             
000017af  OrbitOledMoveLeft             
000017c7  OrbitOledMoveRight            
00000ef1  OrbitOledMoveTo               
00001741  OrbitOledMoveUp               
00001455  OrbitOledPutBmp               
00001ab3  OrbitOledPutBuffer            
00001eb3  OrbitOledPutChar              
00001ed1  OrbitOledPutString            
000016ef  OrbitOledRopAnd               
000016cb  OrbitOledRopOr                
000016a1  OrbitOledRopSet               
00001713  OrbitOledRopXor               
00001e95  OrbitOledSetCharUpdate        
00001ddd  OrbitOledSetCursor            
00000f53  OrbitOledSetDrawColor         
00000f8d  OrbitOledSetDrawMode          
00000f7d  OrbitOledSetFillPattern       
00001a59  OrbitOledUpdate               
0000331f  ResetISR                      
00003353  SSIBusy                       
0000336f  SSIClockSourceSet             
00003021  SSIConfigSetExpClk            
00003307  SSIDataGet                    
00003335  SSIDataPut                    
0000333f  SSIEnable                     
00001b19  Ssi3PutByte                   
000025a1  SysCtlClockGet                
000027b9  SysCtlClockSet                
00003375  SysCtlDelay                   
000030c9  SysCtlPeripheralEnable        
0000326d  SysTickEnable                 
00003281  SysTickIntEnable              
00001fe1  SysTickIntHandler             
000031a5  SysTickIntRegister            
000032b5  SysTickPeriodSet              
00002d19  TimerConfigure                
000032d3  TimerEnable                   
00003349  TimerValueGet                 
0000249f  YawInterruptHandler           
200007d8  __STACK_END                   
00000200  __STACK_SIZE                  
200007d8  __STACK_TOP                   
00000010  __SYSMEM_SIZE                 
00003a00  __TI_CINIT_Base               
00003a18  __TI_CINIT_Limit              
000039e0  __TI_Handler_Table_Base       
000039ec  __TI_Handler_Table_Limit      
00002f9d  __TI_auto_init_nobinit_nopinit
00002cb1  __TI_decompress_lzss          
000032e1  __TI_decompress_none          
ffffffff  __TI_pprof_out_hndl           
ffffffff  __TI_prof_data_size           
ffffffff  __TI_prof_data_start          
00000000  __TI_static_base__            
00003313  __TI_zero_init                
0000326b  __aeabi_idiv0                 
0000326b  __aeabi_ldiv0                 
00002b5f  __aeabi_memclr                
00002b5f  __aeabi_memclr4               
00002b5f  __aeabi_memclr8               
00002a49  __aeabi_memcpy                
00002a49  __aeabi_memcpy4               
00002a49  __aeabi_memcpy8               
00002b61  __aeabi_memset                
00002b61  __aeabi_memset4               
00002b61  __aeabi_memset8               
00002fe1  __aeabi_uidiv                 
00002fe1  __aeabi_uidivmod              
ffffffff  __binit__                     
ffffffff  __c_args__                    
UNDEFED   __mpu_init                    
200005d8  __stack                       
20000000  __start___llvm_prf_cnts       
20000000  __stop___llvm_prf_cnts        
000030fd  _c_int00_noargs               
200007d8  _lock                         
000031a3  _nop                          
200007f8  _sys_memory                   
UNDEFED   _system_post_cinit            
0000337b  _system_pre_init              
200007dc  _unlock                       
0000337f  abort                         
000026b9  aligned_alloc                 
ffffffff  binit                         
20000590  bnOledCur                     
0000209d  calculateMeanVal              
0000250b  calculateYaw                  
0000305d  calloc                        
00001d5f  checkButton                   
0000218d  clearDisplay                  
200005d0  clrOledCur                    
000021d3  displayAlt                    
00002269  displayYaw                    
20000594  dxcoOledFontCur               
20000598  dycoOledFontCur               
2000059c  fOledCharUpdate               
000028ad  free                          
00002a23  freeCircBuf                   
20000000  g_pfnRAMVectors               
00000000  g_pfnVectors                  
00002567  getYawDecimal                 
0000254f  getYawDegrees                 
000021bd  incAltDisplayMode             
00002059  initADC                       
00001bbd  initButtons                   
00002991  initCircBuf                   
0000204f  initClock                     
00002185  initDisplay                   
0000202f  initSysTick                   
00002469  initYaw                       
000020df  main                          
0000335b  malloc                        
000026b9  memalign                      
00002a49  memcpy                        
00002b67  memset                        
200005a0  modOledCur                    
200005a4  pbOledCur                     
200005a8  pbOledFontCur                 
200005ac  pbOledFontUser                
200005b0  pbOledPatCur                  
200005b4  pfnDoRop                      
000029ef  readCircBuf                   
00003918  rgbFillPat                    
2000026c  rgbOledBmp                    
00003384  rgbOledFont0                  
2000046c  rgbOledFontUser               
200007ee  slowTick                      
00000751  ulocaltime                    
0000094f  umktime                       
00001c8b  updateButtons                 
00000ec9  urand                         
00000721  usnprintf                     
000006ef  usprintf                      
00000eb9  usrand                        
00000e31  ustrcasecmp                   
00000ea5  ustrcmp                       
00000d35  ustrlen                       
00000d8d  ustrncasecmp                  
00000e45  ustrncmp                      
0000026d  ustrncpy                      
00000d57  ustrstr                       
00000afd  ustrtof                       
000009c5  ustrtoul                      
000002c5  uvsnprintf                    
000029bb  writeCircBuf                  
200005b8  xchOledCur                    
200005bc  xchOledMax                    
200005c0  xcoOledCur                    
200005c4  ychOledCur                    
200005c8  ychOledMax                    
200005cc  ycoOledCur                    


GLOBAL SYMBOLS: SORTED BY Symbol Address 

address   name                          
-------   ----                          
00000000  __TI_static_base__            
00000000  g_pfnVectors                  
00000010  __SYSMEM_SIZE                 
00000200  __STACK_SIZE                  
0000026d  ustrncpy                      
000002c5  uvsnprintf                    
000006ef  usprintf                      
00000721  usnprintf                     
00000751  ulocaltime                    
0000094f  umktime                       
000009c5  ustrtoul                      
00000afd  ustrtof                       
00000d35  ustrlen                       
00000d57  ustrstr                       
00000d8d  ustrncasecmp                  
00000e31  ustrcasecmp                   
00000e45  ustrncmp                      
00000ea5  ustrcmp                       
00000eb9  usrand                        
00000ec9  urand                         
00000ef1  OrbitOledMoveTo               
00000f37  OrbitOledGetPos               
00000f53  OrbitOledSetDrawColor         
00000f6b  OrbitOledGetStdPattern        
00000f7d  OrbitOledSetFillPattern       
00000f8d  OrbitOledSetDrawMode          
00000fe1  OrbitOledGetDrawMode          
00000fe7  OrbitOledDrawPixel            
00001013  OrbitOledGetPixel             
0000102d  OrbitOledLineTo               
0000112d  OrbitOledDrawRect             
000011b1  OrbitOledFillRect             
000012f5  OrbitOledGetBmp               
00001455  OrbitOledPutBmp               
00001623  OrbitOledDrawChar             
00001683  OrbitOledDrawString           
000016a1  OrbitOledRopSet               
000016cb  OrbitOledRopOr                
000016ef  OrbitOledRopAnd               
00001713  OrbitOledRopXor               
00001741  OrbitOledMoveUp               
00001779  OrbitOledMoveDown             
000017af  OrbitOledMoveLeft             
000017c7  OrbitOledMoveRight            
000017e1  OrbitOledClampXco             
00001801  OrbitOledClampYco             
00001841  OrbitOledInit                 
00001855  OrbitOledHostInit             
0000191f  OrbitOledDvrInit              
00001999  OrbitOledDevInit              
00001a1d  OrbitOledClear                
00001a29  OrbitOledClearBuffer          
00001a59  OrbitOledUpdate               
00001ab3  OrbitOledPutBuffer            
00001b19  Ssi3PutByte                   
00001bbd  initButtons                   
00001c8b  updateButtons                 
00001d5f  checkButton                   
00001ddd  OrbitOledSetCursor            
00001e29  OrbitOledGetCursor            
00001e45  OrbitOledDefUserChar          
00001e95  OrbitOledSetCharUpdate        
00001ead  OrbitOledGetCharUpdate        
00001eb3  OrbitOledPutChar              
00001ed1  OrbitOledPutString            
00001efd  OrbitOledDrawGlyph            
00001f75  OrbitOledAdvanceCursor        
00001fe1  SysTickIntHandler             
00002011  ADCIntHandler                 
0000202f  initSysTick                   
0000204f  initClock                     
00002059  initADC                       
0000209d  calculateMeanVal              
000020df  main                          
00002185  initDisplay                   
0000218d  clearDisplay                  
000021bd  incAltDisplayMode             
000021d3  displayAlt                    
00002269  displayYaw                    
000022fd  GPIOPadConfigSet              
00002469  initYaw                       
0000249f  YawInterruptHandler           
0000250b  calculateYaw                  
0000254f  getYawDegrees                 
00002567  getYawDecimal                 
000025a1  SysCtlClockGet                
000026b9  aligned_alloc                 
000026b9  memalign                      
000027b9  SysCtlClockSet                
000028ad  free                          
00002991  initCircBuf                   
000029bb  writeCircBuf                  
000029ef  readCircBuf                   
00002a23  freeCircBuf                   
00002a49  __aeabi_memcpy                
00002a49  __aeabi_memcpy4               
00002a49  __aeabi_memcpy8               
00002a49  memcpy                        
00002ae5  ADCSequenceStepConfigure      
00002b5f  __aeabi_memclr                
00002b5f  __aeabi_memclr4               
00002b5f  __aeabi_memclr8               
00002b61  __aeabi_memset                
00002b61  __aeabi_memset4               
00002b61  __aeabi_memset8               
00002b67  memset                        
00002c49  IntEnable                     
00002cb1  __TI_decompress_lzss          
00002d19  TimerConfigure                
00002d79  DelayInit                     
00002d93  DelayMs                       
00002dd5  GPIOIntTypeSet                
00002e7d  ADCSequenceConfigure          
00002ec9  GPIOPinConfigure              
00002f15  OLEDStringDraw                
00002f3b  OLEDInitialise                
00002f9d  __TI_auto_init_nobinit_nopinit
00002fe1  __aeabi_uidiv                 
00002fe1  __aeabi_uidivmod              
00003021  SSIConfigSetExpClk            
0000305d  calloc                        
00003095  IntRegister                   
000030c9  SysCtlPeripheralEnable        
000030fd  _c_int00_noargs               
00003131  GPIODirModeSet                
00003185  ADCSequenceDataGet            
000031a3  _nop                          
000031a5  SysTickIntRegister            
000031dd  GPIOPinTypeGPIOOutput         
000031f7  ADCIntRegister                
0000320f  ADCProcessorTrigger           
00003227  GPIOIntRegister               
0000323f  GPIOPinTypeGPIOInput          
00003255  GPIOPinTypeSSI                
0000326b  __aeabi_idiv0                 
0000326b  __aeabi_ldiv0                 
0000326d  SysTickEnable                 
00003281  SysTickIntEnable              
00003295  ADCIntEnable                  
000032a5  IntMasterEnable               
000032b5  SysTickPeriodSet              
000032c5  ADCSequenceEnable             
000032d3  TimerEnable                   
000032e1  __TI_decompress_none          
000032ef  CPUcpsie                      
000032fb  GPIOIntEnable                 
00003307  SSIDataGet                    
00003313  __TI_zero_init                
0000331f  ResetISR                      
0000332b  ADCIntClear                   
00003335  SSIDataPut                    
0000333f  SSIEnable                     
00003349  TimerValueGet                 
00003353  SSIBusy                       
0000335b  malloc                        
00003363  GPIOPinRead                   
00003369  GPIOPinWrite                  
0000336f  SSIClockSourceSet             
00003375  SysCtlDelay                   
0000337b  _system_pre_init              
0000337f  C$$EXIT                       
0000337f  abort                         
00003384  rgbOledFont0                  
00003918  rgbFillPat                    
000039e0  __TI_Handler_Table_Base       
000039ec  __TI_Handler_Table_Limit      
00003a00  __TI_CINIT_Base               
00003a18  __TI_CINIT_Limit              
20000000  __start___llvm_prf_cnts       
20000000  __stop___llvm_prf_cnts        
20000000  g_pfnRAMVectors               
2000026c  rgbOledBmp                    
2000046c  rgbOledFontUser               
20000590  bnOledCur                     
20000594  dxcoOledFontCur               
20000598  dycoOledFontCur               
2000059c  fOledCharUpdate               
200005a0  modOledCur                    
200005a4  pbOledCur                     
200005a8  pbOledFontCur                 
200005ac  pbOledFontUser                
200005b0  pbOledPatCur                  
200005b4  pfnDoRop                      
200005b8  xchOledCur                    
200005bc  xchOledMax                    
200005c0  xcoOledCur                    
200005c4  ychOledCur                    
200005c8  ychOledMax                    
200005cc  ycoOledCur                    
200005d0  clrOledCur                    
200005d8  __stack                       
200007d8  __STACK_END                   
200007d8  __STACK_TOP                   
200007d8  _lock                         
200007dc  _unlock                       
200007ee  slowTick                      
200007f8  _sys_memory                   
ffffffff  __TI_pprof_out_hndl           
ffffffff  __TI_prof_data_size           
ffffffff  __TI_prof_data_start          
ffffffff  __binit__                     
ffffffff  __c_args__                    
ffffffff  binit                         
UNDEFED   __mpu_init                    
UNDEFED   _system_post_cinit            

[205 symbols]
